212.92.232.129 - - [21/Nov/2015:00:50:47 -0800] "GET /logs/access_130930.log HTTP/1.1" 404 73 "http://fincar5.aircus.com/" "Opera/9.80 (Windows NT 6.1; U; ru) Presto/2.10.289 Version/12.02" "redlug.com"
212.92.232.129 - - [21/Nov/2015:00:50:47 -0800] "GET /logs/access_130930.log HTTP/1.1" 404 73 "http://fincar5.aircus.com/" "Mozilla/5.0 (Windows NT 5.1) AppleWebKit/536.11 (KHTML, like Gecko) Chrome/20.0.1132.57 Safari/536.11" "redlug.com"
212.92.232.129 - - [21/Nov/2015:00:50:48 -0800] "GET /access_130930.log HTTP/1.1" 404 73 "http://fincar5.aircus.com/" "Mozilla/5.0 (Windows NT 5.1) AppleWebKit/536.11 (KHTML, like Gecko) Chrome/20.0.1132.57 Safari/536.11" "redlug.com"
212.92.232.129 - - [21/Nov/2015:00:50:49 -0800] "GET /logs/access_130930.log HTTP/1.1" 404 73 "http://fincar5.aircus.com/" "Opera/9.80 (Windows NT 5.1; MRA 6.0 (build 5831)) Presto/2.12.388 Version/12.10" "redlug.com"
212.92.232.129 - - [21/Nov/2015:00:50:50 -0800] "GET /access_130930.log HTTP/1.1" 404 73 "http://fincar5.aircus.com/" "Opera/9.80 (Windows NT 5.1; MRA 6.0 (build 5831)) Presto/2.12.388 Version/12.10" "redlug.com"
212.92.232.129 - - [21/Nov/2015:00:50:51 -0800] "GET /logs/access_130930.log HTTP/1.1" 404 73 "http://fincar5.aircus.com/" "Mozilla/5.0 (Windows NT 6.1; WOW64; rv:15.0) Gecko/20100101 Firefox/15.0.1" "redlug.com"
212.92.232.129 - - [21/Nov/2015:00:50:53 -0800] "GET /access_130930.log HTTP/1.1" 404 73 "http://fincar5.aircus.com/" "Mozilla/5.0 (Windows NT 6.1; WOW64; rv:15.0) Gecko/20100101 Firefox/15.0.1" "redlug.com"
40.77.167.21 - - [21/Nov/2015:00:51:02 -0800] "GET /robots.txt HTTP/1.1" 200 37 "-" "Mozilla/5.0 (compatible; bingbot/2.0; +http://www.bing.com/bingbot.htm)" "redlug.com"
151.80.31.144 - - [21/Nov/2015:00:53:21 -0800] "GET /Assorted/?C=M;O=D HTTP/1.1" 200 1207 "-" "Mozilla/5.0 (compatible; AhrefsBot/5.0; +http://ahrefs.com/robot/)" "redlug.com"
157.55.39.28 - - [21/Nov/2015:00:55:11 -0800] "GET /logs/access_141006.log HTTP/1.1" 200 555527 "-" "Mozilla/5.0 (compatible; bingbot/2.0; +http://www.bing.com/bingbot.htm)" "redlug.com"
123.28.31.25 - - [21/Nov/2015:00:55:46 -0800] "POST /123321.php HTTP/1.1" 404 73 "-" "gSOAP/2.7" "redlug.com"
40.77.167.21 - - [21/Nov/2015:00:56:55 -0800] "GET /Assorted/NUMSmith.htm HTTP/1.1" 200 5640 "-" "Mozilla/5.0 (compatible; bingbot/2.0; +http://www.bing.com/bingbot.htm)" "redlug.com"
151.80.31.144 - - [21/Nov/2015:00:59:32 -0800] "GET /cwi/CWIvDSP.htm HTTP/1.1" 200 28245 "-" "Mozilla/5.0 (compatible; AhrefsBot/5.0; +http://ahrefs.com/robot/)" "www.redlug.com"
123.28.31.25 - - [21/Nov/2015:01:00:46 -0800] "POST /123321.php HTTP/1.1" 404 73 "-" "gSOAP/2.7" "redlug.com"
31.184.238.87 - - [21/Nov/2015:01:01:15 -0800] "GET /logs/access.log HTTP/1.1" 200 451564 "http://tamoxifen-order-discount.over-blog.com/2014/04/purchase-generic-tamoxifen-tamoxifen-first-order.html" "Mozilla/5.0 (Windows NT 6.1; WOW64; rv:27.0) Gecko/20100101 Firefox/27.0" "redlug.com"
31.184.238.87 - - [21/Nov/2015:01:03:38 -0800] "GET /logs/access.log HTTP/1.1" 200 451852 "http://loxitanezq0.forumcircle.com" "Mozilla/5.0 (Windows NT 6.0) AppleWebKit/537.36 (KHTML, like Gecko) Chrome/33.0.1750.146 Safari/537.36" "redlug.com"
123.28.31.25 - - [21/Nov/2015:01:05:46 -0800] "POST /123321.php HTTP/1.1" 404 73 "-" "gSOAP/2.7" "redlug.com"
65.254.5.244 - - [21/Nov/2015:01:09:42 -0800] "GET /pdf/che_sos.pdf HTTP/1.1" 200 207560 "http://www.google.com/url?sa=t&rct=j&q=&esrc=s&frm=1&source=web&cd=2&ved=0ahUKEwiZ1KnNkaHJAhVHRSYKHbNBCq8QFgglMAE&url=http%3A%2F%2Fredlug.com%2Fpdf%2Fche_sos.pdf&usg=AFQjCNHQalH8Psq1hYH3lSkgJKtXNsW2jA" "Mozilla/5.0 (compatible; MSIE 9.0; Windows NT 6.1; WOW64; Trident/5.0)" "redlug.com"
123.28.31.25 - - [21/Nov/2015:01:10:46 -0800] "POST /123321.php HTTP/1.1" 404 73 "-" "gSOAP/2.7" "redlug.com"
207.46.13.88 - - [21/Nov/2015:01:11:09 -0800] "GET /robots.txt HTTP/1.1" 200 37 "-" "Mozilla/5.0 (compatible; bingbot/2.0; +http://www.bing.com/bingbot.htm)" "redlug.com"
31.184.238.87 - - [21/Nov/2015:01:15:32 -0800] "GET /logs/access.log HTTP/1.1" 200 452866 "http://ordercyproheptadine4mgquickdelivery.soup.io" "Mozilla/5.0 (Windows NT 6.1) AppleWebKit/537.36 (KHTML, like Gecko) Chrome/30.0.1599.12785 YaBrowser/13.12.1599.12785 Safari/537.36" "redlug.com"
123.28.31.25 - - [21/Nov/2015:01:15:46 -0800] "POST /123321.php HTTP/1.1" 404 73 "-" "gSOAP/2.7" "redlug.com"
212.92.232.129 - - [21/Nov/2015:01:18:07 -0800] "GET /logs/access_130930.log HTTP/1.1" 404 73 "http://clindamycin.brushd.com/" "Opera/9.80 (Windows NT 6.1; WOW64; U; MRA 8.0 (build 5880); ru) Presto/2.10.289 Version/12.02" "redlug.com"
212.92.232.129 - - [21/Nov/2015:01:18:08 -0800] "GET /logs/access_130930.log HTTP/1.1" 404 73 "http://clindamycin.brushd.com/" "Opera/9.80 (Windows NT 6.1; WOW64; U; Edition Next; Edition Yx; ru) Presto/2.11.310 Version/12.50" "redlug.com"
212.92.232.129 - - [21/Nov/2015:01:18:09 -0800] "GET /access_130930.log HTTP/1.1" 404 73 "http://clindamycin.brushd.com/" "Opera/9.80 (Windows NT 6.1; WOW64; U; Edition Next; Edition Yx; ru) Presto/2.11.310 Version/12.50" "redlug.com"
212.92.232.129 - - [21/Nov/2015:01:18:10 -0800] "GET /logs/access_130930.log HTTP/1.1" 404 73 "http://clindamycin.brushd.com/" "Mozilla/5.0 (Windows NT 6.1; rv:14.0) Gecko/20100101 Firefox/14.0.1" "redlug.com"
212.92.232.129 - - [21/Nov/2015:01:18:11 -0800] "GET /access_130930.log HTTP/1.1" 404 73 "http://clindamycin.brushd.com/" "Mozilla/5.0 (Windows NT 6.1; rv:14.0) Gecko/20100101 Firefox/14.0.1" "redlug.com"
212.92.232.129 - - [21/Nov/2015:01:18:16 -0800] "GET /logs/access_130930.log HTTP/1.1" 404 73 "http://clindamycin.brushd.com/" "Mozilla/5.0 (Windows NT 6.1) AppleWebKit/537.11 (KHTML, like Gecko) Chrome/23.0.1271.95 Safari/537.11" "redlug.com"
212.92.232.129 - - [21/Nov/2015:01:18:17 -0800] "GET /access_130930.log HTTP/1.1" 404 73 "http://clindamycin.brushd.com/" "Mozilla/5.0 (Windows NT 6.1) AppleWebKit/537.11 (KHTML, like Gecko) Chrome/23.0.1271.95 Safari/537.11" "redlug.com"
123.28.31.25 - - [21/Nov/2015:01:20:46 -0800] "POST /123321.php HTTP/1.1" 404 73 "-" "gSOAP/2.7" "redlug.com"
208.115.113.86 - - [21/Nov/2015:01:21:45 -0800] "GET /paperarticles/0302Elections.htm HTTP/1.1" 200 5713 "-" "Mozilla/5.0 (compatible; DotBot/1.1; http://www.opensiteexplorer.org/dotbot, help@moz.com)" "www.redlug.com"
208.115.113.86 - - [21/Nov/2015:01:21:45 -0800] "GET /paper2003/0306France.htm HTTP/1.1" 200 9069 "-" "Mozilla/5.0 (compatible; DotBot/1.1; http://www.opensiteexplorer.org/dotbot, help@moz.com)" "www.redlug.com"
208.115.113.86 - - [21/Nov/2015:01:21:45 -0800] "GET /YaW/DayXPoster2.htm HTTP/1.1" 200 9639 "-" "Mozilla/5.0 (compatible; DotBot/1.1; http://www.opensiteexplorer.org/dotbot, help@moz.com)" "www.redlug.com"
208.115.113.86 - - [21/Nov/2015:01:21:45 -0800] "GET /Struggle-FBU.htm HTTP/1.1" 200 15783 "-" "Mozilla/5.0 (compatible; DotBot/1.1; http://www.opensiteexplorer.org/dotbot, help@moz.com)" "www.redlug.com"
208.115.113.86 - - [21/Nov/2015:01:21:45 -0800] "GET /Socialist/06/Contents18.htm HTTP/1.1" 200 3431 "-" "Mozilla/5.0 (compatible; DotBot/1.1; http://www.opensiteexplorer.org/dotbot, help@moz.com)" "www.redlug.com"
208.115.113.86 - - [21/Nov/2015:01:21:45 -0800] "GET /Documents/ColdWar.htm HTTP/1.1" 200 9396 "-" "Mozilla/5.0 (compatible; DotBot/1.1; http://www.opensiteexplorer.org/dotbot, help@moz.com)" "www.redlug.com"
208.115.113.86 - - [21/Nov/2015:01:21:46 -0800] "GET /Documents/0508IRA.htm HTTP/1.1" 200 9858 "-" "Mozilla/5.0 (compatible; DotBot/1.1; http://www.opensiteexplorer.org/dotbot, help@moz.com)" "www.redlug.com"
208.115.113.86 - - [21/Nov/2015:01:21:46 -0800] "GET /Archive/1974UWC.htm HTTP/1.1" 200 16627 "-" "Mozilla/5.0 (compatible; DotBot/1.1; http://www.opensiteexplorer.org/dotbot, help@moz.com)" "www.redlug.com"
207.46.13.88 - - [21/Nov/2015:01:21:55 -0800] "GET /LabHist/1912.htm HTTP/1.1" 200 3601 "-" "Mozilla/5.0 (compatible; bingbot/2.0; +http://www.bing.com/bingbot.htm)" "redlug.com"
207.46.13.88 - - [21/Nov/2015:01:21:55 -0800] "GET /LabHist/StalinistPurges.htm HTTP/1.1" 200 3700 "-" "Mozilla/5.0 (compatible; bingbot/2.0; +http://www.bing.com/bingbot.htm)" "redlug.com"
151.80.31.144 - - [21/Nov/2015:01:23:38 -0800] "GET /temp/MaoReview.htm HTTP/1.1" 200 7515 "-" "Mozilla/5.0 (compatible; AhrefsBot/5.0; +http://ahrefs.com/robot/)" "redlug.com"
123.28.31.25 - - [21/Nov/2015:01:25:46 -0800] "POST /123321.php HTTP/1.1" 404 73 "-" "gSOAP/2.7" "redlug.com"
151.80.31.144 - - [21/Nov/2015:01:27:18 -0800] "GET /socview/0403Mars.htm HTTP/1.1" 200 4587 "-" "Mozilla/5.0 (compatible; AhrefsBot/5.0; +http://ahrefs.com/robot/)" "www.redlug.com"
207.46.13.88 - - [21/Nov/2015:01:27:44 -0800] "GET /Documents/040127notes.htm HTTP/1.1" 200 1720 "-" "Mozilla/5.0 (compatible; bingbot/2.0; +http://www.bing.com/bingbot.htm)" "redlug.com"
31.184.238.87 - - [21/Nov/2015:01:29:30 -0800] "GET /logs/access.log HTTP/1.1" 200 457696 "http://orderallopurinol300mgfastshipping.soup.io" "Opera/9.80 (Windows NT 6.1; Win64; x64) Presto/2.12.388 Version/12.16" "redlug.com"
196.202.158.104 - - [21/Nov/2015:01:30:06 -0800] "GET /pdf/che_sos.pdf HTTP/1.1" 200 207560 "-" "Mozilla/5.0 Gecko/20100115 Firefox/3.6" "redlug.com"
196.202.158.104 - - [21/Nov/2015:01:30:06 -0800] "GET /pdf/che_sos.pdf HTTP/1.1" 304 - "-" "Mozilla/5.0 Gecko/20100115 Firefox/3.6" "redlug.com"
123.28.31.25 - - [21/Nov/2015:01:30:46 -0800] "POST /123321.php HTTP/1.1" 404 73 "-" "gSOAP/2.7" "redlug.com"
31.184.238.87 - - [21/Nov/2015:01:32:01 -0800] "GET /logs/access.log HTTP/1.1" 200 458327 "http://www.theknot.com/wedding/lamictal-and-discount" "Mozilla/5.0 (Windows NT 6.1; WOW64) AppleWebKit/537.36 (KHTML, like Gecko) Chrome/31.0.1650.63 Safari/537.36 OPR/18.0.1284.68" "redlug.com"
107.153.45.231 - - [21/Nov/2015:01:33:38 -0800] "GET /logs/access.log HTTP/1.1" 200 27878 "http://redlug.com/" "Mozilla/5.0 (Windows NT 6.3; WOW64; rv:35.0) Gecko/20100101 Firefox/35.0" "redlug.com"
107.153.45.231 - - [21/Nov/2015:01:33:40 -0800] "GET /wp-login.php?action=register HTTP/1.1" 404 88 "http://redlug.com/" "Opera/9.80 (Windows NT 6.2; Win64; x64) Presto/2.12.388 Version/12.17" "redlug.com"
107.153.45.231 - - [21/Nov/2015:01:33:40 -0800] "GET /wp-login.php?action=register HTTP/1.1" 404 88 "http://redlug.com/wp-login.php?action=register" "Opera/9.80 (Windows NT 6.2; Win64; x64) Presto/2.12.388 Version/12.17" "redlug.com"
157.55.39.23 - - [21/Nov/2015:01:34:47 -0800] "GET /robots.txt HTTP/1.1" 200 37 "-" "Mozilla/5.0 (compatible; bingbot/2.0; +http://www.bing.com/bingbot.htm)" "redlug.com"
37.132.69.130 - - [21/Nov/2015:01:35:43 -0800] "GET /logs/access.log HTTP/1.1" 200 27934 "https://www.google.es/" "Mozilla/5.0 (Macintosh; Intel Mac OS X 10_10_2) AppleWebKit/537.36 (KHTML, like Gecko) Chrome/46.0.2490.86 Safari/537.36" "redlug.com"
123.28.31.25 - - [21/Nov/2015:01:35:46 -0800] "POST /123321.php HTTP/1.1" 404 73 "-" "gSOAP/2.7" "redlug.com"
151.80.31.144 - - [21/Nov/2015:01:36:47 -0800] "GET /Documents/Soros.htm HTTP/1.1" 200 3925 "-" "Mozilla/5.0 (compatible; AhrefsBot/5.0; +http://ahrefs.com/robot/)" "redlug.com"
221.7.228.138 - - [21/Nov/2015:01:38:57 -0800] "GET /logs/access.log HTTP/1.1" 200 28011 "http://redlug.com/" "Mozilla/5.0 (Windows NT 6.3; WOW64; rv:35.0) Gecko/20100101 Firefox/35.0" "redlug.com"
221.7.228.138 - - [21/Nov/2015:01:39:07 -0800] "GET /wp-login.php?action=register HTTP/1.1" 404 88 "http://redlug.com/" "Opera/9.80 (Windows NT 6.2; Win64; x64) Presto/2.12.388 Version/12.17" "redlug.com"
221.7.228.138 - - [21/Nov/2015:01:39:08 -0800] "GET /wp-login.php?action=register HTTP/1.1" 404 88 "http://redlug.com/wp-login.php?action=register" "Opera/9.80 (Windows NT 6.2; Win64; x64) Presto/2.12.388 Version/12.17" "redlug.com"
123.28.31.25 - - [21/Nov/2015:01:40:46 -0800] "POST /123321.php HTTP/1.1" 404 73 "-" "gSOAP/2.7" "redlug.com"
31.184.238.87 - - [21/Nov/2015:01:43:27 -0800] "GET /logs/access.log HTTP/1.1" 200 460707 "http://www.theknot.com/wedding/zidovudine-and-guaranteed" "Mozilla/5.0 (Windows NT 6.1) AppleWebKit/537.36 (KHTML, like Gecko) Chrome/32.0.1700.107 Safari/537.36" "redlug.com"
87.142.16.59 - - [21/Nov/2015:01:44:15 -0800] "GET /LabHist/1919Germany.htm HTTP/1.1" 200 8608 "https://www.google.de/" "Mozilla/5.0 (Macintosh; Intel Mac OS X 10_10_5) AppleWebKit/601.2.7 (KHTML, like Gecko) Version/9.0.1 Safari/601.2.7" "redlug.com"
87.142.16.59 - - [21/Nov/2015:01:44:16 -0800] "GET /cwi.css HTTP/1.1" 404 88 "http://redlug.com/LabHist/1919Germany.htm" "Mozilla/5.0 (Macintosh; Intel Mac OS X 10_10_5) AppleWebKit/601.2.7 (KHTML, like Gecko) Version/9.0.1 Safari/601.2.7" "redlug.com"
51.254.83.87 - - [21/Nov/2015:01:45:46 -0800] "GET /logs/access.log HTTP/1.1" 200 28168 "http://redlug.com/" "Mozilla/5.0 (Windows NT 6.3; WOW64; rv:35.0) Gecko/20100101 Firefox/35.0" "redlug.com"
123.28.31.25 - - [21/Nov/2015:01:45:46 -0800] "POST /123321.php HTTP/1.1" 404 73 "-" "gSOAP/2.7" "redlug.com"
172.102.192.8 - - [21/Nov/2015:01:45:49 -0800] "GET /wp-login.php?action=register HTTP/1.1" 404 88 "http://redlug.com/" "Opera/9.80 (Windows NT 6.2; Win64; x64) Presto/2.12.388 Version/12.17" "redlug.com"
172.102.192.8 - - [21/Nov/2015:01:45:50 -0800] "GET /wp-login.php?action=register HTTP/1.1" 404 88 "http://redlug.com/wp-login.php?action=register" "Opera/9.80 (Windows NT 6.2; Win64; x64) Presto/2.12.388 Version/12.17" "redlug.com"
31.184.238.87 - - [21/Nov/2015:01:45:57 -0800] "GET /logs/access.log HTTP/1.1" 200 462224 "http://buydoxepinonlinesafely.soup.io" "Mozilla/5.0 (Windows NT 6.1; WOW64) AppleWebKit/537.36 (KHTML, like Gecko) Chrome/31.0.1650.63 Safari/537.36 OPR/18.0.1284.68" "redlug.com"
212.92.232.129 - - [21/Nov/2015:01:46:11 -0800] "GET /logs/access_130930.log HTTP/1.1" 404 73 "http://sibutraminetobuy.forumcircle.com/portal.php" "Mozilla/5.0 (Windows NT 6.1) AppleWebKit/535.11 (KHTML, like Gecko) Chrome/17.0.963.12 Safari/535.11" "redlug.com"
212.92.232.129 - - [21/Nov/2015:01:46:12 -0800] "GET /logs/access_130930.log HTTP/1.1" 404 73 "http://sibutraminetobuy.forumcircle.com/portal.php" "Mozilla/4.0 (compatible; MSIE 8.0; Windows NT 5.1; Trident/4.0; MRA 6.0 (build 5993); MRA 8.0 (build 5784); InfoPath.2)" "redlug.com"
212.92.232.129 - - [21/Nov/2015:01:46:12 -0800] "GET /access_130930.log HTTP/1.1" 404 73 "http://sibutraminetobuy.forumcircle.com/portal.php" "Mozilla/4.0 (compatible; MSIE 8.0; Windows NT 5.1; Trident/4.0; MRA 6.0 (build 5993); MRA 8.0 (build 5784); InfoPath.2)" "redlug.com"
212.92.232.129 - - [21/Nov/2015:01:46:13 -0800] "GET /logs/access_130930.log HTTP/1.1" 404 73 "http://sibutraminetobuy.forumcircle.com/portal.php" "Opera/9.80 (Windows NT 6.2; WOW64; MRA 8.0 (build 5784)) Presto/2.12.388 Version/12.11" "redlug.com"
212.92.232.129 - - [21/Nov/2015:01:46:14 -0800] "GET /access_130930.log HTTP/1.1" 404 73 "http://sibutraminetobuy.forumcircle.com/portal.php" "Opera/9.80 (Windows NT 6.2; WOW64; MRA 8.0 (build 5784)) Presto/2.12.388 Version/12.11" "redlug.com"
212.92.232.129 - - [21/Nov/2015:01:46:15 -0800] "GET /logs/access_130930.log HTTP/1.1" 404 73 "http://sibutraminetobuy.forumcircle.com/portal.php" "Opera/9.80 (Windows NT 6.1; U; Edition Next; ru) Presto/2.11.310 Version/12.50" "redlug.com"
212.92.232.129 - - [21/Nov/2015:01:46:17 -0800] "GET /access_130930.log HTTP/1.1" 404 73 "http://sibutraminetobuy.forumcircle.com/portal.php" "Opera/9.80 (Windows NT 6.1; U; Edition Next; ru) Presto/2.11.310 Version/12.50" "redlug.com"
91.90.191.135 - - [21/Nov/2015:01:49:14 -0800] "GET /cwi/AustRef.htm HTTP/1.1" 200 89282 "-" "Mozilla/5.0 (Windows NT 6.1) AppleWebKit/537.36 (KHTML, like Gecko) Chrome/41.0.2228.0 Safari/537.36" "redlug.com"
123.28.31.25 - - [21/Nov/2015:01:50:46 -0800] "POST /123321.php HTTP/1.1" 404 73 "-" "gSOAP/2.7" "redlug.com"
91.116.246.72 - - [21/Nov/2015:01:51:18 -0800] "GET /logs/access.log HTTP/1.1" 200 464606 "-" "Mozilla/5.0 (X11; Linux x86_64; rv:2.0b8pre) Gecko/20101011 Firefox/4.0b8pre" "redlug.com"
23.95.238.13 - - [21/Nov/2015:01:53:06 -0800] "GET /logs/access.log HTTP/1.1" 200 28470 "http://redlug.com/" "Mozilla/5.0 (Windows NT 6.3; WOW64; rv:35.0) Gecko/20100101 Firefox/35.0" "redlug.com"
207.46.13.100 - - [21/Nov/2015:01:53:39 -0800] "GET /robots.txt HTTP/1.1" 200 37 "-" "Mozilla/5.0 (compatible; bingbot/2.0; +http://www.bing.com/bingbot.htm)" "redlug.com"
123.28.31.25 - - [21/Nov/2015:01:55:46 -0800] "POST /123321.php HTTP/1.1" 404 73 "-" "gSOAP/2.7" "redlug.com"
93.120.192.205 - - [21/Nov/2015:01:55:57 -0800] "GET /license.php HTTP/1.1" 404 73 "-" "Mozilla/4.0 (compatible; Synapse)" "redlug.com"
151.80.31.144 - - [21/Nov/2015:01:56:42 -0800] "GET /paper2004JD/0407Airport.htm HTTP/1.1" 200 1952 "-" "Mozilla/5.0 (compatible; AhrefsBot/5.0; +http://ahrefs.com/robot/)" "www.redlug.com"
31.184.238.87 - - [21/Nov/2015:01:57:23 -0800] "GET /logs/access.log HTTP/1.1" 200 465597 "http://dsfloxin100mg.forumcircle.com" "Mozilla/5.0 (Windows NT 6.1; rv:26.0) Gecko/20100101 Firefox/26.0" "redlug.com"
157.55.39.23 - - [21/Nov/2015:01:57:33 -0800] "GET /LabHist/1956Hungary.htm HTTP/1.1" 200 9534 "-" "Mozilla/5.0 (compatible; bingbot/2.0; +http://www.bing.com/bingbot.htm)" "redlug.com"
157.55.39.23 - - [21/Nov/2015:01:57:34 -0800] "GET /logs/access_141006.log HTTP/1.1" 200 555527 "-" "Mozilla/5.0 (compatible; bingbot/2.0; +http://www.bing.com/bingbot.htm)" "redlug.com"
151.80.31.144 - - [21/Nov/2015:01:58:51 -0800] "GET /images/protest.gif HTTP/1.1" 200 7213 "-" "Mozilla/5.0 (compatible; AhrefsBot/5.0; +http://ahrefs.com/robot/)" "redlug.com"
31.184.238.87 - - [21/Nov/2015:01:59:56 -0800] "GET /logs/access.log HTTP/1.1" 200 466357 "http://tamsulosin-buy-no-rx.soup.io" "Mozilla/5.0 (Windows NT 6.1; WOW64) AppleWebKit/537.36 (KHTML, like Gecko) Chrome/32.0.1700.76 Safari/537.36" "redlug.com"
123.28.31.25 - - [21/Nov/2015:02:00:46 -0800] "POST /123321.php HTTP/1.1" 404 73 "-" "gSOAP/2.7" "redlug.com"
207.46.13.100 - - [21/Nov/2015:02:02:48 -0800] "GET /Assorted/Gama050414Dail.htm HTTP/1.1" 200 1577 "-" "Mozilla/5.0 (compatible; bingbot/2.0; +http://www.bing.com/bingbot.htm)" "redlug.com"
207.46.13.100 - - [21/Nov/2015:02:02:48 -0800] "GET /Assorted/FemaleScience.htm HTTP/1.1" 200 5680 "-" "Mozilla/5.0 (compatible; bingbot/2.0; +http://www.bing.com/bingbot.htm)" "redlug.com"
207.46.13.100 - - [21/Nov/2015:02:02:48 -0800] "GET /documents/ninasimone.htm HTTP/1.1" 404 88 "-" "Mozilla/5.0 (iPhone; CPU iPhone OS 7_0 like Mac OS X) AppleWebKit/537.51.1 (KHTML, like Gecko) Version/7.0 Mobile/11A465 Safari/9537.53 (compatible; bingbot/2.0;  http://www.bing.com/bingbot.htm)" "redlug.com"
95.25.237.190 - - [21/Nov/2015:02:05:02 -0800] "GET / HTTP/1.1" 200 9589 "-" "PycURL/7.19.5.1 libcurl/7.22.0 OpenSSL/1.0.1 zlib/1.2.3.4 libidn/1.23 librtmp/2.3" "redlug.com"
185.28.193.95 - - [21/Nov/2015:02:05:04 -0800] "GET /logs/access.log HTTP/1.1" 200 28782 "http://redlug.com/" "Mozilla/5.0 (Windows NT 6.3; WOW64; rv:35.0) Gecko/20100101 Firefox/35.0" "redlug.com"
123.28.31.25 - - [21/Nov/2015:02:05:46 -0800] "POST /123321.php HTTP/1.1" 404 73 "-" "gSOAP/2.7" "redlug.com"
106.208.83.254 - - [21/Nov/2015:02:05:49 -0800] "GET /pdf/che_sos.pdf HTTP/1.1" 304 - "-" "Mozilla/5.0 (Linux; Android 5.0; Micromax A106 Build/LRX21M) AppleWebKit/537.36 (KHTML, like Gecko) Version/4.0 Chrome/37.0.0.0 Mobile Safari/537.36" "redlug.com"
151.80.31.144 - - [21/Nov/2015:02:06:07 -0800] "GET /paper2004/0404Spain.htm HTTP/1.1" 200 2004 "-" "Mozilla/5.0 (compatible; AhrefsBot/5.0; +http://ahrefs.com/robot/)" "www.redlug.com"
180.180.96.160 - - [21/Nov/2015:02:07:31 -0800] "GET /logs/access.log HTTP/1.1" 200 28986 "http://redlug.com/" "Mozilla/5.0 (Windows NT 6.3; WOW64; rv:35.0) Gecko/20100101 Firefox/35.0" "redlug.com"
180.180.96.160 - - [21/Nov/2015:02:07:40 -0800] "GET /wp-login.php?action=register HTTP/1.1" 404 88 "http://redlug.com/" "Opera/9.80 (Windows NT 6.2; Win64; x64) Presto/2.12.388 Version/12.17" "redlug.com"
180.180.96.160 - - [21/Nov/2015:02:07:40 -0800] "GET /wp-login.php?action=register HTTP/1.1" 404 88 "http://redlug.com/wp-login.php?action=register" "Opera/9.80 (Windows NT 6.2; Win64; x64) Presto/2.12.388 Version/12.17" "redlug.com"
31.148.253.13 - - [21/Nov/2015:02:07:45 -0800] "GET /logs/access_130930.log HTTP/1.1" 404 73 "http://atrovent.aircus.com/" "Opera/9.80 (Windows NT 6.1; WOW64; U; MRA 8.0 (build 5880); ru) Presto/2.10.289 Version/12.02" "redlug.com"
31.148.253.13 - - [21/Nov/2015:02:07:45 -0800] "GET /logs/access_130930.log HTTP/1.1" 404 73 "http://atrovent.aircus.com/" "Mozilla/5.0 (Windows NT 5.2; rv:17.0) Gecko/17.0 Firefox/17.0" "redlug.com"
31.148.253.13 - - [21/Nov/2015:02:07:46 -0800] "GET /access_130930.log HTTP/1.1" 404 73 "http://atrovent.aircus.com/" "Mozilla/5.0 (Windows NT 5.2; rv:17.0) Gecko/17.0 Firefox/17.0" "redlug.com"
31.148.253.13 - - [21/Nov/2015:02:07:46 -0800] "GET /logs/access_130930.log HTTP/1.1" 404 73 "http://atrovent.aircus.com/" "Mozilla/5.0 (Windows NT 6.1; WOW64; rv:18.0) Gecko/20100101 Firefox/18.0" "redlug.com"
31.148.253.13 - - [21/Nov/2015:02:07:47 -0800] "GET /access_130930.log HTTP/1.1" 404 73 "http://atrovent.aircus.com/" "Mozilla/5.0 (Windows NT 6.1; WOW64; rv:18.0) Gecko/20100101 Firefox/18.0" "redlug.com"
31.148.253.13 - - [21/Nov/2015:02:07:48 -0800] "GET /logs/access_130930.log HTTP/1.1" 404 73 "http://atrovent.aircus.com/" "Mozilla/5.0 (Windows NT 5.1) AppleWebKit/535.2 (KHTML, like Gecko) Chrome/15.0.874.121 Safari/535.2" "redlug.com"
31.148.253.13 - - [21/Nov/2015:02:07:49 -0800] "GET /access_130930.log HTTP/1.1" 404 73 "http://atrovent.aircus.com/" "Mozilla/5.0 (Windows NT 5.1) AppleWebKit/535.2 (KHTML, like Gecko) Chrome/15.0.874.121 Safari/535.2" "redlug.com"
151.80.31.144 - - [21/Nov/2015:02:10:35 -0800] "GET /socview/svspring01E.htm HTTP/1.1" 200 4617 "-" "Mozilla/5.0 (compatible; AhrefsBot/5.0; +http://ahrefs.com/robot/)" "www.redlug.com"
123.28.31.25 - - [21/Nov/2015:02:10:47 -0800] "POST /123321.php HTTP/1.1" 404 73 "-" "gSOAP/2.7" "redlug.com"
31.184.238.87 - - [21/Nov/2015:02:11:41 -0800] "GET /logs/access.log HTTP/1.1" 200 470782 "http://www.theknot.com/wedding/rulide-and-shipping" "Mozilla/5.0 (Windows NT 6.3; WOW64; rv:27.0) Gecko/20100101 Firefox/27.0" "redlug.com"
212.92.232.129 - - [21/Nov/2015:02:11:48 -0800] "GET /logs/access_130930.log HTTP/1.1" 404 73 "http://amitriptyline.xh.pl/" "Mozilla/5.0 (Windows NT 6.1) AppleWebKit/535.1 (KHTML, like Gecko) Chrome/14.0.835.163 Safari/535.1" "redlug.com"
212.92.232.129 - - [21/Nov/2015:02:11:49 -0800] "GET /logs/access_130930.log HTTP/1.1" 404 73 "http://amitriptyline.xh.pl/" "Mozilla/5.0 (Windows NT 6.0; WOW64) AppleWebKit/537.11 (KHTML, like Gecko) Chrome/23.0.1271.64 Safari/537.11" "redlug.com"
212.92.232.129 - - [21/Nov/2015:02:11:49 -0800] "GET /access_130930.log HTTP/1.1" 404 73 "http://amitriptyline.xh.pl/" "Mozilla/5.0 (Windows NT 6.0; WOW64) AppleWebKit/537.11 (KHTML, like Gecko) Chrome/23.0.1271.64 Safari/537.11" "redlug.com"
212.92.232.129 - - [21/Nov/2015:02:11:50 -0800] "GET /logs/access_130930.log HTTP/1.1" 404 73 "http://amitriptyline.xh.pl/" "Mozilla/5.0 (Windows NT 6.2) AppleWebKit/537.11 (KHTML, like Gecko) Chrome/23.0.1271.95 Safari/537.11" "redlug.com"
212.92.232.129 - - [21/Nov/2015:02:11:51 -0800] "GET /access_130930.log HTTP/1.1" 404 73 "http://amitriptyline.xh.pl/" "Mozilla/5.0 (Windows NT 6.2) AppleWebKit/537.11 (KHTML, like Gecko) Chrome/23.0.1271.95 Safari/537.11" "redlug.com"
212.92.232.129 - - [21/Nov/2015:02:11:52 -0800] "GET /logs/access_130930.log HTTP/1.1" 404 73 "http://amitriptyline.xh.pl/" "Opera/9.80 (Windows NT 5.1; U; ru) Presto/2.9.168 Version/11.50" "redlug.com"
212.92.232.129 - - [21/Nov/2015:02:11:53 -0800] "GET /access_130930.log HTTP/1.1" 404 73 "http://amitriptyline.xh.pl/" "Opera/9.80 (Windows NT 5.1; U; ru) Presto/2.9.168 Version/11.50" "redlug.com"
31.184.238.87 - - [21/Nov/2015:02:14:08 -0800] "GET /logs/access.log HTTP/1.1" 200 472621 "http://buycelexa20mgonline.soup.io" "Opera/9.80 (Windows NT 6.1; Win64; x64) Presto/2.12.388 Version/12.16" "redlug.com"
180.76.15.145 - - [21/Nov/2015:02:14:50 -0800] "GET /Socialist/ HTTP/1.1" 200 2930 "-" "Mozilla/5.0 (compatible; Baiduspider/2.0; +http://www.baidu.com/search/spider.html)" "www.redlug.com"
123.28.31.25 - - [21/Nov/2015:02:15:47 -0800] "POST /123321.php HTTP/1.1" 404 73 "-" "gSOAP/2.7" "redlug.com"
123.28.31.25 - - [21/Nov/2015:02:20:47 -0800] "POST /123321.php HTTP/1.1" 404 73 "-" "gSOAP/2.7" "redlug.com"
31.184.238.87 - - [21/Nov/2015:02:21:35 -0800] "GET /logs/access.log HTTP/1.1" 200 473243 "http://buy-cymbalta-30mg-online.snack.ws" "Mozilla/5.0 (Windows NT 6.1; WOW64) AppleWebKit/537.36 (KHTML, like Gecko) Chrome/30.0.1599.13014 YaBrowser/13.12.1599.13014 Safari/537.36" "redlug.com"
207.46.13.88 - - [21/Nov/2015:02:22:37 -0800] "GET /robots.txt HTTP/1.1" 200 37 "-" "Mozilla/5.0 (compatible; bingbot/2.0; +http://www.bing.com/bingbot.htm)" "redlug.com"
31.184.238.87 - - [21/Nov/2015:02:22:58 -0800] "GET /logs/access.log HTTP/1.1" 200 473701 "http://orderserophene50mgcheap.soup.io" "Mozilla/5.0 (Windows NT 6.1; WOW64) AppleWebKit/537.36 (KHTML, like Gecko) Chrome/33.0.1750.117 Safari/537.36" "redlug.com"
123.28.31.25 - - [21/Nov/2015:02:25:47 -0800] "POST /123321.php HTTP/1.1" 404 73 "-" "gSOAP/2.7" "redlug.com"
151.80.31.144 - - [21/Nov/2015:02:28:30 -0800] "GET /paper2003/?C=S;O=A HTTP/1.1" 200 1192 "-" "Mozilla/5.0 (compatible; AhrefsBot/5.0; +http://ahrefs.com/robot/)" "redlug.com"
180.76.15.22 - - [21/Nov/2015:02:29:50 -0800] "GET /pdf/ys_spring01.pdf HTTP/1.1" 200 339252 "-" "Mozilla/5.0 (compatible; Baiduspider/2.0; +http://www.baidu.com/search/spider.html)" "www.redlug.com"
31.184.238.87 - - [21/Nov/2015:02:30:04 -0800] "GET /logs/access.log HTTP/1.1" 200 474444 "http://order-sumatriptan-online.soup.io" "Mozilla/5.0 (Windows NT 6.1; WOW64; rv:26.0) Gecko/20100101 Firefox/26.0" "redlug.com"
123.28.31.25 - - [21/Nov/2015:02:30:47 -0800] "POST /123321.php HTTP/1.1" 404 73 "-" "gSOAP/2.7" "redlug.com"
31.148.253.13 - - [21/Nov/2015:02:31:08 -0800] "GET /logs/access_130930.log HTTP/1.1" 404 73 "http://atrovent.aircus.com/" "Mozilla/5.0 (Macintosh; Intel Mac OS X 10_6_8) AppleWebKit/537.11 (KHTML, like Gecko) Chrome/23.0.1271.64 Safari/537.11" "redlug.com"
31.148.253.13 - - [21/Nov/2015:02:31:10 -0800] "GET /logs/access_130930.log HTTP/1.1" 404 73 "http://atrovent.aircus.com/" "Mozilla/5.0 (Windows; U; Windows NT 5.1; en-US) AppleWebKit/534.16 (KHTML, like Gecko) Chrome/10.0.648.204 Safari/534.16" "redlug.com"
31.148.253.13 - - [21/Nov/2015:02:31:11 -0800] "GET /access_130930.log HTTP/1.1" 404 73 "http://atrovent.aircus.com/" "Mozilla/5.0 (Windows; U; Windows NT 5.1; en-US) AppleWebKit/534.16 (KHTML, like Gecko) Chrome/10.0.648.204 Safari/534.16" "redlug.com"
31.148.253.13 - - [21/Nov/2015:02:31:13 -0800] "GET /logs/access_130930.log HTTP/1.1" 404 73 "http://atrovent.aircus.com/" "Opera/9.80 (Windows NT 5.1; U; ru) Presto/2.10.289 Version/12.00" "redlug.com"
31.148.253.13 - - [21/Nov/2015:02:31:15 -0800] "GET /access_130930.log HTTP/1.1" 404 73 "http://atrovent.aircus.com/" "Opera/9.80 (Windows NT 5.1; U; ru) Presto/2.10.289 Version/12.00" "redlug.com"
31.148.253.13 - - [21/Nov/2015:02:31:17 -0800] "GET /logs/access_130930.log HTTP/1.1" 404 73 "http://atrovent.aircus.com/" "Mozilla/5.0 (Windows NT 6.1) AppleWebKit/537.4 (KHTML, like Gecko) Chrome/22.0.1229.79 Safari/537.4 u01-09" "redlug.com"
31.148.253.13 - - [21/Nov/2015:02:31:19 -0800] "GET /access_130930.log HTTP/1.1" 404 73 "http://atrovent.aircus.com/" "Mozilla/5.0 (Windows NT 6.1) AppleWebKit/537.4 (KHTML, like Gecko) Chrome/22.0.1229.79 Safari/537.4 u01-09" "redlug.com"
31.184.238.87 - - [21/Nov/2015:02:31:27 -0800] "GET /logs/access.log HTTP/1.1" 200 476431 "http://orderperiactinonlinesafely.soup.io" "Mozilla/5.0 (Windows NT 6.3; WOW64) AppleWebKit/537.36 (KHTML, like Gecko) Chrome/32.0.1700.76 Safari/537.36" "redlug.com"
207.46.13.88 - - [21/Nov/2015:02:33:09 -0800] "GET /logs/access_150304.log HTTP/1.1" 200 1316186 "-" "Mozilla/5.0 (compatible; bingbot/2.0; +http://www.bing.com/bingbot.htm)" "redlug.com"
123.28.31.25 - - [21/Nov/2015:02:35:48 -0800] "POST /123321.php HTTP/1.1" 404 73 "-" "gSOAP/2.7" "redlug.com"
212.92.232.129 - - [21/Nov/2015:02:37:21 -0800] "GET /logs/access_130930.log HTTP/1.1" 404 73 "http://fincar5.aircus.com/" "Mozilla/5.0 (Windows NT 6.1; rv:17.0) Gecko/20100101 Firefox/17.0" "redlug.com"
212.92.232.129 - - [21/Nov/2015:02:37:21 -0800] "GET /logs/access_130930.log HTTP/1.1" 404 73 "http://fincar5.aircus.com/" "Mozilla/5.0 (Windows NT 5.1; rv:12.0) Gecko/20100101 Firefox/12.0" "redlug.com"
212.92.232.129 - - [21/Nov/2015:02:37:22 -0800] "GET /access_130930.log HTTP/1.1" 404 73 "http://fincar5.aircus.com/" "Mozilla/5.0 (Windows NT 5.1; rv:12.0) Gecko/20100101 Firefox/12.0" "redlug.com"
212.92.232.129 - - [21/Nov/2015:02:37:22 -0800] "GET /logs/access_130930.log HTTP/1.1" 404 73 "http://fincar5.aircus.com/" "Mozilla/5.0 (Windows NT 6.1; WOW64) AppleWebKit/535.19 (KHTML, like Gecko) Chrome/18.0.1025.1634 Safari/535.19 YE" "redlug.com"
212.92.232.129 - - [21/Nov/2015:02:37:23 -0800] "GET /access_130930.log HTTP/1.1" 404 73 "http://fincar5.aircus.com/" "Mozilla/5.0 (Windows NT 6.1; WOW64) AppleWebKit/535.19 (KHTML, like Gecko) Chrome/18.0.1025.1634 Safari/535.19 YE" "redlug.com"
212.92.232.129 - - [21/Nov/2015:02:37:24 -0800] "GET /logs/access_130930.log HTTP/1.1" 404 73 "http://fincar5.aircus.com/" "Mozilla/5.0 (Windows NT 6.1; rv:17.0) Gecko/17.0 Firefox/17.0" "redlug.com"
212.92.232.129 - - [21/Nov/2015:02:37:25 -0800] "GET /access_130930.log HTTP/1.1" 404 73 "http://fincar5.aircus.com/" "Mozilla/5.0 (Windows NT 6.1; rv:17.0) Gecko/17.0 Firefox/17.0" "redlug.com"
31.184.238.87 - - [21/Nov/2015:02:38:29 -0800] "GET /logs/access.log HTTP/1.1" 200 478488 "http://orderlansoprazolehq.aircus.com" "Mozilla/5.0 (Windows NT 6.1; WOW64) AppleWebKit/537.36 (KHTML, like Gecko) Chrome/33.0.1750.117 Safari/537.36" "redlug.com"
31.184.238.87 - - [21/Nov/2015:02:39:52 -0800] "GET /logs/access.log HTTP/1.1" 200 478743 "http://gravatar.com/ordersimvastatinquickdelivery" "Opera/9.80 (Windows NT 5.1) Presto/2.12.388 Version/12.16" "redlug.com"
123.28.31.25 - - [21/Nov/2015:02:40:48 -0800] "POST /123321.php HTTP/1.1" 404 73 "-" "gSOAP/2.7" "redlug.com"
151.80.31.144 - - [21/Nov/2015:02:40:51 -0800] "GET /Archive/1976OctDTC.htm HTTP/1.1" 200 2355 "-" "Mozilla/5.0 (compatible; AhrefsBot/5.0; +http://ahrefs.com/robot/)" "www.redlug.com"
61.135.189.70 - - [21/Nov/2015:02:43:40 -0800] "GET /robots.txt HTTP/1.1" 200 37 "-" "Sogou web spider/4.0(+http://www.sogou.com/docs/help/webmasters.htm#07)" "www.redlug.com"
208.115.113.94 - - [21/Nov/2015:02:45:05 -0800] "GET /robots.txt HTTP/1.1" 200 37 "-" "Mozilla/5.0 (compatible; DotBot/1.1; http://www.opensiteexplorer.org/dotbot, help@moz.com)" "www.redlug.com"
123.28.31.25 - - [21/Nov/2015:02:45:48 -0800] "POST /123321.php HTTP/1.1" 404 73 "-" "gSOAP/2.7" "redlug.com"
61.135.189.70 - - [21/Nov/2015:02:46:16 -0800] "GET / HTTP/1.1" 200 1272 "-" "Sogou web spider/4.0(+http://www.sogou.com/docs/help/webmasters.htm#07)" "www.redlug.com"
31.184.238.87 - - [21/Nov/2015:02:46:49 -0800] "GET /logs/access.log HTTP/1.1" 200 479903 "http://buyperiactinonlineworldwide.soup.io" "Mozilla/5.0 (Windows NT 6.2; WOW64) AppleWebKit/537.36 (KHTML, like Gecko) Chrome/32.0.1700.107 Safari/537.36" "redlug.com"
31.184.238.87 - - [21/Nov/2015:02:48:13 -0800] "GET /logs/access.log HTTP/1.1" 200 480163 "http://celecoxib-buy-online.soup.io" "Mozilla/5.0 (Windows NT 6.1; WOW64) AppleWebKit/537.36 (KHTML, like Gecko) Chrome/30.0.1599.13014 YaBrowser/13.12.1599.13014 Safari/537.36" "redlug.com"
123.28.31.25 - - [21/Nov/2015:02:50:48 -0800] "POST /123321.php HTTP/1.1" 404 73 "-" "gSOAP/2.7" "redlug.com"
91.116.246.72 - - [21/Nov/2015:02:52:57 -0800] "GET /logs/access.log HTTP/1.1" 200 480555 "-" "Mozilla/5.0 (X11; Linux x86_64; rv:2.0b8pre) Gecko/20101011 Firefox/4.0b8pre" "redlug.com"
142.167.8.154 - - [21/Nov/2015:02:53:39 -0800] "GET /logs/access.log HTTP/1.1" 200 30100 "https://www.google.ca" "Mozilla/5.0 (Windows NT 10.0; WOW64; rv:42.0) Gecko/20100101 Firefox/42.0" "redlug.com"
27.116.18.26 - - [21/Nov/2015:02:53:59 -0800] "GET /pdf/che_sos.pdf HTTP/1.1" 206 205095 "-" "Mozilla/5.0 (Windows Phone 8.1; ARM; Trident/7.0; Touch; rv:11.0; IEMobile/11.0; NOKIA; Lumia 520) like Gecko" "redlug.com"
31.184.238.87 - - [21/Nov/2015:02:55:09 -0800] "GET /logs/access.log HTTP/1.1" 200 481161 "http://buybuspar10mgonlinenorx.snack.ws" "Mozilla/5.0 (Windows NT 6.3; WOW64) AppleWebKit/537.36 (KHTML, like Gecko) Chrome/32.0.1700.107 Safari/537.36" "redlug.com"
123.28.31.25 - - [21/Nov/2015:02:55:48 -0800] "POST /123321.php HTTP/1.1" 404 73 "-" "gSOAP/2.7" "redlug.com"
31.184.238.87 - - [21/Nov/2015:02:56:31 -0800] "GET /logs/access.log HTTP/1.1" 200 481528 "http://www.theknot.com/wedding/guaranteed-and-avapro" "Mozilla/5.0 (Windows NT 6.1) AppleWebKit/537.36 (KHTML, like Gecko) Chrome/33.0.1750.117 Safari/537.36" "redlug.com"
123.28.31.25 - - [21/Nov/2015:03:00:48 -0800] "POST /123321.php HTTP/1.1" 404 73 "-" "gSOAP/2.7" "redlug.com"
37.187.92.25 - - [21/Nov/2015:03:02:00 -0800] "GET /logs/access.log HTTP/1.1" 200 30293 "http://redlug.com/" "Mozilla/5.0 (Windows NT 6.3; WOW64; Trident/7.0; rv:11.0) like Gecko" "redlug.com"
37.187.92.25 - - [21/Nov/2015:03:02:03 -0800] "GET /wp-login.php?action=register HTTP/1.1" 404 88 "http://redlug.com/" "Opera/9.80 (Windows NT 6.2; Win64; x64) Presto/2.12.388 Version/12.17" "redlug.com"
37.187.92.25 - - [21/Nov/2015:03:02:03 -0800] "GET /wp-login.php?action=register HTTP/1.1" 404 88 "http://redlug.com/wp-login.php?action=register" "Opera/9.80 (Windows NT 6.2; Win64; x64) Presto/2.12.388 Version/12.17" "redlug.com"
212.92.232.129 - - [21/Nov/2015:03:02:41 -0800] "GET /logs/access_130930.log HTTP/1.1" 404 73 "http://clindamycin.brushd.com/" "Mozilla/5.0 (Windows NT 6.0; rv:17.0) Gecko/20100101 Firefox/17.0" "redlug.com"
212.92.232.129 - - [21/Nov/2015:03:02:42 -0800] "GET /logs/access_130930.log HTTP/1.1" 404 73 "http://clindamycin.brushd.com/" "Mozilla/5.0 (Windows NT 6.1; rv:16.0) Gecko/20100101 Firefox/16.0" "redlug.com"
212.92.232.129 - - [21/Nov/2015:03:02:42 -0800] "GET /access_130930.log HTTP/1.1" 404 73 "http://clindamycin.brushd.com/" "Mozilla/5.0 (Windows NT 6.1; rv:16.0) Gecko/20100101 Firefox/16.0" "redlug.com"
212.92.232.129 - - [21/Nov/2015:03:02:43 -0800] "GET /logs/access_130930.log HTTP/1.1" 404 73 "http://clindamycin.brushd.com/" "Mozilla/5.0 (Windows NT 6.1) AppleWebKit/535.19 (KHTML, like Gecko) Chrome/18.0.1025.1634 Safari/535.19 YI" "redlug.com"
212.92.232.129 - - [21/Nov/2015:03:02:43 -0800] "GET /access_130930.log HTTP/1.1" 404 73 "http://clindamycin.brushd.com/" "Mozilla/5.0 (Windows NT 6.1) AppleWebKit/535.19 (KHTML, like Gecko) Chrome/18.0.1025.1634 Safari/535.19 YI" "redlug.com"
212.92.232.129 - - [21/Nov/2015:03:02:44 -0800] "GET /logs/access_130930.log HTTP/1.1" 404 73 "http://clindamycin.brushd.com/" "Mozilla/5.0 (compatible; MSIE 9.0; Windows NT 6.1; WOW64; Trident/5.0)" "redlug.com"
212.92.232.129 - - [21/Nov/2015:03:02:45 -0800] "GET /access_130930.log HTTP/1.1" 404 73 "http://clindamycin.brushd.com/" "Mozilla/5.0 (compatible; MSIE 9.0; Windows NT 6.1; WOW64; Trident/5.0)" "redlug.com"
31.184.238.87 - - [21/Nov/2015:03:03:29 -0800] "GET /logs/access.log HTTP/1.1" 200 484063 "http://3apsustiva.forumcircle.com" "Mozilla/5.0 (Windows NT 6.1) AppleWebKit/537.36 (KHTML, like Gecko) Chrome/33.0.1750.146 Safari/537.36" "redlug.com"
23.239.200.139 - - [21/Nov/2015:03:04:06 -0800] "GET /logs/access.log HTTP/1.1" 200 30437 "http://redlug.com/" "Mozilla/5.0 (Windows NT 6.3; WOW64; rv:35.0) Gecko/20100101 Firefox/35.0" "redlug.com"
23.239.200.139 - - [21/Nov/2015:03:04:07 -0800] "GET /wp-login.php?action=register HTTP/1.1" 404 88 "http://redlug.com/" "Opera/9.80 (Windows NT 6.2; Win64; x64) Presto/2.12.388 Version/12.17" "redlug.com"
23.239.200.139 - - [21/Nov/2015:03:04:07 -0800] "GET /wp-login.php?action=register HTTP/1.1" 404 88 "http://redlug.com/wp-login.php?action=register" "Opera/9.80 (Windows NT 6.2; Win64; x64) Presto/2.12.388 Version/12.17" "redlug.com"
31.184.238.87 - - [21/Nov/2015:03:04:51 -0800] "GET /logs/access.log HTTP/1.1" 200 484946 "http://buyazelastine5mgonlinequickdelivery.snack.ws" "Mozilla/5.0 (Windows NT 6.1) AppleWebKit/537.36 (KHTML, like Gecko) Chrome/33.0.1750.117 Safari/537.36" "redlug.com"
91.187.92.119 - - [21/Nov/2015:03:05:13 -0800] "GET /logs/access.log HTTP/1.1" 200 30505 "http://redlug.com/" "Mozilla/5.0 (Windows NT 6.3; WOW64; rv:35.0) Gecko/20100101 Firefox/35.0" "redlug.com"
91.187.92.119 - - [21/Nov/2015:03:05:16 -0800] "GET /wp-login.php?action=register HTTP/1.1" 404 88 "http://redlug.com/" "Opera/9.80 (Windows NT 6.2; Win64; x64) Presto/2.12.388 Version/12.17" "redlug.com"
91.187.92.119 - - [21/Nov/2015:03:05:18 -0800] "GET /wp-login.php?action=register HTTP/1.1" 404 88 "http://redlug.com/wp-login.php?action=register" "Opera/9.80 (Windows NT 6.2; Win64; x64) Presto/2.12.388 Version/12.17" "redlug.com"
123.28.31.25 - - [21/Nov/2015:03:05:49 -0800] "POST /123321.php HTTP/1.1" 404 73 "-" "gSOAP/2.7" "redlug.com"
123.28.31.25 - - [21/Nov/2015:03:10:48 -0800] "POST /123321.php HTTP/1.1" 404 73 "-" "gSOAP/2.7" "redlug.com"
151.80.31.144 - - [21/Nov/2015:03:11:45 -0800] "GET /sitemap/sitemapK-L.htm HTTP/1.1" 200 7360 "-" "Mozilla/5.0 (compatible; AhrefsBot/5.0; +http://ahrefs.com/robot/)" "redlug.com"
31.184.238.87 - - [21/Nov/2015:03:11:52 -0800] "GET /logs/access.log HTTP/1.1" 200 486245 "http://avodart-order-online.soup.io" "Mozilla/5.0 (Windows NT 6.1; WOW64) AppleWebKit/537.36 (KHTML, like Gecko) Chrome/30.0.1599.12785 YaBrowser/13.12.1599.12785 Safari/537.36" "redlug.com"
178.19.111.195 - - [21/Nov/2015:03:12:52 -0800] "GET /logs/access.log HTTP/1.1" 200 30610 "http://redlug.com/" "Mozilla/5.0 (Windows NT 6.3; WOW64; rv:35.0) Gecko/20100101 Firefox/35.0" "redlug.com"
31.184.238.87 - - [21/Nov/2015:03:13:16 -0800] "GET /logs/access.log HTTP/1.1" 200 486726 "http://buydiflucan200mgonlinenorx.soup.io" "Mozilla/5.0 (Windows NT 6.1; rv:27.0) Gecko/20100101 Firefox/27.0" "redlug.com"
79.110.25.174 - - [21/Nov/2015:03:13:49 -0800] "GET /logs/access.log HTTP/1.1" 200 486941 "http://statditi.thoughts.com" "Mozilla/5.0 (Windows NT 10.0; WOW64) AppleWebKit/537.36 (KHTML, like Gecko) Chrome/45.0.2454.99 Safari/537.36" "redlug.com"
46.161.62.34 - - [21/Nov/2015:03:14:29 -0800] "GET /logs/access.log HTTP/1.1" 200 487187 "http://statditi.thoughts.com" "Mozilla/5.0 (Windows NT 6.1; WOW64) AppleWebKit/537.36 (KHTML, like Gecko) Chrome/45.0.2454.93 Safari/537.36" "redlug.com"
46.161.62.84 - - [21/Nov/2015:03:14:29 -0800] "GET /logs/access.log HTTP/1.1" 200 487431 "http://statditi.thoughts.com" "Mozilla/5.0 (Windows NT 5.1; rv:40.0) Gecko/20100101 Firefox/40.0" "redlug.com"
91.236.120.8 - - [21/Nov/2015:03:14:30 -0800] "GET /logs/access.log HTTP/1.1" 200 487431 "http://statditi.thoughts.com" "Mozilla/5.0 (Windows NT 6.1; WOW64) AppleWebKit/537.36 (KHTML, like Gecko) Chrome/45.0.2454.85 Safari/537.36 OPR/32.0.1948.25" "redlug.com"
123.28.31.25 - - [21/Nov/2015:03:15:48 -0800] "POST /123321.php HTTP/1.1" 404 73 "-" "gSOAP/2.7" "redlug.com"
104.143.28.218 - - [21/Nov/2015:03:17:01 -0800] "GET /logs/access.log HTTP/1.1" 200 30794 "http://redlug.com/" "Mozilla/5.0 (Macintosh; Intel Mac OS X 10.10; rv:34.0) Gecko/20100101 Firefox/34.0" "redlug.com"
104.143.28.218 - - [21/Nov/2015:03:17:02 -0800] "GET /wp-login.php?action=register HTTP/1.1" 404 88 "http://redlug.com/" "Opera/9.80 (Windows NT 6.2; Win64; x64) Presto/2.12.388 Version/12.17" "redlug.com"
104.143.28.218 - - [21/Nov/2015:03:17:03 -0800] "GET /wp-login.php?action=register HTTP/1.1" 404 88 "http://redlug.com/wp-login.php?action=register" "Opera/9.80 (Windows NT 6.2; Win64; x64) Presto/2.12.388 Version/12.17" "redlug.com"
104.143.28.218 - - [21/Nov/2015:03:17:03 -0800] "GET /logs/access.log HTTP/1.1" 200 30830 "http://redlug.com/" "Opera/9.80 (Windows NT 6.2; Win64; x64) Presto/2.12.388 Version/12.17" "redlug.com"
151.80.31.144 - - [21/Nov/2015:03:19:12 -0800] "GET /sitemap/0403JHCol.htm HTTP/1.1" 404 88 "-" "Mozilla/5.0 (compatible; AhrefsBot/5.0; +http://ahrefs.com/robot/)" "redlug.com"
217.118.81.245 - - [21/Nov/2015:03:18:56 -0800] "GET /logs/access_141209.log HTTP/1.1" 200 3294700 "http://clck.yandex.ru/jsredir?from=yandex.ru%3Bjsonsearch%3Bsearchapp%3Bandroid%3B315%3B1448104345777225-274589-ws29-121-APPJS2%3B1448104345777225-274589-ws29-121-APPJS2&text=%D0%B3%D0%B1%D1%86%20yx480&uuid=de6d230e3c29cf6970a94835e5f2d5e0&state=AiuY0DBWFJ4ePaEse6rgeBRtUKZphe4qTCt8_XtUCJZyp2TIE2d9hRrUldrzyU8azezVxla4iOR3KNXdlRdFxAXVfk7lEmE3XIrpwbaPcA03Xg37YXNySgxu5qY5_oJ05riZA5EaRSCyOD4GTzgaOXVG-K6FYBpPdEAQ_IhKzxxw5qI1njRfqlHuEET5m1MV7_cJ6a3jXy9NmEvGzyGeWT4KF8hrm5OxBU38640X1UVWii4KZcHudtXQj4ZP48SKGtil9v1V72-cfCxG1UI5r3ZXj7t3_xUCTEen5KvOd9wBJ6l7LiuMmGHYrQYHUqp177hHx86T3JLOhFhB2MgPg8PptBuNH6ksxuaPTd1vqTM&data=UlNrNmk5WktYejR0eWJFYk1LdmtxbFo3ZlBwTEFvQXpLRFZPWGNXUUo2am0wb1BQYnp2amVDNzlfM1UyNTc2cW4taVItWkV4Q29BWWdtaEFfcmxnNjJrcDdVTFlqVGYw&b64e=2&sign=2098b99af3f41f3e28e35e5b3c6c4805&keyno=0" "Mozilla/5.0 (Linux; Android 4.4.2; TX22 Build/KOT49H) AppleWebKit/537.36 (KHTML, like Gecko) Chrome/45.0.2454.84 Safari/537.36" "redlug.com"
31.184.238.87 - - [21/Nov/2015:03:20:16 -0800] "GET /logs/access.log HTTP/1.1" 200 490066 "http://buy-salbutamol-2mg.soup.io" "Opera/9.80 (Windows NT 6.1; WOW64) Presto/2.12.388 Version/12.16" "redlug.com"
123.28.31.25 - - [21/Nov/2015:03:20:48 -0800] "POST /123321.php HTTP/1.1" 404 73 "-" "gSOAP/2.7" "redlug.com"
31.184.238.87 - - [21/Nov/2015:03:21:40 -0800] "GET /logs/access.log HTTP/1.1" 200 490382 "http://gravatar.com/buyelavil25mg" "Mozilla/5.0 (Windows NT 6.1; rv:26.0) Gecko/20100101 Firefox/26.0" "redlug.com"
208.115.113.86 - - [21/Nov/2015:03:24:25 -0800] "GET /robots.txt HTTP/1.1" 200 37 "-" "Mozilla/5.0 (compatible; DotBot/1.1; http://www.opensiteexplorer.org/dotbot, help@moz.com)" "www.redlug.com"
151.80.31.144 - - [21/Nov/2015:03:25:25 -0800] "GET /Socialist/?C=M;O=D HTTP/1.1" 200 2950 "-" "Mozilla/5.0 (compatible; AhrefsBot/5.0; +http://ahrefs.com/robot/)" "redlug.com"
123.28.31.25 - - [21/Nov/2015:03:25:48 -0800] "POST /123321.php HTTP/1.1" 404 73 "-" "gSOAP/2.7" "redlug.com"
81.144.138.34 - - [21/Nov/2015:03:26:40 -0800] "GET /robots.txt HTTP/1.1" 200 53 "-" "Wotbox/2.01 (+http://www.wotbox.com/bot/)" "redlug.com"
81.144.138.34 - - [21/Nov/2015:03:26:53 -0800] "GET / HTTP/1.1" 200 1272 "-" "Wotbox/2.01 (+http://www.wotbox.com/bot/)" "redlug.com"
81.144.138.34 - - [21/Nov/2015:03:27:01 -0800] "GET /?C=N;O=D HTTP/1.1" 200 1275 "-" "Wotbox/2.01 (+http://www.wotbox.com/bot/)" "redlug.com"
81.144.138.34 - - [21/Nov/2015:03:27:08 -0800] "GET /?C=M;O=A HTTP/1.1" 200 1270 "-" "Wotbox/2.01 (+http://www.wotbox.com/bot/)" "redlug.com"
81.144.138.34 - - [21/Nov/2015:03:27:15 -0800] "GET /?C=S;O=A HTTP/1.1" 200 1228 "-" "Wotbox/2.01 (+http://www.wotbox.com/bot/)" "redlug.com"
81.144.138.34 - - [21/Nov/2015:03:27:22 -0800] "GET /?C=D;O=A HTTP/1.1" 200 1272 "-" "Wotbox/2.01 (+http://www.wotbox.com/bot/)" "redlug.com"
81.144.138.34 - - [21/Nov/2015:03:27:29 -0800] "GET /Archive/ HTTP/1.1" 200 1796 "-" "Wotbox/2.01 (+http://www.wotbox.com/bot/)" "redlug.com"
81.144.138.34 - - [21/Nov/2015:03:27:36 -0800] "GET /Assorted/ HTTP/1.1" 200 1199 "-" "Wotbox/2.01 (+http://www.wotbox.com/bot/)" "redlug.com"
81.144.138.34 - - [21/Nov/2015:03:27:44 -0800] "GET /Bins/ HTTP/1.1" 200 488 "-" "Wotbox/2.01 (+http://www.wotbox.com/bot/)" "redlug.com"
81.144.138.34 - - [21/Nov/2015:03:27:50 -0800] "GET /Documents/ HTTP/1.1" 200 1189 "-" "Wotbox/2.01 (+http://www.wotbox.com/bot/)" "redlug.com"
81.144.138.34 - - [21/Nov/2015:03:27:58 -0800] "GET /Election/ HTTP/1.1" 200 935 "-" "Wotbox/2.01 (+http://www.wotbox.com/bot/)" "redlug.com"
212.92.232.129 - - [21/Nov/2015:03:28:00 -0800] "GET /logs/access_130930.log HTTP/1.1" 404 73 "http://fincar5.aircus.com/" "Mozilla/5.0 (Windows NT 6.1) AppleWebKit/537.4 (KHTML, like Gecko) Chrome/22.0.1229.94 Safari/537.4" "redlug.com"
212.92.232.129 - - [21/Nov/2015:03:28:01 -0800] "GET /logs/access_130930.log HTTP/1.1" 404 73 "http://fincar5.aircus.com/" "Mozilla/5.0 (Windows NT 6.1) AppleWebKit/535.1 (KHTML, like Gecko) Chrome/14.0.835.163 Safari/535.1" "redlug.com"
212.92.232.129 - - [21/Nov/2015:03:28:01 -0800] "GET /access_130930.log HTTP/1.1" 404 73 "http://fincar5.aircus.com/" "Mozilla/5.0 (Windows NT 6.1) AppleWebKit/535.1 (KHTML, like Gecko) Chrome/14.0.835.163 Safari/535.1" "redlug.com"
212.92.232.129 - - [21/Nov/2015:03:28:02 -0800] "GET /logs/access_130930.log HTTP/1.1" 404 73 "http://fincar5.aircus.com/" "Mozilla/5.0 (Windows NT 5.1) AppleWebKit/537.11 (KHTML, like Gecko) Chrome/23.0.1271.64 Safari/537.11" "redlug.com"
212.92.232.129 - - [21/Nov/2015:03:28:03 -0800] "GET /access_130930.log HTTP/1.1" 404 73 "http://fincar5.aircus.com/" "Mozilla/5.0 (Windows NT 5.1) AppleWebKit/537.11 (KHTML, like Gecko) Chrome/23.0.1271.64 Safari/537.11" "redlug.com"
212.92.232.129 - - [21/Nov/2015:03:28:03 -0800] "GET /logs/access_130930.log HTTP/1.1" 404 73 "http://fincar5.aircus.com/" "Opera/9.80 (Windows NT 5.1) Presto/2.12.388 Version/12.11" "redlug.com"
212.92.232.129 - - [21/Nov/2015:03:28:05 -0800] "GET /access_130930.log HTTP/1.1" 404 73 "http://fincar5.aircus.com/" "Opera/9.80 (Windows NT 5.1) Presto/2.12.388 Version/12.11" "redlug.com"
81.144.138.34 - - [21/Nov/2015:03:28:06 -0800] "GET /Election07/ HTTP/1.1" 200 562 "-" "Wotbox/2.01 (+http://www.wotbox.com/bot/)" "redlug.com"
81.144.138.34 - - [21/Nov/2015:03:28:12 -0800] "GET /Index.html HTTP/1.1" 200 490 "-" "Wotbox/2.01 (+http://www.wotbox.com/bot/)" "redlug.com"
81.144.138.34 - - [21/Nov/2015:03:28:20 -0800] "GET /IntLeftNews/ HTTP/1.1" 200 453 "-" "Wotbox/2.01 (+http://www.wotbox.com/bot/)" "redlug.com"
81.144.138.34 - - [21/Nov/2015:03:28:27 -0800] "GET /LabHist/ HTTP/1.1" 200 1308 "-" "Wotbox/2.01 (+http://www.wotbox.com/bot/)" "redlug.com"
81.144.138.34 - - [21/Nov/2015:03:28:34 -0800] "GET /Leaflets/ HTTP/1.1" 200 455 "-" "Wotbox/2.01 (+http://www.wotbox.com/bot/)" "redlug.com"
31.184.238.87 - - [21/Nov/2015:03:28:39 -0800] "GET /logs/access.log HTTP/1.1" 200 494912 "http://zzoxytrol.forumcircle.com" "Mozilla/5.0 (Windows NT 5.1; rv:27.0) Gecko/20100101 Firefox/27.0" "redlug.com"
81.144.138.34 - - [21/Nov/2015:03:28:42 -0800] "GET /NHS/ HTTP/1.1" 200 450 "-" "Wotbox/2.01 (+http://www.wotbox.com/bot/)" "redlug.com"
81.144.138.34 - - [21/Nov/2015:03:28:49 -0800] "GET /PaperArchive.htm HTTP/1.1" 200 3350 "-" "Wotbox/2.01 (+http://www.wotbox.com/bot/)" "redlug.com"
81.144.138.34 - - [21/Nov/2015:03:28:56 -0800] "GET /Publications/ HTTP/1.1" 200 645 "-" "Wotbox/2.01 (+http://www.wotbox.com/bot/)" "redlug.com"
81.144.138.34 - - [21/Nov/2015:03:29:03 -0800] "GET /Quotes.htm HTTP/1.1" 200 2816 "-" "Wotbox/2.01 (+http://www.wotbox.com/bot/)" "redlug.com"
81.144.138.34 - - [21/Nov/2015:03:29:11 -0800] "GET /Recent.htm HTTP/1.1" 200 3123 "-" "Wotbox/2.01 (+http://www.wotbox.com/bot/)" "redlug.com"
81.144.138.34 - - [21/Nov/2015:03:29:19 -0800] "GET /Reps.htm HTTP/1.1" 200 1734 "-" "Wotbox/2.01 (+http://www.wotbox.com/bot/)" "redlug.com"
81.144.138.34 - - [21/Nov/2015:03:29:26 -0800] "GET /SSUAS.htm HTTP/1.1" 200 1284 "-" "Wotbox/2.01 (+http://www.wotbox.com/bot/)" "redlug.com"
81.144.138.34 - - [21/Nov/2015:03:29:33 -0800] "GET /SYsup0702.htm HTTP/1.1" 200 14514 "-" "Wotbox/2.01 (+http://www.wotbox.com/bot/)" "redlug.com"
81.144.138.34 - - [21/Nov/2015:03:29:43 -0800] "GET /Scandals.htm HTTP/1.1" 200 12812 "-" "Wotbox/2.01 (+http://www.wotbox.com/bot/)" "redlug.com"
81.144.138.34 - - [21/Nov/2015:03:29:51 -0800] "GET /SocYouth/ HTTP/1.1" 200 474 "-" "Wotbox/2.01 (+http://www.wotbox.com/bot/)" "redlug.com"
81.144.138.34 - - [21/Nov/2015:03:29:58 -0800] "GET /Socialist.htm HTTP/1.1" 200 1050 "-" "Wotbox/2.01 (+http://www.wotbox.com/bot/)" "redlug.com"
31.184.238.87 - - [21/Nov/2015:03:30:02 -0800] "GET /logs/access.log HTTP/1.1" 200 496708 "http://buy-anastrozole-1mg-online.soup.io" "Mozilla/5.0 (Windows NT 6.1) AppleWebKit/537.36 (KHTML, like Gecko) Chrome/30.0.1599.12785 YaBrowser/13.12.1599.12785 Safari/537.36" "redlug.com"
81.144.138.34 - - [21/Nov/2015:03:30:06 -0800] "GET /Socialist/ HTTP/1.1" 200 2930 "-" "Wotbox/2.01 (+http://www.wotbox.com/bot/)" "redlug.com"
81.144.138.34 - - [21/Nov/2015:03:30:13 -0800] "GET /Struggle-Archive.htm HTTP/1.1" 200 2288 "-" "Wotbox/2.01 (+http://www.wotbox.com/bot/)" "redlug.com"
81.144.138.34 - - [21/Nov/2015:03:30:21 -0800] "GET /Struggle-FBU.htm HTTP/1.1" 200 4587 "-" "Wotbox/2.01 (+http://www.wotbox.com/bot/)" "redlug.com"
81.144.138.34 - - [21/Nov/2015:03:30:30 -0800] "GET /Struggle.htm HTTP/1.1" 200 14008 "-" "Wotbox/2.01 (+http://www.wotbox.com/bot/)" "redlug.com"
81.144.138.34 - - [21/Nov/2015:03:30:39 -0800] "GET /Thumbnails/ HTTP/1.1" 200 398 "-" "Wotbox/2.01 (+http://www.wotbox.com/bot/)" "redlug.com"
180.180.114.204 - - [21/Nov/2015:03:30:31 -0800] "GET /logs/access_150108.log HTTP/1.1" 200 1233773 "http://redlug.com/" "Mozilla/5.0 (Windows NT 6.3; WOW64; rv:35.0) Gecko/20100101 Firefox/35.0" "redlug.com"
81.144.138.34 - - [21/Nov/2015:03:30:46 -0800] "GET /War/ HTTP/1.1" 200 733 "-" "Wotbox/2.01 (+http://www.wotbox.com/bot/)" "redlug.com"
123.28.31.25 - - [21/Nov/2015:03:30:48 -0800] "POST /123321.php HTTP/1.1" 404 73 "-" "gSOAP/2.7" "redlug.com"
81.144.138.34 - - [21/Nov/2015:03:30:53 -0800] "GET /Wardoc/ HTTP/1.1" 200 678 "-" "Wotbox/2.01 (+http://www.wotbox.com/bot/)" "redlug.com"
81.144.138.34 - - [21/Nov/2015:03:31:01 -0800] "GET /Women/ HTTP/1.1" 200 563 "-" "Wotbox/2.01 (+http://www.wotbox.com/bot/)" "redlug.com"
81.144.138.34 - - [21/Nov/2015:03:31:08 -0800] "GET /YaW/ HTTP/1.1" 200 757 "-" "Wotbox/2.01 (+http://www.wotbox.com/bot/)" "redlug.com"
81.144.138.34 - - [21/Nov/2015:03:31:15 -0800] "GET /YaWPR0503.htm HTTP/1.1" 200 3373 "-" "Wotbox/2.01 (+http://www.wotbox.com/bot/)" "redlug.com"
81.144.138.34 - - [21/Nov/2015:03:31:23 -0800] "GET /YouthArchive.htm HTTP/1.1" 200 5612 "-" "Wotbox/2.01 (+http://www.wotbox.com/bot/)" "redlug.com"
