78.137.38.193 - - [20/Nov/2015:23:32:35 -0800] "GET /+http://redlug.com/logs/access.log HTTP/1.1" 404 73 "http://my.baltictobacco.ru/porno-svingeri-na-veb-kameru.html" "Mozilla/5.0 (Windows NT 5.1; rv:40.0) Gecko/20100101 Firefox/40.0" "redlug.com"
78.137.38.193 - - [20/Nov/2015:23:32:36 -0800] "GET /redlug.com/logs/access.log HTTP/1.1" 404 73 "http://my.baltictobacco.ru/porno-svingeri-na-veb-kameru.html" "Mozilla/5.0 (Windows NT 5.1; rv:40.0) Gecko/20100101 Firefox/40.0" "redlug.com"
78.137.38.193 - - [20/Nov/2015:23:32:36 -0800] "GET /+http://redlug.com/logs/access.log HTTP/1.1" 404 73 "http://my.baltictobacco.ru/porno-svingeri-na-veb-kameru.html" "Mozilla/5.0 (Windows NT 6.1; WOW64) AppleWebKit/537.36 (KHTML, like Gecko) Chrome/43.0.2357.124 YaBrowser/15.7.2357.2877 Safari/537.36" "redlug.com"
78.137.38.193 - - [20/Nov/2015:23:33:13 -0800] "GET /redlug.com/logs/access.log HTTP/1.1" 404 73 "http://my.baltictobacco.ru/porno-svingeri-na-veb-kameru.html" "Mozilla/5.0 (Windows NT 6.1; WOW64) AppleWebKit/537.36 (KHTML, like Gecko) Chrome/43.0.2357.124 YaBrowser/15.7.2357.2877 Safari/537.36" "redlug.com"
157.55.39.23 - - [20/Nov/2015:23:34:27 -0800] "GET /logs/access_140528.log HTTP/1.1" 404 88 "-" "Mozilla/5.0 (compatible; bingbot/2.0; +http://www.bing.com/bingbot.htm)" "redlug.com"
151.80.31.144 - - [20/Nov/2015:23:35:12 -0800] "GET /paper2004JD/0410CSNov5th.htm HTTP/1.1" 200 1721 "-" "Mozilla/5.0 (compatible; AhrefsBot/5.0; +http://ahrefs.com/robot/)" "redlug.com"
78.137.38.193 - - [20/Nov/2015:23:35:30 -0800] "GET /+http://redlug.com/logs/access.log HTTP/1.1" 404 73 "http://my.baltictobacco.ru/intim-veb-chat.html" "Mozilla/5.0 (Windows NT 6.1; WOW64; rv:40.0) Gecko/20100101 Firefox/40.0" "redlug.com"
78.137.38.193 - - [20/Nov/2015:23:35:30 -0800] "GET /+http://redlug.com/logs/access.log HTTP/1.1" 404 73 "http://my.baltictobacco.ru/intim-veb-chat.html" "Mozilla/5.0 (Windows NT 6.1; WOW64) AppleWebKit/537.36 (KHTML, like Gecko) Chrome/43.0.2357.124 YaBrowser/15.7.2357.2877 Safari/537.36" "redlug.com"
78.137.38.193 - - [20/Nov/2015:23:35:31 -0800] "GET /redlug.com/logs/access.log HTTP/1.1" 404 73 "http://my.baltictobacco.ru/intim-veb-chat.html" "Mozilla/5.0 (Windows NT 6.1; WOW64) AppleWebKit/537.36 (KHTML, like Gecko) Chrome/43.0.2357.124 YaBrowser/15.7.2357.2877 Safari/537.36" "redlug.com"
78.137.38.193 - - [20/Nov/2015:23:35:32 -0800] "GET /+http://redlug.com/logs/access.log HTTP/1.1" 404 73 "http://my.baltictobacco.ru/intim-veb-chat.html" "Mozilla/5.0 (Windows NT 6.1; WOW64) AppleWebKit/537.36 (KHTML, like Gecko) Chrome/45.0.2454.85 Safari/537.36 OPR/32.0.1948.25" "redlug.com"
78.137.38.193 - - [20/Nov/2015:23:35:32 -0800] "GET /redlug.com/logs/access.log HTTP/1.1" 404 73 "http://my.baltictobacco.ru/intim-veb-chat.html" "Mozilla/5.0 (Windows NT 6.1; WOW64) AppleWebKit/537.36 (KHTML, like Gecko) Chrome/45.0.2454.85 Safari/537.36 OPR/32.0.1948.25" "redlug.com"
78.137.38.193 - - [20/Nov/2015:23:35:33 -0800] "GET /+http://redlug.com/logs/access.log HTTP/1.1" 404 73 "http://my.baltictobacco.ru/intim-veb-chat.html" "Mozilla/5.0 (Windows NT 6.1; WOW64) AppleWebKit/537.36 (KHTML, like Gecko) Chrome/45.0.2454.93 Safari/537.36" "redlug.com"
78.137.38.193 - - [20/Nov/2015:23:35:33 -0800] "GET /redlug.com/logs/access.log HTTP/1.1" 404 73 "http://my.baltictobacco.ru/intim-veb-chat.html" "Mozilla/5.0 (Windows NT 6.1; WOW64) AppleWebKit/537.36 (KHTML, like Gecko) Chrome/45.0.2454.93 Safari/537.36" "redlug.com"
78.137.38.193 - - [20/Nov/2015:23:35:34 -0800] "GET /+http://redlug.com/logs/access.log HTTP/1.1" 404 73 "http://my.baltictobacco.ru/intim-veb-chat.html" "Mozilla/5.0 (Windows NT 6.3; WOW64) AppleWebKit/537.36 (KHTML, like Gecko) Chrome/45.0.2454.101 Safari/537.36" "redlug.com"
78.137.38.193 - - [20/Nov/2015:23:35:34 -0800] "GET /redlug.com/logs/access.log HTTP/1.1" 404 73 "http://my.baltictobacco.ru/intim-veb-chat.html" "Mozilla/5.0 (Windows NT 6.3; WOW64) AppleWebKit/537.36 (KHTML, like Gecko) Chrome/45.0.2454.101 Safari/537.36" "redlug.com"
123.28.31.25 - - [20/Nov/2015:23:35:47 -0800] "POST /123321.php HTTP/1.1" 404 73 "-" "gSOAP/2.7" "redlug.com"
212.92.232.129 - - [20/Nov/2015:23:36:08 -0800] "GET /logs/access_130930.log HTTP/1.1" 404 73 "http://xenicales.aircus.com/" "Mozilla/5.0 (Windows NT 6.1; WOW64) AppleWebKit/537.4 (KHTML, like Gecko) Chrome/22.0.1229.79 Safari/537.4" "redlug.com"
212.92.232.129 - - [20/Nov/2015:23:36:28 -0800] "GET /logs/access_130930.log HTTP/1.1" 404 73 "http://xenicales.aircus.com/" "Mozilla/5.0 (Windows NT 6.0; rv:16.0) Gecko/20100101 Firefox/16.0" "redlug.com"
212.92.232.129 - - [20/Nov/2015:23:36:29 -0800] "GET /access_130930.log HTTP/1.1" 404 73 "http://xenicales.aircus.com/" "Mozilla/5.0 (Windows NT 6.0; rv:16.0) Gecko/20100101 Firefox/16.0" "redlug.com"
212.92.232.129 - - [20/Nov/2015:23:36:30 -0800] "GET /logs/access_130930.log HTTP/1.1" 404 73 "http://xenicales.aircus.com/" "Mozilla/4.0 (compatible; MSIE 6.0; Windows NT 5.1; SV1)" "redlug.com"
212.92.232.129 - - [20/Nov/2015:23:36:31 -0800] "GET /access_130930.log HTTP/1.1" 404 73 "http://xenicales.aircus.com/" "Mozilla/4.0 (compatible; MSIE 6.0; Windows NT 5.1; SV1)" "redlug.com"
208.115.113.94 - - [20/Nov/2015:23:37:11 -0800] "GET /robots.txt HTTP/1.1" 200 37 "-" "Mozilla/5.0 (compatible; DotBot/1.1; http://www.opensiteexplorer.org/dotbot, help@moz.com)" "www.redlug.com"
78.137.38.193 - - [20/Nov/2015:23:38:28 -0800] "GET /+http://redlug.com/logs/access.log HTTP/1.1" 404 73 "http://my.baltictobacco.ru/russkaya-vzroslaya-gospoja-s-rabom-video.html" "Mozilla/5.0 (Windows NT 5.1) AppleWebKit/537.36 (KHTML, like Gecko) Chrome/45.0.2454.101 Safari/537.36" "redlug.com"
78.137.38.193 - - [20/Nov/2015:23:38:39 -0800] "GET /+http://redlug.com/logs/access.log HTTP/1.1" 404 73 "http://my.baltictobacco.ru/russkaya-vzroslaya-gospoja-s-rabom-video.html" "Mozilla/5.0 (Windows NT 6.3; WOW64) AppleWebKit/537.36 (KHTML, like Gecko) Chrome/45.0.2454.101 Safari/537.36" "redlug.com"
78.137.38.193 - - [20/Nov/2015:23:38:39 -0800] "GET /redlug.com/logs/access.log HTTP/1.1" 404 73 "http://my.baltictobacco.ru/russkaya-vzroslaya-gospoja-s-rabom-video.html" "Mozilla/5.0 (Windows NT 6.3; WOW64) AppleWebKit/537.36 (KHTML, like Gecko) Chrome/45.0.2454.101 Safari/537.36" "redlug.com"
78.137.38.193 - - [20/Nov/2015:23:38:40 -0800] "GET /+http://redlug.com/logs/access.log HTTP/1.1" 404 73 "http://my.baltictobacco.ru/russkaya-vzroslaya-gospoja-s-rabom-video.html" "Mozilla/5.0 (Windows NT 6.3; WOW64) AppleWebKit/537.36 (KHTML, like Gecko) Chrome/45.0.2454.101 Safari/537.36" "redlug.com"
78.137.38.193 - - [20/Nov/2015:23:38:40 -0800] "GET /redlug.com/logs/access.log HTTP/1.1" 404 73 "http://my.baltictobacco.ru/russkaya-vzroslaya-gospoja-s-rabom-video.html" "Mozilla/5.0 (Windows NT 6.3; WOW64) AppleWebKit/537.36 (KHTML, like Gecko) Chrome/45.0.2454.101 Safari/537.36" "redlug.com"
78.137.38.193 - - [20/Nov/2015:23:38:41 -0800] "GET /+http://redlug.com/logs/access.log HTTP/1.1" 404 73 "http://my.baltictobacco.ru/russkaya-vzroslaya-gospoja-s-rabom-video.html" "Mozilla/5.0 (Windows NT 6.1; WOW64) AppleWebKit/537.36 (KHTML, like Gecko) Chrome/45.0.2454.101 Safari/537.36" "redlug.com"
78.137.38.193 - - [20/Nov/2015:23:38:41 -0800] "GET /redlug.com/logs/access.log HTTP/1.1" 404 73 "http://my.baltictobacco.ru/russkaya-vzroslaya-gospoja-s-rabom-video.html" "Mozilla/5.0 (Windows NT 6.1; WOW64) AppleWebKit/537.36 (KHTML, like Gecko) Chrome/45.0.2454.101 Safari/537.36" "redlug.com"
216.244.85.148 - - [20/Nov/2015:23:38:51 -0800] "GET /logs/access.log HTTP/1.1" 200 406418 "http://redlug.com/" "Mozilla/5.0 (Windows NT 6.3; WOW64; rv:34.0) Gecko/20100101 Firefox/34.0 AlexaToolbar/alxf-2.21" "redlug.com"
216.244.85.148 - - [20/Nov/2015:23:38:52 -0800] "GET /wp-login.php?action=register HTTP/1.1" 404 88 "http://redlug.com/" "Opera/9.80 (Windows NT 6.2; Win64; x64) Presto/2.12.388 Version/12.17" "redlug.com"
216.244.85.148 - - [20/Nov/2015:23:38:52 -0800] "GET /wp-login.php?action=register HTTP/1.1" 404 88 "http://redlug.com/wp-login.php?action=register" "Opera/9.80 (Windows NT 6.2; Win64; x64) Presto/2.12.388 Version/12.17" "redlug.com"
123.28.31.25 - - [20/Nov/2015:23:40:47 -0800] "POST /123321.php HTTP/1.1" 404 73 "-" "gSOAP/2.7" "redlug.com"
192.69.254.163 - - [20/Nov/2015:23:41:23 -0800] "GET /logs/access.log HTTP/1.1" 200 23953 "http://redlug.com/" "Mozilla/5.0 (Windows NT 6.3; WOW64; rv:34.0) Gecko/20100101 Firefox/34.0 AlexaToolbar/alxf-2.21" "redlug.com"
192.69.254.163 - - [20/Nov/2015:23:41:27 -0800] "GET /wp-login.php?action=register HTTP/1.1" 404 88 "http://redlug.com/" "Opera/9.80 (Windows NT 6.2; Win64; x64) Presto/2.12.388 Version/12.17" "redlug.com"
192.69.254.163 - - [20/Nov/2015:23:41:27 -0800] "GET /wp-login.php?action=register HTTP/1.1" 404 88 "http://redlug.com/wp-login.php?action=register" "Opera/9.80 (Windows NT 6.2; Win64; x64) Presto/2.12.388 Version/12.17" "redlug.com"
31.184.238.87 - - [20/Nov/2015:23:41:27 -0800] "GET /logs/access.log HTTP/1.1" 200 407853 "http://tadacip-buy.soup.io" "Mozilla/5.0 (Windows NT 6.3; WOW64) AppleWebKit/537.36 (KHTML, like Gecko) Chrome/32.0.1700.76 Safari/537.36" "redlug.com"
78.137.38.193 - - [20/Nov/2015:23:41:30 -0800] "GET /+http://redlug.com/logs/access.log HTTP/1.1" 404 73 "http://my.baltictobacco.ru/vlagalishe-posle-seksa.html" "Mozilla/5.0 (Windows NT 6.3; WOW64) AppleWebKit/537.36 (KHTML, like Gecko) Chrome/45.0.2454.99 Safari/537.36" "redlug.com"
78.137.38.193 - - [20/Nov/2015:23:41:30 -0800] "GET /+http://redlug.com/logs/access.log HTTP/1.1" 404 73 "http://my.baltictobacco.ru/vlagalishe-posle-seksa.html" "Mozilla/5.0 (Windows NT 6.1) AppleWebKit/537.36 (KHTML, like Gecko) Chrome/45.0.2454.101 Safari/537.36" "redlug.com"
78.137.38.193 - - [20/Nov/2015:23:41:30 -0800] "GET /redlug.com/logs/access.log HTTP/1.1" 404 73 "http://my.baltictobacco.ru/vlagalishe-posle-seksa.html" "Mozilla/5.0 (Windows NT 6.1) AppleWebKit/537.36 (KHTML, like Gecko) Chrome/45.0.2454.101 Safari/537.36" "redlug.com"
78.137.38.193 - - [20/Nov/2015:23:41:31 -0800] "GET /+http://redlug.com/logs/access.log HTTP/1.1" 404 73 "http://my.baltictobacco.ru/vlagalishe-posle-seksa.html" "Mozilla/5.0 (Windows NT 10.0; WOW64; rv:41.0) Gecko/20100101 Firefox/41.0" "redlug.com"
78.137.38.193 - - [20/Nov/2015:23:41:32 -0800] "GET /redlug.com/logs/access.log HTTP/1.1" 404 73 "http://my.baltictobacco.ru/vlagalishe-posle-seksa.html" "Mozilla/5.0 (Windows NT 10.0; WOW64; rv:41.0) Gecko/20100101 Firefox/41.0" "redlug.com"
78.137.38.193 - - [20/Nov/2015:23:41:33 -0800] "GET /+http://redlug.com/logs/access.log HTTP/1.1" 404 73 "http://my.baltictobacco.ru/vlagalishe-posle-seksa.html" "Mozilla/5.0 (Windows NT 6.1; rv:40.0) Gecko/20100101 Firefox/40.0" "redlug.com"
78.137.38.193 - - [20/Nov/2015:23:41:33 -0800] "GET /redlug.com/logs/access.log HTTP/1.1" 404 73 "http://my.baltictobacco.ru/vlagalishe-posle-seksa.html" "Mozilla/5.0 (Windows NT 6.1; rv:40.0) Gecko/20100101 Firefox/40.0" "redlug.com"
78.137.38.193 - - [20/Nov/2015:23:41:34 -0800] "GET /+http://redlug.com/logs/access.log HTTP/1.1" 404 73 "http://my.baltictobacco.ru/vlagalishe-posle-seksa.html" "Mozilla/5.0 (Windows NT 6.3; WOW64; rv:40.0) Gecko/20100101 Firefox/40.0" "redlug.com"
78.137.38.193 - - [20/Nov/2015:23:41:34 -0800] "GET /redlug.com/logs/access.log HTTP/1.1" 404 73 "http://my.baltictobacco.ru/vlagalishe-posle-seksa.html" "Mozilla/5.0 (Windows NT 6.3; WOW64; rv:40.0) Gecko/20100101 Firefox/40.0" "redlug.com"
78.137.38.193 - - [20/Nov/2015:23:44:42 -0800] "GET /+http://redlug.com/logs/access.log HTTP/1.1" 404 73 "http://my.baltictobacco.ru/video-pro-seks-po-prinujdeniy.html" "Mozilla/5.0 (Windows NT 6.1; rv:40.0) Gecko/20100101 Firefox/40.0" "redlug.com"
78.137.38.193 - - [20/Nov/2015:23:44:43 -0800] "GET /+http://redlug.com/logs/access.log HTTP/1.1" 404 73 "http://my.baltictobacco.ru/video-pro-seks-po-prinujdeniy.html" "Mozilla/5.0 (Windows NT 6.1; WOW64) AppleWebKit/537.36 (KHTML, like Gecko) Chrome/45.0.2454.99 Safari/537.36" "redlug.com"
78.137.38.193 - - [20/Nov/2015:23:44:43 -0800] "GET /redlug.com/logs/access.log HTTP/1.1" 404 73 "http://my.baltictobacco.ru/video-pro-seks-po-prinujdeniy.html" "Mozilla/5.0 (Windows NT 6.1; WOW64) AppleWebKit/537.36 (KHTML, like Gecko) Chrome/45.0.2454.99 Safari/537.36" "redlug.com"
78.137.38.193 - - [20/Nov/2015:23:44:44 -0800] "GET /+http://redlug.com/logs/access.log HTTP/1.1" 404 73 "http://my.baltictobacco.ru/video-pro-seks-po-prinujdeniy.html" "Mozilla/5.0 (Windows NT 10.0; WOW64; rv:40.0) Gecko/20100101 Firefox/40.0" "redlug.com"
78.137.38.193 - - [20/Nov/2015:23:44:44 -0800] "GET /redlug.com/logs/access.log HTTP/1.1" 404 73 "http://my.baltictobacco.ru/video-pro-seks-po-prinujdeniy.html" "Mozilla/5.0 (Windows NT 10.0; WOW64; rv:40.0) Gecko/20100101 Firefox/40.0" "redlug.com"
78.137.38.193 - - [20/Nov/2015:23:44:44 -0800] "GET /+http://redlug.com/logs/access.log HTTP/1.1" 404 73 "http://my.baltictobacco.ru/video-pro-seks-po-prinujdeniy.html" "Mozilla/5.0 (Windows NT 6.3; WOW64; rv:40.0) Gecko/20100101 Firefox/40.0" "redlug.com"
78.137.38.193 - - [20/Nov/2015:23:44:45 -0800] "GET /redlug.com/logs/access.log HTTP/1.1" 404 73 "http://my.baltictobacco.ru/video-pro-seks-po-prinujdeniy.html" "Mozilla/5.0 (Windows NT 6.3; WOW64; rv:40.0) Gecko/20100101 Firefox/40.0" "redlug.com"
78.137.38.193 - - [20/Nov/2015:23:44:45 -0800] "GET /+http://redlug.com/logs/access.log HTTP/1.1" 404 73 "http://my.baltictobacco.ru/video-pro-seks-po-prinujdeniy.html" "Mozilla/5.0 (Windows NT 6.1; WOW64) AppleWebKit/537.36 (KHTML, like Gecko) Chrome/45.0.2454.85 Safari/537.36 OPR/32.0.1948.25" "redlug.com"
78.137.38.193 - - [20/Nov/2015:23:44:46 -0800] "GET /redlug.com/logs/access.log HTTP/1.1" 404 73 "http://my.baltictobacco.ru/video-pro-seks-po-prinujdeniy.html" "Mozilla/5.0 (Windows NT 6.1; WOW64) AppleWebKit/537.36 (KHTML, like Gecko) Chrome/45.0.2454.85 Safari/537.36 OPR/32.0.1948.25" "redlug.com"
151.80.31.144 - - [20/Nov/2015:23:44:48 -0800] "GET /sitemap/0403Racism.htm HTTP/1.1" 404 88 "-" "Mozilla/5.0 (compatible; AhrefsBot/5.0; +http://ahrefs.com/robot/)" "www.redlug.com"
123.28.31.25 - - [20/Nov/2015:23:45:47 -0800] "POST /123321.php HTTP/1.1" 404 73 "-" "gSOAP/2.7" "redlug.com"
91.116.246.72 - - [20/Nov/2015:23:46:34 -0800] "GET /logs/access.log HTTP/1.1" 200 413145 "-" "Mozilla/5.0 (X11; Linux x86_64; rv:2.0b8pre) Gecko/20101011 Firefox/4.0b8pre" "redlug.com"
78.137.38.193 - - [20/Nov/2015:23:47:51 -0800] "GET /+http://redlug.com/logs/access.log HTTP/1.1" 404 73 "http://my.baltictobacco.ru/porno-ynih-vzroslih-video.html" "Mozilla/5.0 (Windows NT 10.0; WOW64) AppleWebKit/537.36 (KHTML, like Gecko) Chrome/45.0.2454.99 Safari/537.36" "redlug.com"
78.137.38.193 - - [20/Nov/2015:23:47:51 -0800] "GET /+http://redlug.com/logs/access.log HTTP/1.1" 404 73 "http://my.baltictobacco.ru/porno-ynih-vzroslih-video.html" "Mozilla/5.0 (Windows NT 6.1; WOW64; rv:40.0) Gecko/20100101 Firefox/40.0" "redlug.com"
78.137.38.193 - - [20/Nov/2015:23:47:52 -0800] "GET /redlug.com/logs/access.log HTTP/1.1" 404 73 "http://my.baltictobacco.ru/porno-ynih-vzroslih-video.html" "Mozilla/5.0 (Windows NT 6.1; WOW64; rv:40.0) Gecko/20100101 Firefox/40.0" "redlug.com"
78.137.38.193 - - [20/Nov/2015:23:47:52 -0800] "GET /+http://redlug.com/logs/access.log HTTP/1.1" 404 73 "http://my.baltictobacco.ru/porno-ynih-vzroslih-video.html" "Mozilla/5.0 (Windows NT 10.0; WOW64; rv:40.0) Gecko/20100101 Firefox/40.0" "redlug.com"
78.137.38.193 - - [20/Nov/2015:23:47:52 -0800] "GET /redlug.com/logs/access.log HTTP/1.1" 404 73 "http://my.baltictobacco.ru/porno-ynih-vzroslih-video.html" "Mozilla/5.0 (Windows NT 10.0; WOW64; rv:40.0) Gecko/20100101 Firefox/40.0" "redlug.com"
78.137.38.193 - - [20/Nov/2015:23:47:53 -0800] "GET /+http://redlug.com/logs/access.log HTTP/1.1" 404 73 "http://my.baltictobacco.ru/porno-ynih-vzroslih-video.html" "Mozilla/5.0 (Windows NT 6.1; WOW64) AppleWebKit/537.36 (KHTML, like Gecko) Chrome/45.0.2454.85 Safari/537.36 OPR/32.0.1948.25" "redlug.com"
78.137.38.193 - - [20/Nov/2015:23:47:53 -0800] "GET /redlug.com/logs/access.log HTTP/1.1" 404 73 "http://my.baltictobacco.ru/porno-ynih-vzroslih-video.html" "Mozilla/5.0 (Windows NT 6.1; WOW64) AppleWebKit/537.36 (KHTML, like Gecko) Chrome/45.0.2454.85 Safari/537.36 OPR/32.0.1948.25" "redlug.com"
78.137.38.193 - - [20/Nov/2015:23:47:54 -0800] "GET /+http://redlug.com/logs/access.log HTTP/1.1" 404 73 "http://my.baltictobacco.ru/porno-ynih-vzroslih-video.html" "Mozilla/5.0 (Windows NT 10.0; WOW64; rv:40.0) Gecko/20100101 Firefox/40.0" "redlug.com"
78.137.38.193 - - [20/Nov/2015:23:47:54 -0800] "GET /redlug.com/logs/access.log HTTP/1.1" 404 73 "http://my.baltictobacco.ru/porno-ynih-vzroslih-video.html" "Mozilla/5.0 (Windows NT 10.0; WOW64; rv:40.0) Gecko/20100101 Firefox/40.0" "redlug.com"
151.80.31.144 - - [20/Nov/2015:23:48:00 -0800] "GET /images/2007/?C=M;O=A HTTP/1.1" 200 573 "-" "Mozilla/5.0 (compatible; AhrefsBot/5.0; +http://ahrefs.com/robot/)" "redlug.com"
123.28.31.25 - - [20/Nov/2015:23:50:47 -0800] "POST /123321.php HTTP/1.1" 404 73 "-" "gSOAP/2.7" "redlug.com"
78.137.38.193 - - [20/Nov/2015:23:51:07 -0800] "GET /+http://redlug.com/logs/access.log HTTP/1.1" 404 73 "http://my.baltictobacco.ru/kupit-videochat.html" "Mozilla/5.0 (Windows NT 6.3; WOW64) AppleWebKit/537.36 (KHTML, like Gecko) Chrome/45.0.2454.99 Safari/537.36" "redlug.com"
78.137.38.193 - - [20/Nov/2015:23:51:07 -0800] "GET /+http://redlug.com/logs/access.log HTTP/1.1" 404 73 "http://my.baltictobacco.ru/kupit-videochat.html" "Mozilla/5.0 (Windows NT 5.1; rv:40.0) Gecko/20100101 Firefox/40.0" "redlug.com"
78.137.38.193 - - [20/Nov/2015:23:51:08 -0800] "GET /redlug.com/logs/access.log HTTP/1.1" 404 73 "http://my.baltictobacco.ru/kupit-videochat.html" "Mozilla/5.0 (Windows NT 5.1; rv:40.0) Gecko/20100101 Firefox/40.0" "redlug.com"
78.137.38.193 - - [20/Nov/2015:23:51:08 -0800] "GET /+http://redlug.com/logs/access.log HTTP/1.1" 404 73 "http://my.baltictobacco.ru/kupit-videochat.html" "Mozilla/5.0 (Windows NT 6.1; rv:40.0) Gecko/20100101 Firefox/40.0" "redlug.com"
78.137.38.193 - - [20/Nov/2015:23:51:09 -0800] "GET /redlug.com/logs/access.log HTTP/1.1" 404 73 "http://my.baltictobacco.ru/kupit-videochat.html" "Mozilla/5.0 (Windows NT 6.1; rv:40.0) Gecko/20100101 Firefox/40.0" "redlug.com"
78.137.38.193 - - [20/Nov/2015:23:51:09 -0800] "GET /+http://redlug.com/logs/access.log HTTP/1.1" 404 73 "http://my.baltictobacco.ru/kupit-videochat.html" "Mozilla/5.0 (Windows NT 6.1; WOW64) AppleWebKit/537.36 (KHTML, like Gecko) Chrome/45.0.2454.93 Safari/537.36" "redlug.com"
78.137.38.193 - - [20/Nov/2015:23:51:09 -0800] "GET /redlug.com/logs/access.log HTTP/1.1" 404 73 "http://my.baltictobacco.ru/kupit-videochat.html" "Mozilla/5.0 (Windows NT 6.1; WOW64) AppleWebKit/537.36 (KHTML, like Gecko) Chrome/45.0.2454.93 Safari/537.36" "redlug.com"
78.137.38.193 - - [20/Nov/2015:23:51:10 -0800] "GET /+http://redlug.com/logs/access.log HTTP/1.1" 404 73 "http://my.baltictobacco.ru/kupit-videochat.html" "Mozilla/5.0 (Windows NT 10.0; WOW64) AppleWebKit/537.36 (KHTML, like Gecko) Chrome/45.0.2454.101 Safari/537.36" "redlug.com"
78.137.38.193 - - [20/Nov/2015:23:51:10 -0800] "GET /redlug.com/logs/access.log HTTP/1.1" 404 73 "http://my.baltictobacco.ru/kupit-videochat.html" "Mozilla/5.0 (Windows NT 10.0; WOW64) AppleWebKit/537.36 (KHTML, like Gecko) Chrome/45.0.2454.101 Safari/537.36" "redlug.com"
31.184.238.87 - - [20/Nov/2015:23:52:36 -0800] "GET /logs/access.log HTTP/1.1" 200 418322 "http://buycefuroximequickdelivery.soup.io" "Mozilla/5.0 (Windows NT 6.0) AppleWebKit/537.36 (KHTML, like Gecko) Chrome/32.0.1700.107 Safari/537.36" "redlug.com"
78.137.38.193 - - [20/Nov/2015:23:54:24 -0800] "GET /+http://redlug.com/logs/access.log HTTP/1.1" 404 73 "http://my.baltictobacco.ru/skachat-porno-dominirovanie.html" "Mozilla/5.0 (Windows NT 6.1; WOW64; rv:40.0) Gecko/20100101 Firefox/40.0" "redlug.com"
78.137.38.193 - - [20/Nov/2015:23:54:24 -0800] "GET /+http://redlug.com/logs/access.log HTTP/1.1" 404 73 "http://my.baltictobacco.ru/skachat-porno-dominirovanie.html" "Mozilla/5.0 (Windows NT 6.1; WOW64) AppleWebKit/537.36 (KHTML, like Gecko) Chrome/45.0.2454.93 Safari/537.36" "redlug.com"
78.137.38.193 - - [20/Nov/2015:23:54:25 -0800] "GET /redlug.com/logs/access.log HTTP/1.1" 404 73 "http://my.baltictobacco.ru/skachat-porno-dominirovanie.html" "Mozilla/5.0 (Windows NT 6.1; WOW64) AppleWebKit/537.36 (KHTML, like Gecko) Chrome/45.0.2454.93 Safari/537.36" "redlug.com"
78.137.38.193 - - [20/Nov/2015:23:54:25 -0800] "GET /+http://redlug.com/logs/access.log HTTP/1.1" 404 73 "http://my.baltictobacco.ru/skachat-porno-dominirovanie.html" "Mozilla/5.0 (Windows NT 6.3; WOW64; rv:40.0) Gecko/20100101 Firefox/40.0" "redlug.com"
78.137.38.193 - - [20/Nov/2015:23:54:25 -0800] "GET /redlug.com/logs/access.log HTTP/1.1" 404 73 "http://my.baltictobacco.ru/skachat-porno-dominirovanie.html" "Mozilla/5.0 (Windows NT 6.3; WOW64; rv:40.0) Gecko/20100101 Firefox/40.0" "redlug.com"
78.137.38.193 - - [20/Nov/2015:23:54:26 -0800] "GET /+http://redlug.com/logs/access.log HTTP/1.1" 404 73 "http://my.baltictobacco.ru/skachat-porno-dominirovanie.html" "Mozilla/5.0 (Windows NT 5.1) AppleWebKit/537.36 (KHTML, like Gecko) Chrome/45.0.2454.101 Safari/537.36" "redlug.com"
78.137.38.193 - - [20/Nov/2015:23:54:26 -0800] "GET /redlug.com/logs/access.log HTTP/1.1" 404 73 "http://my.baltictobacco.ru/skachat-porno-dominirovanie.html" "Mozilla/5.0 (Windows NT 5.1) AppleWebKit/537.36 (KHTML, like Gecko) Chrome/45.0.2454.101 Safari/537.36" "redlug.com"
78.137.38.193 - - [20/Nov/2015:23:54:27 -0800] "GET /+http://redlug.com/logs/access.log HTTP/1.1" 404 73 "http://my.baltictobacco.ru/skachat-porno-dominirovanie.html" "Mozilla/5.0 (Windows NT 6.3; WOW64) AppleWebKit/537.36 (KHTML, like Gecko) Chrome/45.0.2454.101 Safari/537.36" "redlug.com"
78.137.38.193 - - [20/Nov/2015:23:54:27 -0800] "GET /redlug.com/logs/access.log HTTP/1.1" 404 73 "http://my.baltictobacco.ru/skachat-porno-dominirovanie.html" "Mozilla/5.0 (Windows NT 6.3; WOW64) AppleWebKit/537.36 (KHTML, like Gecko) Chrome/45.0.2454.101 Safari/537.36" "redlug.com"
31.184.238.87 - - [20/Nov/2015:23:55:06 -0800] "GET /logs/access.log HTTP/1.1" 200 421043 "http://gravatar.com/cratupasderrater" "Mozilla/5.0 (Windows NT 5.1) AppleWebKit/537.36 (KHTML, like Gecko) Chrome/33.0.1750.117 Safari/537.36" "redlug.com"
123.28.31.25 - - [20/Nov/2015:23:55:47 -0800] "POST /123321.php HTTP/1.1" 404 73 "-" "gSOAP/2.7" "redlug.com"
78.137.38.193 - - [20/Nov/2015:23:57:37 -0800] "GET /+http://redlug.com/logs/access.log HTTP/1.1" 404 73 "http://my.baltictobacco.ru/index-1-517.html" "Mozilla/5.0 (Windows NT 10.0; WOW64) AppleWebKit/537.36 (KHTML, like Gecko) Chrome/45.0.2454.99 Safari/537.36" "redlug.com"
78.137.38.193 - - [20/Nov/2015:23:57:37 -0800] "GET /+http://redlug.com/logs/access.log HTTP/1.1" 404 73 "http://my.baltictobacco.ru/index-1-517.html" "Mozilla/5.0 (Windows NT 6.1; WOW64; rv:41.0) Gecko/20100101 Firefox/41.0" "redlug.com"
78.137.38.193 - - [20/Nov/2015:23:57:37 -0800] "GET /redlug.com/logs/access.log HTTP/1.1" 404 73 "http://my.baltictobacco.ru/index-1-517.html" "Mozilla/5.0 (Windows NT 6.1; WOW64; rv:41.0) Gecko/20100101 Firefox/41.0" "redlug.com"
78.137.38.193 - - [20/Nov/2015:23:57:38 -0800] "GET /+http://redlug.com/logs/access.log HTTP/1.1" 404 73 "http://my.baltictobacco.ru/index-1-517.html" "Mozilla/5.0 (Windows NT 6.1; WOW64) AppleWebKit/537.36 (KHTML, like Gecko) Chrome/45.0.2454.85 Safari/537.36 OPR/32.0.1948.25" "redlug.com"
78.137.38.193 - - [20/Nov/2015:23:57:38 -0800] "GET /redlug.com/logs/access.log HTTP/1.1" 404 73 "http://my.baltictobacco.ru/index-1-517.html" "Mozilla/5.0 (Windows NT 6.1; WOW64) AppleWebKit/537.36 (KHTML, like Gecko) Chrome/45.0.2454.85 Safari/537.36 OPR/32.0.1948.25" "redlug.com"
78.137.38.193 - - [20/Nov/2015:23:57:39 -0800] "GET /+http://redlug.com/logs/access.log HTTP/1.1" 404 73 "http://my.baltictobacco.ru/index-1-517.html" "Mozilla/5.0 (Windows NT 6.1; WOW64) AppleWebKit/537.36 (KHTML, like Gecko) Chrome/45.0.2454.85 Safari/537.36 OPR/32.0.1948.25" "redlug.com"
78.137.38.193 - - [20/Nov/2015:23:57:39 -0800] "GET /redlug.com/logs/access.log HTTP/1.1" 404 73 "http://my.baltictobacco.ru/index-1-517.html" "Mozilla/5.0 (Windows NT 6.1; WOW64) AppleWebKit/537.36 (KHTML, like Gecko) Chrome/45.0.2454.85 Safari/537.36 OPR/32.0.1948.25" "redlug.com"
78.137.38.193 - - [20/Nov/2015:23:57:39 -0800] "GET /+http://redlug.com/logs/access.log HTTP/1.1" 404 73 "http://my.baltictobacco.ru/index-1-517.html" "Mozilla/5.0 (Windows NT 6.1) AppleWebKit/537.36 (KHTML, like Gecko) Chrome/45.0.2454.101 Safari/537.36" "redlug.com"
78.137.38.193 - - [20/Nov/2015:23:57:40 -0800] "GET /redlug.com/logs/access.log HTTP/1.1" 404 73 "http://my.baltictobacco.ru/index-1-517.html" "Mozilla/5.0 (Windows NT 6.1) AppleWebKit/537.36 (KHTML, like Gecko) Chrome/45.0.2454.101 Safari/537.36" "redlug.com"
157.55.39.24 - - [20/Nov/2015:23:57:54 -0800] "GET /robots.txt HTTP/1.1" 200 37 "-" "Mozilla/5.0 (compatible; bingbot/2.0; +http://www.bing.com/bingbot.htm)" "redlug.com"
212.92.232.129 - - [21/Nov/2015:00:00:42 -0800] "GET /logs/access_130930.log HTTP/1.1" 404 73 "http://xenicales.aircus.com/" "Mozilla/5.0 (Windows NT 6.1; WOW64) AppleWebKit/535.19 (KHTML, like Gecko) Chrome/18.0.1025.152 Safari/535.19 CoolNovo/2.0.3.55" "redlug.com"
212.92.232.129 - - [21/Nov/2015:00:00:43 -0800] "GET /access_130930.log HTTP/1.1" 404 73 "http://xenicales.aircus.com/" "Mozilla/4.0 (compatible; MSIE 8.0; Windows NT 5.2; Trident/4.0; .NET CLR 1.1.4322)" "redlug.com"
212.92.232.129 - - [21/Nov/2015:00:00:44 -0800] "GET /logs/access_130930.log HTTP/1.1" 404 73 "http://xenicales.aircus.com/" "Mozilla/5.0 (compatible; MSIE 9.0; Windows NT 6.1; Trident/5.0)" "redlug.com"
212.92.232.129 - - [21/Nov/2015:00:00:44 -0800] "GET /access_130930.log HTTP/1.1" 404 73 "http://xenicales.aircus.com/" "Mozilla/5.0 (compatible; MSIE 9.0; Windows NT 6.1; Trident/5.0)" "redlug.com"
78.137.38.193 - - [21/Nov/2015:00:00:45 -0800] "GET /+http://redlug.com/logs/access.log HTTP/1.1" 404 73 "http://my.baltictobacco.ru/chat-ruletka-rossiya-besplatno.html" "Mozilla/5.0 (Windows NT 6.1; WOW64) AppleWebKit/537.36 (KHTML, like Gecko) Chrome/43.0.2357.124 YaBrowser/15.7.2357.2877 Safari/537.36" "redlug.com"
212.92.232.129 - - [21/Nov/2015:00:00:45 -0800] "GET /logs/access_130930.log HTTP/1.1" 404 73 "http://xenicales.aircus.com/" "Mozilla/5.0 (Windows; U; Windows NT 6.1; en-US; rv:1.9.2.22) Gecko/20110902 Firefox/3.6.22" "redlug.com"
78.137.38.193 - - [21/Nov/2015:00:00:45 -0800] "GET /+http://redlug.com/logs/access.log HTTP/1.1" 404 73 "http://my.baltictobacco.ru/chat-ruletka-rossiya-besplatno.html" "Mozilla/5.0 (Windows NT 10.0; WOW64; rv:40.0) Gecko/20100101 Firefox/40.0" "redlug.com"
78.137.38.193 - - [21/Nov/2015:00:00:46 -0800] "GET /redlug.com/logs/access.log HTTP/1.1" 404 73 "http://my.baltictobacco.ru/chat-ruletka-rossiya-besplatno.html" "Mozilla/5.0 (Windows NT 10.0; WOW64; rv:40.0) Gecko/20100101 Firefox/40.0" "redlug.com"
78.137.38.193 - - [21/Nov/2015:00:00:46 -0800] "GET /+http://redlug.com/logs/access.log HTTP/1.1" 404 73 "http://my.baltictobacco.ru/chat-ruletka-rossiya-besplatno.html" "Mozilla/5.0 (Windows NT 6.1; WOW64) AppleWebKit/537.36 (KHTML, like Gecko) Chrome/45.0.2454.93 Safari/537.36" "redlug.com"
212.92.232.129 - - [21/Nov/2015:00:00:46 -0800] "GET /access_130930.log HTTP/1.1" 404 73 "http://xenicales.aircus.com/" "Mozilla/5.0 (Windows; U; Windows NT 6.1; en-US; rv:1.9.2.22) Gecko/20110902 Firefox/3.6.22" "redlug.com"
78.137.38.193 - - [21/Nov/2015:00:00:46 -0800] "GET /redlug.com/logs/access.log HTTP/1.1" 404 73 "http://my.baltictobacco.ru/chat-ruletka-rossiya-besplatno.html" "Mozilla/5.0 (Windows NT 6.1; WOW64) AppleWebKit/537.36 (KHTML, like Gecko) Chrome/45.0.2454.93 Safari/537.36" "redlug.com"
78.137.38.193 - - [21/Nov/2015:00:00:47 -0800] "GET /+http://redlug.com/logs/access.log HTTP/1.1" 404 73 "http://my.baltictobacco.ru/chat-ruletka-rossiya-besplatno.html" "Mozilla/5.0 (Windows NT 10.0; WOW64) AppleWebKit/537.36 (KHTML, like Gecko) Chrome/45.0.2454.99 Safari/537.36" "redlug.com"
78.137.38.193 - - [21/Nov/2015:00:00:47 -0800] "GET /redlug.com/logs/access.log HTTP/1.1" 404 73 "http://my.baltictobacco.ru/chat-ruletka-rossiya-besplatno.html" "Mozilla/5.0 (Windows NT 10.0; WOW64) AppleWebKit/537.36 (KHTML, like Gecko) Chrome/45.0.2454.99 Safari/537.36" "redlug.com"
123.28.31.25 - - [21/Nov/2015:00:00:47 -0800] "POST /123321.php HTTP/1.1" 404 73 "-" "gSOAP/2.7" "redlug.com"
78.137.38.193 - - [21/Nov/2015:00:00:47 -0800] "GET /+http://redlug.com/logs/access.log HTTP/1.1" 404 73 "http://my.baltictobacco.ru/chat-ruletka-rossiya-besplatno.html" "Mozilla/5.0 (Windows NT 6.1) AppleWebKit/537.36 (KHTML, like Gecko) Chrome/45.0.2454.101 Safari/537.36" "redlug.com"
78.137.38.193 - - [21/Nov/2015:00:00:48 -0800] "GET /redlug.com/logs/access.log HTTP/1.1" 404 73 "http://my.baltictobacco.ru/chat-ruletka-rossiya-besplatno.html" "Mozilla/5.0 (Windows NT 6.1) AppleWebKit/537.36 (KHTML, like Gecko) Chrome/45.0.2454.101 Safari/537.36" "redlug.com"
78.137.38.193 - - [21/Nov/2015:00:03:50 -0800] "GET /+http://redlug.com/logs/access.log HTTP/1.1" 404 73 "http://my.baltictobacco.ru/seks-v-vzroslom-vozraste.html" "Mozilla/5.0 (Windows NT 6.3; WOW64) AppleWebKit/537.36 (KHTML, like Gecko) Chrome/45.0.2454.101 Safari/537.36" "redlug.com"
78.137.38.193 - - [21/Nov/2015:00:03:51 -0800] "GET /+http://redlug.com/logs/access.log HTTP/1.1" 404 73 "http://my.baltictobacco.ru/seks-v-vzroslom-vozraste.html" "Mozilla/5.0 (Windows NT 6.1) AppleWebKit/537.36 (KHTML, like Gecko) Chrome/45.0.2454.99 Safari/537.36" "redlug.com"
78.137.38.193 - - [21/Nov/2015:00:03:52 -0800] "GET /+http://redlug.com/logs/access.log HTTP/1.1" 404 73 "http://my.baltictobacco.ru/seks-v-vzroslom-vozraste.html" "Mozilla/5.0 (Windows NT 5.1) AppleWebKit/537.36 (KHTML, like Gecko) Chrome/45.0.2454.101 Safari/537.36" "redlug.com"
78.137.38.193 - - [21/Nov/2015:00:03:52 -0800] "GET /redlug.com/logs/access.log HTTP/1.1" 404 73 "http://my.baltictobacco.ru/seks-v-vzroslom-vozraste.html" "Mozilla/5.0 (Windows NT 5.1) AppleWebKit/537.36 (KHTML, like Gecko) Chrome/45.0.2454.101 Safari/537.36" "redlug.com"
78.137.38.193 - - [21/Nov/2015:00:03:53 -0800] "GET /redlug.com/logs/access.log HTTP/1.1" 404 73 "http://my.baltictobacco.ru/seks-v-vzroslom-vozraste.html" "Mozilla/5.0 (Windows NT 6.3; WOW64) AppleWebKit/537.36 (KHTML, like Gecko) Chrome/45.0.2454.99 Safari/537.36" "redlug.com"
78.137.38.193 - - [21/Nov/2015:00:03:54 -0800] "GET /+http://redlug.com/logs/access.log HTTP/1.1" 404 73 "http://my.baltictobacco.ru/seks-v-vzroslom-vozraste.html" "Mozilla/5.0 (Windows NT 6.1; WOW64; rv:41.0) Gecko/20100101 Firefox/41.0" "redlug.com"
75.108.21.166 - - [21/Nov/2015:00:04:28 -0800] "GET / HTTP/1.1" 200 1272 "-" "Mozilla/5.0 (iPhone; CPU iPhone OS 9_1 like Mac OS X) AppleWebKit/601.1.46 (KHTML, like Gecko) Version/9.0 Mobile/13B143 Safari/601.1" "redlug.com"
123.28.31.25 - - [21/Nov/2015:00:05:47 -0800] "POST /123321.php HTTP/1.1" 404 73 "-" "gSOAP/2.7" "redlug.com"
31.184.238.87 - - [21/Nov/2015:00:06:10 -0800] "GET /logs/access.log HTTP/1.1" 200 430009 "http://buy-lincomycin-500mg.soup.io" "Mozilla/5.0 (Windows NT 6.1; WOW64) AppleWebKit/537.36 (KHTML, like Gecko) Chrome/33.0.1750.146 Safari/537.36" "redlug.com"
78.137.38.193 - - [21/Nov/2015:00:06:47 -0800] "GET /+http://redlug.com/logs/access.log HTTP/1.1" 404 73 "http://trcew.ru/partner.htm" "Mozilla/5.0 (Windows NT 6.3; WOW64; rv:40.0) Gecko/20100101 Firefox/40.0" "redlug.com"
78.137.38.193 - - [21/Nov/2015:00:06:48 -0800] "GET /+http://redlug.com/logs/access.log HTTP/1.1" 404 73 "http://trcew.ru/partner.htm" "Mozilla/5.0 (Windows NT 10.0; WOW64) AppleWebKit/537.36 (KHTML, like Gecko) Chrome/45.0.2454.99 Safari/537.36" "redlug.com"
78.137.38.193 - - [21/Nov/2015:00:06:48 -0800] "GET /+http://redlug.com/logs/access.log HTTP/1.1" 404 73 "http://trcew.ru/partner.htm" "Mozilla/5.0 (Windows NT 6.1; WOW64) AppleWebKit/537.36 (KHTML, like Gecko) Chrome/45.0.2454.101 Safari/537.36" "redlug.com"
78.137.38.193 - - [21/Nov/2015:00:06:50 -0800] "GET /redlug.com/logs/access.log HTTP/1.1" 404 73 "http://trcew.ru/partner.htm" "Mozilla/5.0 (Windows NT 5.1) AppleWebKit/537.36 (KHTML, like Gecko) Chrome/45.0.2454.101 Safari/537.36" "redlug.com"
78.137.38.193 - - [21/Nov/2015:00:06:50 -0800] "GET /+http://redlug.com/logs/access.log HTTP/1.1" 404 73 "http://trcew.ru/partner.htm" "Mozilla/5.0 (Windows NT 6.1; WOW64) AppleWebKit/537.36 (KHTML, like Gecko) Chrome/45.0.2454.99 Safari/537.36" "redlug.com"
78.137.38.193 - - [21/Nov/2015:00:06:50 -0800] "GET /redlug.com/logs/access.log HTTP/1.1" 404 73 "http://trcew.ru/partner.htm" "Mozilla/5.0 (Windows NT 6.1; WOW64) AppleWebKit/537.36 (KHTML, like Gecko) Chrome/45.0.2454.99 Safari/537.36" "redlug.com"
31.184.238.87 - - [21/Nov/2015:00:08:35 -0800] "GET /logs/access.log HTTP/1.1" 200 431760 "http://44usinemet25mg.forumcircle.com" "Mozilla/5.0 (Windows NT 6.1; WOW64) AppleWebKit/537.36 (KHTML, like Gecko) Chrome/32.0.1700.102 Safari/537.36 OPR/19.0.1326.59" "redlug.com"
78.137.38.193 - - [21/Nov/2015:00:09:44 -0800] "GET /+http://redlug.com/logs/access.log HTTP/1.1" 404 73 "http://trcew.ru/reklama.htm" "Mozilla/5.0 (Windows NT 6.1) AppleWebKit/537.36 (KHTML, like Gecko) Chrome/45.0.2454.99 Safari/537.36" "redlug.com"
78.137.38.193 - - [21/Nov/2015:00:09:45 -0800] "GET /redlug.com/logs/access.log HTTP/1.1" 404 73 "http://trcew.ru/reklama.htm" "Mozilla/5.0 (Windows NT 6.1) AppleWebKit/537.36 (KHTML, like Gecko) Chrome/45.0.2454.99 Safari/537.36" "redlug.com"
78.137.38.193 - - [21/Nov/2015:00:09:45 -0800] "GET /+http://redlug.com/logs/access.log HTTP/1.1" 404 73 "http://trcew.ru/reklama.htm" "Mozilla/5.0 (Windows NT 6.1; WOW64) AppleWebKit/537.36 (KHTML, like Gecko) Chrome/43.0.2357.124 YaBrowser/15.7.2357.2877 Safari/537.36" "redlug.com"
78.137.38.193 - - [21/Nov/2015:00:09:46 -0800] "GET /redlug.com/logs/access.log HTTP/1.1" 404 73 "http://trcew.ru/reklama.htm" "Mozilla/5.0 (Windows NT 6.1; WOW64) AppleWebKit/537.36 (KHTML, like Gecko) Chrome/43.0.2357.124 YaBrowser/15.7.2357.2877 Safari/537.36" "redlug.com"
78.137.38.193 - - [21/Nov/2015:00:09:46 -0800] "GET /+http://redlug.com/logs/access.log HTTP/1.1" 404 73 "http://trcew.ru/reklama.htm" "Mozilla/5.0 (Windows NT 6.1) AppleWebKit/537.36 (KHTML, like Gecko) Chrome/45.0.2454.99 Safari/537.36" "redlug.com"
78.137.38.193 - - [21/Nov/2015:00:09:46 -0800] "GET /redlug.com/logs/access.log HTTP/1.1" 404 73 "http://trcew.ru/reklama.htm" "Mozilla/5.0 (Windows NT 6.1) AppleWebKit/537.36 (KHTML, like Gecko) Chrome/45.0.2454.99 Safari/537.36" "redlug.com"
78.137.38.193 - - [21/Nov/2015:00:09:47 -0800] "GET /+http://redlug.com/logs/access.log HTTP/1.1" 404 73 "http://trcew.ru/reklama.htm" "Mozilla/5.0 (Windows NT 5.1; rv:40.0) Gecko/20100101 Firefox/40.0" "redlug.com"
123.28.31.25 - - [21/Nov/2015:00:10:47 -0800] "POST /123321.php HTTP/1.1" 404 73 "-" "gSOAP/2.7" "redlug.com"
122.180.87.190 - - [21/Nov/2015:00:11:58 -0800] "GET / HTTP/1.1" 200 1272 "https://www.google.co.in/" "Mozilla/5.0 (Windows NT 6.1) AppleWebKit/537.36 (KHTML, like Gecko) Chrome/46.0.2490.86 Safari/537.36" "redlug.com"
78.137.38.193 - - [21/Nov/2015:00:12:44 -0800] "GET /+http://redlug.com/logs/access.log HTTP/1.1" 404 73 "http://trcew.ru/carta.htm" "Mozilla/5.0 (Windows NT 10.0; WOW64; rv:41.0) Gecko/20100101 Firefox/41.0" "redlug.com"
78.137.38.193 - - [21/Nov/2015:00:12:44 -0800] "GET /+http://redlug.com/logs/access.log HTTP/1.1" 404 73 "http://trcew.ru/carta.htm" "Mozilla/5.0 (Windows NT 6.3; WOW64; rv:40.0) Gecko/20100101 Firefox/40.0" "redlug.com"
78.137.38.193 - - [21/Nov/2015:00:12:45 -0800] "GET /redlug.com/logs/access.log HTTP/1.1" 404 73 "http://trcew.ru/carta.htm" "Mozilla/5.0 (Windows NT 6.3; WOW64; rv:40.0) Gecko/20100101 Firefox/40.0" "redlug.com"
78.137.38.193 - - [21/Nov/2015:00:12:45 -0800] "GET /+http://redlug.com/logs/access.log HTTP/1.1" 404 73 "http://trcew.ru/carta.htm" "Mozilla/5.0 (Windows NT 6.1) AppleWebKit/537.36 (KHTML, like Gecko) Chrome/45.0.2454.101 Safari/537.36" "redlug.com"
157.55.39.24 - - [21/Nov/2015:00:12:45 -0800] "GET /LabHist/1983Marxism.htm HTTP/1.1" 200 4067 "-" "Mozilla/5.0 (compatible; bingbot/2.0; +http://www.bing.com/bingbot.htm)" "redlug.com"
157.55.39.24 - - [21/Nov/2015:00:12:45 -0800] "GET /Socialist/0510Prison.htm HTTP/1.1" 200 1772 "-" "Mozilla/5.0 (iPhone; CPU iPhone OS 7_0 like Mac OS X) AppleWebKit/537.51.1 (KHTML, like Gecko) Version/7.0 Mobile/11A465 Safari/9537.53 (compatible; bingbot/2.0;  http://www.bing.com/bingbot.htm)" "redlug.com"
78.137.38.193 - - [21/Nov/2015:00:12:45 -0800] "GET /redlug.com/logs/access.log HTTP/1.1" 404 73 "http://trcew.ru/carta.htm" "Mozilla/5.0 (Windows NT 6.1) AppleWebKit/537.36 (KHTML, like Gecko) Chrome/45.0.2454.101 Safari/537.36" "redlug.com"
78.137.38.193 - - [21/Nov/2015:00:12:46 -0800] "GET /+http://redlug.com/logs/access.log HTTP/1.1" 404 73 "http://trcew.ru/carta.htm" "Mozilla/5.0 (Windows NT 5.1; rv:40.0) Gecko/20100101 Firefox/40.0" "redlug.com"
78.137.38.193 - - [21/Nov/2015:00:12:46 -0800] "GET /redlug.com/logs/access.log HTTP/1.1" 404 73 "http://trcew.ru/carta.htm" "Mozilla/5.0 (Windows NT 5.1; rv:40.0) Gecko/20100101 Firefox/40.0" "redlug.com"
78.137.38.193 - - [21/Nov/2015:00:12:46 -0800] "GET /+http://redlug.com/logs/access.log HTTP/1.1" 404 73 "http://trcew.ru/carta.htm" "Mozilla/5.0 (Windows NT 6.3; WOW64) AppleWebKit/537.36 (KHTML, like Gecko) Chrome/45.0.2454.101 Safari/537.36" "redlug.com"
78.137.38.193 - - [21/Nov/2015:00:12:47 -0800] "GET /redlug.com/logs/access.log HTTP/1.1" 404 73 "http://trcew.ru/carta.htm" "Mozilla/5.0 (Windows NT 6.3; WOW64) AppleWebKit/537.36 (KHTML, like Gecko) Chrome/45.0.2454.101 Safari/537.36" "redlug.com"
207.46.13.88 - - [21/Nov/2015:00:13:26 -0800] "GET /robots.txt HTTP/1.1" 200 37 "-" "Mozilla/5.0 (compatible; bingbot/2.0; +http://www.bing.com/bingbot.htm)" "redlug.com"
207.46.13.88 - - [21/Nov/2015:00:15:12 -0800] "GET /robots.txt HTTP/1.1" 200 53 "-" "Mozilla/5.0 (compatible; bingbot/2.0; +http://www.bing.com/bingbot.htm)" "redlug.com"
207.46.13.88 - - [21/Nov/2015:00:15:12 -0800] "GET /LabHist/ComMan.htm HTTP/1.1" 200 2779 "-" "Mozilla/5.0 (compatible; bingbot/2.0; +http://www.bing.com/bingbot.htm)" "redlug.com"
78.137.38.193 - - [21/Nov/2015:00:15:45 -0800] "GET /+http://redlug.com/logs/access.log HTTP/1.1" 404 73 "http://trcew.ru/tnt.htm" "Mozilla/5.0 (Windows NT 6.1; WOW64) AppleWebKit/537.36 (KHTML, like Gecko) Chrome/45.0.2454.85 Safari/537.36 OPR/32.0.1948.25" "redlug.com"
78.137.38.193 - - [21/Nov/2015:00:15:46 -0800] "GET /+http://redlug.com/logs/access.log HTTP/1.1" 404 73 "http://trcew.ru/tnt.htm" "Mozilla/5.0 (Windows NT 5.1) AppleWebKit/537.36 (KHTML, like Gecko) Chrome/45.0.2454.101 Safari/537.36" "redlug.com"
78.137.38.193 - - [21/Nov/2015:00:15:46 -0800] "GET /redlug.com/logs/access.log HTTP/1.1" 404 73 "http://trcew.ru/tnt.htm" "Mozilla/5.0 (Windows NT 5.1) AppleWebKit/537.36 (KHTML, like Gecko) Chrome/45.0.2454.101 Safari/537.36" "redlug.com"
78.137.38.193 - - [21/Nov/2015:00:15:46 -0800] "GET /+http://redlug.com/logs/access.log HTTP/1.1" 404 73 "http://trcew.ru/tnt.htm" "Mozilla/5.0 (Windows NT 5.1; rv:40.0) Gecko/20100101 Firefox/40.0" "redlug.com"
78.137.38.193 - - [21/Nov/2015:00:15:47 -0800] "GET /redlug.com/logs/access.log HTTP/1.1" 404 73 "http://trcew.ru/tnt.htm" "Mozilla/5.0 (Windows NT 5.1; rv:40.0) Gecko/20100101 Firefox/40.0" "redlug.com"
78.137.38.193 - - [21/Nov/2015:00:15:47 -0800] "GET /+http://redlug.com/logs/access.log HTTP/1.1" 404 73 "http://trcew.ru/tnt.htm" "Mozilla/5.0 (Windows NT 10.0; WOW64; rv:40.0) Gecko/20100101 Firefox/40.0" "redlug.com"
123.28.31.25 - - [21/Nov/2015:00:15:47 -0800] "POST /123321.php HTTP/1.1" 404 73 "-" "gSOAP/2.7" "redlug.com"
78.137.38.193 - - [21/Nov/2015:00:15:48 -0800] "GET /redlug.com/logs/access.log HTTP/1.1" 404 73 "http://trcew.ru/tnt.htm" "Mozilla/5.0 (Windows NT 10.0; WOW64; rv:40.0) Gecko/20100101 Firefox/40.0" "redlug.com"
78.137.38.193 - - [21/Nov/2015:00:15:48 -0800] "GET /+http://redlug.com/logs/access.log HTTP/1.1" 404 73 "http://trcew.ru/tnt.htm" "Mozilla/5.0 (Windows NT 5.1; rv:40.0) Gecko/20100101 Firefox/40.0" "redlug.com"
78.137.38.193 - - [21/Nov/2015:00:15:48 -0800] "GET /redlug.com/logs/access.log HTTP/1.1" 404 73 "http://trcew.ru/tnt.htm" "Mozilla/5.0 (Windows NT 5.1; rv:40.0) Gecko/20100101 Firefox/40.0" "redlug.com"
151.80.31.144 - - [21/Nov/2015:00:17:56 -0800] "GET /Archive/1974UWC.htm HTTP/1.1" 200 6787 "-" "Mozilla/5.0 (compatible; AhrefsBot/5.0; +http://ahrefs.com/robot/)" "www.redlug.com"
78.137.38.193 - - [21/Nov/2015:00:18:47 -0800] "GET /+http://redlug.com/logs/access.log HTTP/1.1" 404 73 "http://trcew.ru/gorod.htm" "Mozilla/5.0 (Windows NT 6.1; WOW64) AppleWebKit/537.36 (KHTML, like Gecko) Chrome/43.0.2357.124 YaBrowser/15.7.2357.2877 Safari/537.36" "redlug.com"
78.137.38.193 - - [21/Nov/2015:00:18:48 -0800] "GET /+http://redlug.com/logs/access.log HTTP/1.1" 404 73 "http://trcew.ru/gorod.htm" "Mozilla/5.0 (Windows NT 6.1; WOW64) AppleWebKit/537.36 (KHTML, like Gecko) Chrome/43.0.2357.124 YaBrowser/15.7.2357.2877 Safari/537.36" "redlug.com"
78.137.38.193 - - [21/Nov/2015:00:18:59 -0800] "GET /+http://redlug.com/logs/access.log HTTP/1.1" 404 73 "http://trcew.ru/gorod.htm" "Mozilla/5.0 (Windows NT 6.1; WOW64) AppleWebKit/537.36 (KHTML, like Gecko) Chrome/45.0.2454.99 Safari/537.36" "redlug.com"
78.137.38.193 - - [21/Nov/2015:00:18:59 -0800] "GET /redlug.com/logs/access.log HTTP/1.1" 404 73 "http://trcew.ru/gorod.htm" "Mozilla/5.0 (Windows NT 6.1; WOW64) AppleWebKit/537.36 (KHTML, like Gecko) Chrome/45.0.2454.99 Safari/537.36" "redlug.com"
78.137.38.193 - - [21/Nov/2015:00:19:00 -0800] "GET /+http://redlug.com/logs/access.log HTTP/1.1" 404 73 "http://trcew.ru/gorod.htm" "Mozilla/5.0 (Windows NT 6.1; WOW64) AppleWebKit/537.36 (KHTML, like Gecko) Chrome/43.0.2357.124 YaBrowser/15.7.2357.2877 Safari/537.36" "redlug.com"
78.137.38.193 - - [21/Nov/2015:00:19:00 -0800] "GET /redlug.com/logs/access.log HTTP/1.1" 404 73 "http://trcew.ru/gorod.htm" "Mozilla/5.0 (Windows NT 6.1; WOW64) AppleWebKit/537.36 (KHTML, like Gecko) Chrome/43.0.2357.124 YaBrowser/15.7.2357.2877 Safari/537.36" "redlug.com"
78.137.38.193 - - [21/Nov/2015:00:19:00 -0800] "GET /+http://redlug.com/logs/access.log HTTP/1.1" 404 73 "http://trcew.ru/gorod.htm" "Mozilla/5.0 (Windows NT 10.0; WOW64) AppleWebKit/537.36 (KHTML, like Gecko) Chrome/45.0.2454.99 Safari/537.36" "redlug.com"
78.137.38.193 - - [21/Nov/2015:00:19:01 -0800] "GET /redlug.com/logs/access.log HTTP/1.1" 404 73 "http://trcew.ru/gorod.htm" "Mozilla/5.0 (Windows NT 10.0; WOW64) AppleWebKit/537.36 (KHTML, like Gecko) Chrome/45.0.2454.99 Safari/537.36" "redlug.com"
31.184.238.87 - - [21/Nov/2015:00:19:46 -0800] "GET /logs/access.log HTTP/1.1" 200 441685 "http://13fenofibrate.over-blog.com/2014/04/fenofibrate-160mg-order-buy-fenofibrate-nj.html" "Opera/9.80 (Windows NT 6.1; WOW64) Presto/2.12.388 Version/12.16" "redlug.com"
40.77.167.21 - - [21/Nov/2015:00:20:34 -0800] "GET /logs/access_140905.log HTTP/1.1" 200 3645329 "-" "Mozilla/5.0 (compatible; bingbot/2.0; +http://www.bing.com/bingbot.htm)" "redlug.com"
123.28.31.25 - - [21/Nov/2015:00:20:47 -0800] "POST /123321.php HTTP/1.1" 404 73 "-" "gSOAP/2.7" "redlug.com"
78.137.38.193 - - [21/Nov/2015:00:21:44 -0800] "GET /+http://redlug.com/logs/access.log HTTP/1.1" 404 73 "http://trcew.ru/about.htm" "Mozilla/5.0 (Windows NT 5.1) AppleWebKit/537.36 (KHTML, like Gecko) Chrome/45.0.2454.101 Safari/537.36" "redlug.com"
78.137.38.193 - - [21/Nov/2015:00:21:44 -0800] "GET /+http://redlug.com/logs/access.log HTTP/1.1" 404 73 "http://trcew.ru/about.htm" "Mozilla/5.0 (Windows NT 6.3; WOW64) AppleWebKit/537.36 (KHTML, like Gecko) Chrome/45.0.2454.99 Safari/537.36" "redlug.com"
78.137.38.193 - - [21/Nov/2015:00:21:45 -0800] "GET /redlug.com/logs/access.log HTTP/1.1" 404 73 "http://trcew.ru/about.htm" "Mozilla/5.0 (Windows NT 6.3; WOW64) AppleWebKit/537.36 (KHTML, like Gecko) Chrome/45.0.2454.99 Safari/537.36" "redlug.com"
78.137.38.193 - - [21/Nov/2015:00:21:45 -0800] "GET /+http://redlug.com/logs/access.log HTTP/1.1" 404 73 "http://trcew.ru/about.htm" "Mozilla/5.0 (Windows NT 5.1; rv:40.0) Gecko/20100101 Firefox/40.0" "redlug.com"
78.137.38.193 - - [21/Nov/2015:00:21:45 -0800] "GET /redlug.com/logs/access.log HTTP/1.1" 404 73 "http://trcew.ru/about.htm" "Mozilla/5.0 (Windows NT 5.1; rv:40.0) Gecko/20100101 Firefox/40.0" "redlug.com"
180.76.15.149 - - [21/Nov/2015:00:21:52 -0800] "GET /cwi/ HTTP/1.1" 200 1671 "-" "Mozilla/5.0 (compatible; Baiduspider/2.0; +http://www.baidu.com/search/spider.html)" "www.redlug.com"
78.137.38.193 - - [21/Nov/2015:00:21:56 -0800] "GET /+http://redlug.com/logs/access.log HTTP/1.1" 404 73 "http://trcew.ru/about.htm" "Mozilla/5.0 (Windows NT 6.1) AppleWebKit/537.36 (KHTML, like Gecko) Chrome/45.0.2454.101 Safari/537.36" "redlug.com"
78.137.38.193 - - [21/Nov/2015:00:21:56 -0800] "GET /redlug.com/logs/access.log HTTP/1.1" 404 73 "http://trcew.ru/about.htm" "Mozilla/5.0 (Windows NT 6.1) AppleWebKit/537.36 (KHTML, like Gecko) Chrome/45.0.2454.101 Safari/537.36" "redlug.com"
31.184.238.87 - - [21/Nov/2015:00:22:10 -0800] "GET /logs/access.log HTTP/1.1" 200 444101 "http://www.purevolume.com/ordertetracyclinecheap" "Mozilla/5.0 (Windows NT 6.1; WOW64) AppleWebKit/537.36 (KHTML, like Gecko) Chrome/32.0.1700.102 Safari/537.36 OPR/19.0.1326.59" "redlug.com"
78.137.38.193 - - [21/Nov/2015:00:22:40 -0800] "GET /+http://redlug.com/logs/access.log HTTP/1.1" 404 73 "http://trcew.ru/about.htm" "Mozilla/5.0 (Windows NT 6.1; WOW64; rv:40.0) Gecko/20100101 Firefox/40.0" "redlug.com"
151.80.31.144 - - [21/Nov/2015:00:23:42 -0800] "GET /Archive/1993NQu.htm HTTP/1.1" 200 19175 "-" "Mozilla/5.0 (compatible; AhrefsBot/5.0; +http://ahrefs.com/robot/)" "redlug.com"
212.92.232.129 - - [21/Nov/2015:00:25:22 -0800] "GET /logs/access_130930.log HTTP/1.1" 404 73 "http://celadrincaps.soup.io/" "Mozilla/5.0 (Windows NT 6.1; WOW64; rv:17.0) Gecko/17.0 Firefox/17.0" "redlug.com"
212.92.232.129 - - [21/Nov/2015:00:25:24 -0800] "GET /logs/access_130930.log HTTP/1.1" 404 73 "http://celadrincaps.soup.io/" "Mozilla/5.0 (Windows NT 6.1; WOW64; rv:16.0) Gecko/20100101 Firefox/16.0" "redlug.com"
212.92.232.129 - - [21/Nov/2015:00:25:26 -0800] "GET /logs/access_130930.log HTTP/1.1" 404 73 "http://celadrincaps.soup.io/" "Opera/9.80 (Windows NT 6.1; Win64; x64; Edition Yx) Presto/2.12.388 Version/12.10" "redlug.com"
123.28.31.25 - - [21/Nov/2015:00:25:47 -0800] "POST /123321.php HTTP/1.1" 404 73 "-" "gSOAP/2.7" "redlug.com"
192.126.186.172 - - [21/Nov/2015:00:28:25 -0800] "GET /logs/access.log HTTP/1.1" 200 26160 "http://redlug.com/" "Mozilla/5.0 (Windows NT 6.3; WOW64; rv:35.0) Gecko/20100101 Firefox/35.0" "redlug.com"
192.126.186.172 - - [21/Nov/2015:00:28:29 -0800] "GET /wp-login.php?action=register HTTP/1.1" 404 88 "http://redlug.com/" "Opera/9.80 (Windows NT 6.2; Win64; x64) Presto/2.12.388 Version/12.17" "redlug.com"
192.126.186.172 - - [21/Nov/2015:00:28:29 -0800] "GET /wp-login.php?action=register HTTP/1.1" 404 88 "http://redlug.com/wp-login.php?action=register" "Opera/9.80 (Windows NT 6.2; Win64; x64) Presto/2.12.388 Version/12.17" "redlug.com"
151.80.31.144 - - [21/Nov/2015:00:30:42 -0800] "GET /Documents/Ali.htm HTTP/1.1" 200 19746 "-" "Mozilla/5.0 (compatible; AhrefsBot/5.0; +http://ahrefs.com/robot/)" "redlug.com"
123.28.31.25 - - [21/Nov/2015:00:30:46 -0800] "POST /123321.php HTTP/1.1" 404 73 "-" "gSOAP/2.7" "redlug.com"
104.223.29.148 - - [21/Nov/2015:00:33:02 -0800] "GET /logs/access_140815.log HTTP/1.1" 200 197949 "http://redlug.com/" "Mozilla/5.0 (Windows NT 6.3; WOW64; rv:35.0) Gecko/20100101 Firefox/35.0" "redlug.com"
104.223.29.148 - - [21/Nov/2015:00:33:09 -0800] "GET /oldIndex.html HTTP/1.1" 200 2380 "http://redlug.com/logs/access_140815.log" "Mozilla/5.0 (Windows NT 6.3; WOW64; rv:35.0) Gecko/20100101 Firefox/35.0" "redlug.com"
31.184.238.87 - - [21/Nov/2015:00:33:30 -0800] "GET /logs/access.log HTTP/1.1" 200 446892 "http://gravatar.com/buyfinasteride1mgquickshipping" "Mozilla/5.0 (Windows NT 6.1; WOW64) AppleWebKit/537.36 (KHTML, like Gecko) Chrome/33.0.1750.146 Safari/537.36" "redlug.com"
123.28.31.25 - - [21/Nov/2015:00:35:46 -0800] "POST /123321.php HTTP/1.1" 404 73 "-" "gSOAP/2.7" "redlug.com"
31.184.238.87 - - [21/Nov/2015:00:35:56 -0800] "GET /logs/access.log HTTP/1.1" 200 447270 "http://www.theknot.com/wedding/stendra-and-price" "Mozilla/5.0 (Windows NT 5.1) AppleWebKit/537.36 (KHTML, like Gecko) Chrome/33.0.1750.146 Safari/537.36" "redlug.com"
151.80.31.144 - - [21/Nov/2015:00:39:32 -0800] "GET /Socialist/0511Migrants.htm HTTP/1.1" 200 1810 "-" "Mozilla/5.0 (compatible; AhrefsBot/5.0; +http://ahrefs.com/robot/)" "www.redlug.com"
123.28.31.25 - - [21/Nov/2015:00:40:46 -0800] "POST /123321.php HTTP/1.1" 404 73 "-" "gSOAP/2.7" "redlug.com"
151.80.31.144 - - [21/Nov/2015:00:42:53 -0800] "GET /paperarticles/nov01-sect.htm HTTP/1.1" 200 1737 "-" "Mozilla/5.0 (compatible; AhrefsBot/5.0; +http://ahrefs.com/robot/)" "www.redlug.com"
123.28.31.25 - - [21/Nov/2015:00:45:46 -0800] "POST /123321.php HTTP/1.1" 404 73 "-" "gSOAP/2.7" "redlug.com"
31.184.238.87 - - [21/Nov/2015:00:47:19 -0800] "GET /logs/access.log HTTP/1.1" 200 448129 "http://buy-sotalol-40mg-online.soup.io" "Opera/9.80 (Windows NT 5.1) Presto/2.12.388 Version/12.16" "redlug.com"
91.116.246.72 - - [21/Nov/2015:00:48:49 -0800] "GET /logs/access.log HTTP/1.1" 200 448333 "-" "Mozilla/5.0 (X11; Linux x86_64; rv:2.0b8pre) Gecko/20101011 Firefox/4.0b8pre" "redlug.com"
31.184.238.87 - - [21/Nov/2015:00:49:45 -0800] "GET /logs/access.log HTTP/1.1" 200 448519 "http://parlodel-buy-without-prescription.soup.io" "Mozilla/5.0 (Windows NT 6.1) AppleWebKit/537.36 (KHTML, like Gecko) Chrome/30.0.1599.12785 YaBrowser/13.12.1599.12785 Safari/537.36" "redlug.com"
123.28.31.25 - - [21/Nov/2015:00:50:46 -0800] "POST /123321.php HTTP/1.1" 404 73 "-" "gSOAP/2.7" "redlug.com"
