78.137.38.193 - - [20/Nov/2015:20:52:16 -0800] "GET /redlug.com/logs/access.log HTTP/1.1" 404 73 "http://my.baltictobacco.ru/sayt-tipa-chat-ruletka.html" "Mozilla/5.0 (Windows NT 10.0; WOW64; rv:41.0) Gecko/20100101 Firefox/41.0" "redlug.com"
78.137.38.193 - - [20/Nov/2015:20:52:16 -0800] "GET /+http://redlug.com/logs/access.log HTTP/1.1" 404 73 "http://my.baltictobacco.ru/sayt-tipa-chat-ruletka.html" "Mozilla/5.0 (Windows NT 10.0; WOW64) AppleWebKit/537.36 (KHTML, like Gecko) Chrome/45.0.2454.99 Safari/537.36" "redlug.com"
78.137.38.193 - - [20/Nov/2015:20:52:17 -0800] "GET /redlug.com/logs/access.log HTTP/1.1" 404 73 "http://my.baltictobacco.ru/sayt-tipa-chat-ruletka.html" "Mozilla/5.0 (Windows NT 10.0; WOW64) AppleWebKit/537.36 (KHTML, like Gecko) Chrome/45.0.2454.99 Safari/537.36" "redlug.com"
31.184.238.87 - - [20/Nov/2015:20:54:30 -0800] "GET /logs/access.log HTTP/1.1" 200 250280 "http://cheapalfacalcidolbuyuk.page.tl" "Mozilla/5.0 (Windows NT 5.1; rv:27.0) Gecko/20100101 Firefox/27.0" "redlug.com"
78.137.38.193 - - [20/Nov/2015:20:55:03 -0800] "GET /+http://redlug.com/logs/access.log HTTP/1.1" 404 73 "http://my.baltictobacco.ru/jocuri-sex.html" "Mozilla/5.0 (Windows NT 10.0; WOW64; rv:40.0) Gecko/20100101 Firefox/40.0" "redlug.com"
78.137.38.193 - - [20/Nov/2015:20:55:03 -0800] "GET /+http://redlug.com/logs/access.log HTTP/1.1" 404 73 "http://my.baltictobacco.ru/jocuri-sex.html" "Mozilla/5.0 (Windows NT 6.1; WOW64) AppleWebKit/537.36 (KHTML, like Gecko) Chrome/45.0.2454.93 Safari/537.36" "redlug.com"
78.137.38.193 - - [20/Nov/2015:20:55:04 -0800] "GET /redlug.com/logs/access.log HTTP/1.1" 404 73 "http://my.baltictobacco.ru/jocuri-sex.html" "Mozilla/5.0 (Windows NT 6.1; WOW64) AppleWebKit/537.36 (KHTML, like Gecko) Chrome/45.0.2454.93 Safari/537.36" "redlug.com"
78.137.38.193 - - [20/Nov/2015:20:55:04 -0800] "GET /+http://redlug.com/logs/access.log HTTP/1.1" 404 73 "http://my.baltictobacco.ru/jocuri-sex.html" "Mozilla/5.0 (Windows NT 6.3; WOW64) AppleWebKit/537.36 (KHTML, like Gecko) Chrome/45.0.2454.101 Safari/537.36" "redlug.com"
78.137.38.193 - - [20/Nov/2015:20:55:04 -0800] "GET /redlug.com/logs/access.log HTTP/1.1" 404 73 "http://my.baltictobacco.ru/jocuri-sex.html" "Mozilla/5.0 (Windows NT 6.3; WOW64) AppleWebKit/537.36 (KHTML, like Gecko) Chrome/45.0.2454.101 Safari/537.36" "redlug.com"
78.137.38.193 - - [20/Nov/2015:20:55:05 -0800] "GET /+http://redlug.com/logs/access.log HTTP/1.1" 404 73 "http://my.baltictobacco.ru/jocuri-sex.html" "Mozilla/5.0 (Windows NT 6.1) AppleWebKit/537.36 (KHTML, like Gecko) Chrome/45.0.2454.101 Safari/537.36" "redlug.com"
78.137.38.193 - - [20/Nov/2015:20:55:05 -0800] "GET /redlug.com/logs/access.log HTTP/1.1" 404 73 "http://my.baltictobacco.ru/jocuri-sex.html" "Mozilla/5.0 (Windows NT 6.1) AppleWebKit/537.36 (KHTML, like Gecko) Chrome/45.0.2454.101 Safari/537.36" "redlug.com"
78.137.38.193 - - [20/Nov/2015:20:55:06 -0800] "GET /+http://redlug.com/logs/access.log HTTP/1.1" 404 73 "http://my.baltictobacco.ru/jocuri-sex.html" "Mozilla/5.0 (Windows NT 10.0; WOW64) AppleWebKit/537.36 (KHTML, like Gecko) Chrome/45.0.2454.101 Safari/537.36" "redlug.com"
78.137.38.193 - - [20/Nov/2015:20:55:06 -0800] "GET /redlug.com/logs/access.log HTTP/1.1" 404 73 "http://my.baltictobacco.ru/jocuri-sex.html" "Mozilla/5.0 (Windows NT 10.0; WOW64) AppleWebKit/537.36 (KHTML, like Gecko) Chrome/45.0.2454.101 Safari/537.36" "redlug.com"
113.170.74.96 - - [20/Nov/2015:20:56:46 -0800] "POST /123321.php HTTP/1.1" 404 73 "-" "gSOAP/2.7" "redlug.com"
31.184.238.87 - - [20/Nov/2015:20:57:02 -0800] "GET /logs/access.log HTTP/1.1" 200 252995 "http://fgzyvox.forumcircle.com" "Mozilla/5.0 (Windows NT 6.3; WOW64; rv:26.0) Gecko/20100101 Firefox/26.0" "redlug.com"
195.154.240.184 - - [20/Nov/2015:20:57:56 -0800] "GET /wp-login.php HTTP/1.1" 404 73 "http://redlug.com/wp-login.php" "Mozilla/4.0 (compatible; MSIE 9.0; Windows NT 6.1; 125LA; .NET CLR 2.0.50727; .NET CLR 3.0.04506.648; .NET CLR 3.5.21022)" "redlug.com"
195.154.240.184 - - [20/Nov/2015:20:57:56 -0800] "GET /wp-login.php HTTP/1.1" 500 5251 "http://redlug.com/wp-login.php" "Mozilla/4.0 (compatible; MSIE 9.0; Windows NT 6.1; 125LA; .NET CLR 2.0.50727; .NET CLR 3.0.04506.648; .NET CLR 3.5.21022)" "redlug.com"
78.137.38.193 - - [20/Nov/2015:20:57:58 -0800] "GET /+http://redlug.com/logs/access.log HTTP/1.1" 404 73 "http://my.baltictobacco.ru/index-1-362.html" "Mozilla/5.0 (Windows NT 6.1) AppleWebKit/537.36 (KHTML, like Gecko) Chrome/45.0.2454.101 Safari/537.36" "redlug.com"
78.137.38.193 - - [20/Nov/2015:20:58:08 -0800] "GET /+http://redlug.com/logs/access.log HTTP/1.1" 404 73 "http://my.baltictobacco.ru/index-1-362.html" "Mozilla/5.0 (Windows NT 6.1; WOW64) AppleWebKit/537.36 (KHTML, like Gecko) Chrome/45.0.2454.101 Safari/537.36" "redlug.com"
78.137.38.193 - - [20/Nov/2015:20:58:09 -0800] "GET /redlug.com/logs/access.log HTTP/1.1" 404 73 "http://my.baltictobacco.ru/index-1-362.html" "Mozilla/5.0 (Windows NT 6.1; WOW64) AppleWebKit/537.36 (KHTML, like Gecko) Chrome/45.0.2454.101 Safari/537.36" "redlug.com"
78.137.38.193 - - [20/Nov/2015:20:58:09 -0800] "GET /+http://redlug.com/logs/access.log HTTP/1.1" 404 73 "http://my.baltictobacco.ru/index-1-362.html" "Mozilla/5.0 (Windows NT 6.1; WOW64; rv:40.0) Gecko/20100101 Firefox/40.0" "redlug.com"
78.137.38.193 - - [20/Nov/2015:20:58:10 -0800] "GET /redlug.com/logs/access.log HTTP/1.1" 404 73 "http://my.baltictobacco.ru/index-1-362.html" "Mozilla/5.0 (Windows NT 6.1; WOW64; rv:40.0) Gecko/20100101 Firefox/40.0" "redlug.com"
78.137.38.193 - - [20/Nov/2015:20:58:10 -0800] "GET /+http://redlug.com/logs/access.log HTTP/1.1" 404 73 "http://my.baltictobacco.ru/index-1-362.html" "Mozilla/5.0 (Windows NT 10.0; WOW64) AppleWebKit/537.36 (KHTML, like Gecko) Chrome/45.0.2454.99 Safari/537.36" "redlug.com"
78.137.38.193 - - [20/Nov/2015:20:58:10 -0800] "GET /redlug.com/logs/access.log HTTP/1.1" 404 73 "http://my.baltictobacco.ru/index-1-362.html" "Mozilla/5.0 (Windows NT 10.0; WOW64) AppleWebKit/537.36 (KHTML, like Gecko) Chrome/45.0.2454.99 Safari/537.36" "redlug.com"
78.137.38.193 - - [20/Nov/2015:21:01:11 -0800] "GET /+http://redlug.com/logs/access.log HTTP/1.1" 404 73 "http://my.baltictobacco.ru/video-dlya-vzroslih-krutoy.html" "Mozilla/5.0 (Windows NT 6.1; WOW64) AppleWebKit/537.36 (KHTML, like Gecko) Chrome/45.0.2454.101 Safari/537.36" "redlug.com"
78.137.38.193 - - [20/Nov/2015:21:01:11 -0800] "GET /+http://redlug.com/logs/access.log HTTP/1.1" 404 73 "http://my.baltictobacco.ru/video-dlya-vzroslih-krutoy.html" "Mozilla/5.0 (Windows NT 10.0; WOW64) AppleWebKit/537.36 (KHTML, like Gecko) Chrome/45.0.2454.99 Safari/537.36" "redlug.com"
78.137.38.193 - - [20/Nov/2015:21:01:12 -0800] "GET /redlug.com/logs/access.log HTTP/1.1" 404 73 "http://my.baltictobacco.ru/video-dlya-vzroslih-krutoy.html" "Mozilla/5.0 (Windows NT 10.0; WOW64) AppleWebKit/537.36 (KHTML, like Gecko) Chrome/45.0.2454.99 Safari/537.36" "redlug.com"
78.137.38.193 - - [20/Nov/2015:21:01:12 -0800] "GET /+http://redlug.com/logs/access.log HTTP/1.1" 404 73 "http://my.baltictobacco.ru/video-dlya-vzroslih-krutoy.html" "Mozilla/5.0 (Windows NT 6.3; WOW64; rv:40.0) Gecko/20100101 Firefox/40.0" "redlug.com"
78.137.38.193 - - [20/Nov/2015:21:01:12 -0800] "GET /redlug.com/logs/access.log HTTP/1.1" 404 73 "http://my.baltictobacco.ru/video-dlya-vzroslih-krutoy.html" "Mozilla/5.0 (Windows NT 6.3; WOW64; rv:40.0) Gecko/20100101 Firefox/40.0" "redlug.com"
78.137.38.193 - - [20/Nov/2015:21:01:23 -0800] "GET /+http://redlug.com/logs/access.log HTTP/1.1" 404 73 "http://my.baltictobacco.ru/video-dlya-vzroslih-krutoy.html" "Mozilla/5.0 (Windows NT 6.1; WOW64) AppleWebKit/537.36 (KHTML, like Gecko) Chrome/45.0.2454.93 Safari/537.36" "redlug.com"
78.137.38.193 - - [20/Nov/2015:21:01:23 -0800] "GET /redlug.com/logs/access.log HTTP/1.1" 404 73 "http://my.baltictobacco.ru/video-dlya-vzroslih-krutoy.html" "Mozilla/5.0 (Windows NT 6.1; WOW64) AppleWebKit/537.36 (KHTML, like Gecko) Chrome/45.0.2454.93 Safari/537.36" "redlug.com"
113.170.74.96 - - [20/Nov/2015:21:01:47 -0800] "POST /123321.php HTTP/1.1" 404 73 "-" "gSOAP/2.7" "redlug.com"
212.92.232.129 - - [20/Nov/2015:21:03:21 -0800] "GET /logs/access_130930.log HTTP/1.1" 404 73 "http://cleocingel.tumblr.com/" "Mozilla/5.0 (Windows NT 6.2) AppleWebKit/537.11 (KHTML, like Gecko) Chrome/23.0.1271.64 Safari/537.11" "redlug.com"
212.92.232.129 - - [20/Nov/2015:21:03:21 -0800] "GET /logs/access_130930.log HTTP/1.1" 404 73 "http://cleocingel.tumblr.com/" "Opera/9.80 (Windows NT 6.1; MRA 6.0 (build 6001)) Presto/2.12.388 Version/12.10" "redlug.com"
212.92.232.129 - - [20/Nov/2015:21:03:22 -0800] "GET /access_130930.log HTTP/1.1" 404 73 "http://cleocingel.tumblr.com/" "Opera/9.80 (Windows NT 6.1; MRA 6.0 (build 6001)) Presto/2.12.388 Version/12.10" "redlug.com"
212.92.232.129 - - [20/Nov/2015:21:03:22 -0800] "GET /logs/access_130930.log HTTP/1.1" 404 73 "http://cleocingel.tumblr.com/" "Opera/9.80 (Windows NT 6.1; U; YB/3.5.1; ru) Presto/2.6.30 Version/10.63" "redlug.com"
212.92.232.129 - - [20/Nov/2015:21:03:23 -0800] "GET /access_130930.log HTTP/1.1" 404 73 "http://cleocingel.tumblr.com/" "Opera/9.80 (Windows NT 6.1; U; YB/3.5.1; ru) Presto/2.6.30 Version/10.63" "redlug.com"
212.92.232.129 - - [20/Nov/2015:21:03:25 -0800] "GET /access_130930.log HTTP/1.1" 404 73 "http://cleocingel.tumblr.com/" "Mozilla/5.0 (Windows; U; Windows NT 6.1; en-US) AppleWebKit/533.4 (KHTML, like Gecko) Iron/5.0.381.0 Chrome/5.0.381 Safari/533.4" "redlug.com"
78.137.38.193 - - [20/Nov/2015:21:04:22 -0800] "GET /+http://redlug.com/logs/access.log HTTP/1.1" 404 73 "http://my.baltictobacco.ru/index-28.html" "Mozilla/5.0 (Windows NT 6.1; WOW64; rv:40.0) Gecko/20100101 Firefox/40.0" "redlug.com"
78.137.38.193 - - [20/Nov/2015:21:04:22 -0800] "GET /+http://redlug.com/logs/access.log HTTP/1.1" 404 73 "http://my.baltictobacco.ru/index-28.html" "Mozilla/5.0 (Windows NT 10.0; WOW64) AppleWebKit/537.36 (KHTML, like Gecko) Chrome/45.0.2454.101 Safari/537.36" "redlug.com"
78.137.38.193 - - [20/Nov/2015:21:04:23 -0800] "GET /redlug.com/logs/access.log HTTP/1.1" 404 73 "http://my.baltictobacco.ru/index-28.html" "Mozilla/5.0 (Windows NT 10.0; WOW64) AppleWebKit/537.36 (KHTML, like Gecko) Chrome/45.0.2454.101 Safari/537.36" "redlug.com"
78.137.38.193 - - [20/Nov/2015:21:04:23 -0800] "GET /+http://redlug.com/logs/access.log HTTP/1.1" 404 73 "http://my.baltictobacco.ru/index-28.html" "Mozilla/5.0 (Windows NT 6.1; WOW64) AppleWebKit/537.36 (KHTML, like Gecko) Chrome/45.0.2454.93 Safari/537.36" "redlug.com"
78.137.38.193 - - [20/Nov/2015:21:04:23 -0800] "GET /redlug.com/logs/access.log HTTP/1.1" 404 73 "http://my.baltictobacco.ru/index-28.html" "Mozilla/5.0 (Windows NT 6.1; WOW64) AppleWebKit/537.36 (KHTML, like Gecko) Chrome/45.0.2454.93 Safari/537.36" "redlug.com"
78.137.38.193 - - [20/Nov/2015:21:04:24 -0800] "GET /+http://redlug.com/logs/access.log HTTP/1.1" 404 73 "http://my.baltictobacco.ru/index-28.html" "Mozilla/5.0 (Windows NT 6.3; WOW64; rv:40.0) Gecko/20100101 Firefox/40.0" "redlug.com"
78.137.38.193 - - [20/Nov/2015:21:04:24 -0800] "GET /redlug.com/logs/access.log HTTP/1.1" 404 73 "http://my.baltictobacco.ru/index-28.html" "Mozilla/5.0 (Windows NT 6.3; WOW64; rv:40.0) Gecko/20100101 Firefox/40.0" "redlug.com"
78.137.38.193 - - [20/Nov/2015:21:04:24 -0800] "GET /+http://redlug.com/logs/access.log HTTP/1.1" 404 73 "http://my.baltictobacco.ru/index-28.html" "Mozilla/5.0 (Windows NT 10.0; WOW64) AppleWebKit/537.36 (KHTML, like Gecko) Chrome/45.0.2454.99 Safari/537.36" "redlug.com"
78.137.38.193 - - [20/Nov/2015:21:04:25 -0800] "GET /redlug.com/logs/access.log HTTP/1.1" 404 73 "http://my.baltictobacco.ru/index-28.html" "Mozilla/5.0 (Windows NT 10.0; WOW64) AppleWebKit/537.36 (KHTML, like Gecko) Chrome/45.0.2454.99 Safari/537.36" "redlug.com"
78.137.38.193 - - [20/Nov/2015:21:07:37 -0800] "GET /+http://redlug.com/logs/access.log HTTP/1.1" 404 73 "http://my.baltictobacco.ru/uzbekskiy-seks-video-skachat.html" "Mozilla/5.0 (Windows NT 6.1; WOW64; rv:40.0) Gecko/20100101 Firefox/40.0" "redlug.com"
78.137.38.193 - - [20/Nov/2015:21:07:37 -0800] "GET /redlug.com/logs/access.log HTTP/1.1" 404 73 "http://my.baltictobacco.ru/uzbekskiy-seks-video-skachat.html" "Mozilla/5.0 (Windows NT 6.1; WOW64; rv:40.0) Gecko/20100101 Firefox/40.0" "redlug.com"
78.137.38.193 - - [20/Nov/2015:21:07:38 -0800] "GET /+http://redlug.com/logs/access.log HTTP/1.1" 404 73 "http://my.baltictobacco.ru/uzbekskiy-seks-video-skachat.html" "Mozilla/5.0 (Windows NT 6.1; WOW64) AppleWebKit/537.36 (KHTML, like Gecko) Chrome/45.0.2454.85 Safari/537.36 OPR/32.0.1948.25" "redlug.com"
31.184.238.87 - - [20/Nov/2015:21:08:12 -0800] "GET /logs/access.log HTTP/1.1" 200 262088 "http://gravatar.com/mentvirsapidinlo" "Opera/9.80 (Windows NT 5.1) Presto/2.12.388 Version/12.16" "redlug.com"
98.138.19.24 - - [20/Nov/2015:21:08:23 -0800] "GET /robots.txt HTTP/1.1" 200 37 "-" "Mozilla/5.0 (compatible; bingbot/2.0; +http://www.bing.com/bingbot.htm)" "redlug.com"
31.184.238.87 - - [20/Nov/2015:21:10:44 -0800] "GET /logs/access.log HTTP/1.1" 200 262461 "http://buycapecitabine.snack.ws" "Mozilla/5.0 (Windows NT 6.2; WOW64) AppleWebKit/537.36 (KHTML, like Gecko) Chrome/32.0.1700.76 Safari/537.36" "redlug.com"
78.137.38.193 - - [20/Nov/2015:21:10:50 -0800] "GET /+http://redlug.com/logs/access.log HTTP/1.1" 404 73 "http://my.baltictobacco.ru/smotret-devushka-konchila-na-veb-kameru.html" "Mozilla/5.0 (Windows NT 6.3; WOW64; rv:40.0) Gecko/20100101 Firefox/40.0" "redlug.com"
78.137.38.193 - - [20/Nov/2015:21:10:50 -0800] "GET /+http://redlug.com/logs/access.log HTTP/1.1" 404 73 "http://my.baltictobacco.ru/smotret-devushka-konchila-na-veb-kameru.html" "Mozilla/5.0 (Windows NT 6.1; WOW64) AppleWebKit/537.36 (KHTML, like Gecko) Chrome/45.0.2454.99 Safari/537.36" "redlug.com"
78.137.38.193 - - [20/Nov/2015:21:10:51 -0800] "GET /redlug.com/logs/access.log HTTP/1.1" 404 73 "http://my.baltictobacco.ru/smotret-devushka-konchila-na-veb-kameru.html" "Mozilla/5.0 (Windows NT 6.1; WOW64) AppleWebKit/537.36 (KHTML, like Gecko) Chrome/45.0.2454.99 Safari/537.36" "redlug.com"
78.137.38.193 - - [20/Nov/2015:21:10:51 -0800] "GET /+http://redlug.com/logs/access.log HTTP/1.1" 404 73 "http://my.baltictobacco.ru/smotret-devushka-konchila-na-veb-kameru.html" "Mozilla/5.0 (Windows NT 5.1; rv:40.0) Gecko/20100101 Firefox/40.0" "redlug.com"
78.137.38.193 - - [20/Nov/2015:21:10:51 -0800] "GET /redlug.com/logs/access.log HTTP/1.1" 404 73 "http://my.baltictobacco.ru/smotret-devushka-konchila-na-veb-kameru.html" "Mozilla/5.0 (Windows NT 5.1; rv:40.0) Gecko/20100101 Firefox/40.0" "redlug.com"
78.137.38.193 - - [20/Nov/2015:21:10:52 -0800] "GET /+http://redlug.com/logs/access.log HTTP/1.1" 404 73 "http://my.baltictobacco.ru/smotret-devushka-konchila-na-veb-kameru.html" "Mozilla/5.0 (Windows NT 6.3; WOW64) AppleWebKit/537.36 (KHTML, like Gecko) Chrome/45.0.2454.99 Safari/537.36" "redlug.com"
78.137.38.193 - - [20/Nov/2015:21:10:52 -0800] "GET /redlug.com/logs/access.log HTTP/1.1" 404 73 "http://my.baltictobacco.ru/smotret-devushka-konchila-na-veb-kameru.html" "Mozilla/5.0 (Windows NT 6.3; WOW64) AppleWebKit/537.36 (KHTML, like Gecko) Chrome/45.0.2454.99 Safari/537.36" "redlug.com"
78.137.38.193 - - [20/Nov/2015:21:10:52 -0800] "GET /+http://redlug.com/logs/access.log HTTP/1.1" 404 73 "http://my.baltictobacco.ru/smotret-devushka-konchila-na-veb-kameru.html" "Mozilla/5.0 (Windows NT 6.3; WOW64; rv:40.0) Gecko/20100101 Firefox/40.0" "redlug.com"
113.170.74.96 - - [20/Nov/2015:21:11:46 -0800] "POST /123321.php HTTP/1.1" 404 73 "-" "gSOAP/2.7" "redlug.com"
46.105.116.58 - - [20/Nov/2015:21:12:38 -0800] "GET /logs/access_150316.log&amp;sa=U&amp;ved=0ahUKEwiK26eRtaDJAhUFfhoKHVkYCMo4MhAWCIwBMBw&amp;usg=AFQjCNFefk3hysLBVShwQMxd5fPr2KqrMA/wp-admin/admin-ajax.php HTTP/1.1" 404 73 "-" "Mozilla/5.0 (Windows; U; Windows NT 6.1; en-US; rv:1.9.2.28) Gecko/20120306 Firefox/3.6.28" "redlug.com"
46.105.116.58 - - [20/Nov/2015:21:12:39 -0800] "POST /logs/access_150316.log&amp;sa=U&amp;ved=0ahUKEwiK26eRtaDJAhUFfhoKHVkYCMo4MhAWCIwBMBw&amp;usg=AFQjCNFefk3hysLBVShwQMxd5fPr2KqrMA/wp-admin/admin-ajax.php HTTP/1.1" 404 73 "-" "Mozilla/5.0 (Windows; U; Windows NT 6.1; en-US; rv:1.9.2.28) Gecko/20120306 Firefox/3.6.28" "redlug.com"
46.105.116.58 - - [20/Nov/2015:21:12:40 -0800] "GET /logs/access_150316.log&amp;sa=U&amp;ved=0ahUKEwiK26eRtaDJAhUFfhoKHVkYCMo4MhAWCIwBMBw&amp;usg=AFQjCNFefk3hysLBVShwQMxd5fPr2KqrMA/ HTTP/1.1" 404 73 "-" "Mozilla/5.0 (Windows; U; Windows NT 6.1; en-US; rv:1.9.2.28) Gecko/20120306 Firefox/3.6.28" "redlug.com"
46.105.116.58 - - [20/Nov/2015:21:12:40 -0800] "GET /logs/access_150316.log&amp;sa=U&amp;ved=0ahUKEwiK26eRtaDJAhUFfhoKHVkYCMo4MhAWCIwBMBw&amp;usg=AFQjCNFefk3hysLBVShwQMxd5fPr2KqrMA/wp-admin/admin-ajax.php?action=revslider_show_image&img=../wp-config.php HTTP/1.1" 404 73 "-" "libwww-perl/5.834" "redlug.com"
5.9.36.66 - - [20/Nov/2015:21:13:08 -0800] "GET /logs/ HTTP/1.1" 200 75725 "-" "Mozilla/4.0 (compatible; MSIE 7.0; Windows NT 7.1; Trident/5.0; .NET CLR 2.0.50727; SLCC2; .NET CLR 3.5.30729; .NET CLR 3.0.30729; Media Center PC 6.0; InfoPath.3; .NET4.0C)" "redlug.com"
5.9.36.66 - - [20/Nov/2015:21:13:11 -0800] "GET /logs/access_151121.log HTTP/1.1" 200 7041503 "-" "Mozilla/4.0 (compatible; MSIE 7.0; Windows NT 7.1; Trident/5.0; .NET CLR 2.0.50727; SLCC2; .NET CLR 3.5.30729; .NET CLR 3.0.30729; Media Center PC 6.0; InfoPath.3; .NET4.0C)" "redlug.com"
78.137.38.193 - - [20/Nov/2015:21:14:12 -0800] "GET /+http://redlug.com/logs/access.log HTTP/1.1" 404 73 "http://my.baltictobacco.ru/index-1-337.html" "Mozilla/5.0 (Windows NT 6.3; WOW64) AppleWebKit/537.36 (KHTML, like Gecko) Chrome/45.0.2454.101 Safari/537.36" "redlug.com"
78.137.38.193 - - [20/Nov/2015:21:14:12 -0800] "GET /+http://redlug.com/logs/access.log HTTP/1.1" 404 73 "http://my.baltictobacco.ru/index-1-337.html" "Mozilla/5.0 (Windows NT 6.1; WOW64) AppleWebKit/537.36 (KHTML, like Gecko) Chrome/45.0.2454.99 Safari/537.36" "redlug.com"
78.137.38.193 - - [20/Nov/2015:21:14:13 -0800] "GET /redlug.com/logs/access.log HTTP/1.1" 404 73 "http://my.baltictobacco.ru/index-1-337.html" "Mozilla/5.0 (Windows NT 6.1; WOW64) AppleWebKit/537.36 (KHTML, like Gecko) Chrome/45.0.2454.99 Safari/537.36" "redlug.com"
78.137.38.193 - - [20/Nov/2015:21:14:13 -0800] "GET /+http://redlug.com/logs/access.log HTTP/1.1" 404 73 "http://my.baltictobacco.ru/index-1-337.html" "Mozilla/5.0 (Windows NT 5.1) AppleWebKit/537.36 (KHTML, like Gecko) Chrome/45.0.2454.101 Safari/537.36" "redlug.com"
78.137.38.193 - - [20/Nov/2015:21:14:13 -0800] "GET /redlug.com/logs/access.log HTTP/1.1" 404 73 "http://my.baltictobacco.ru/index-1-337.html" "Mozilla/5.0 (Windows NT 5.1) AppleWebKit/537.36 (KHTML, like Gecko) Chrome/45.0.2454.101 Safari/537.36" "redlug.com"
78.137.38.193 - - [20/Nov/2015:21:14:14 -0800] "GET /+http://redlug.com/logs/access.log HTTP/1.1" 404 73 "http://my.baltictobacco.ru/index-1-337.html" "Mozilla/5.0 (Windows NT 6.1; WOW64) AppleWebKit/537.36 (KHTML, like Gecko) Chrome/43.0.2357.124 YaBrowser/15.7.2357.2877 Safari/537.36" "redlug.com"
78.137.38.193 - - [20/Nov/2015:21:14:14 -0800] "GET /redlug.com/logs/access.log HTTP/1.1" 404 73 "http://my.baltictobacco.ru/index-1-337.html" "Mozilla/5.0 (Windows NT 6.1; WOW64) AppleWebKit/537.36 (KHTML, like Gecko) Chrome/43.0.2357.124 YaBrowser/15.7.2357.2877 Safari/537.36" "redlug.com"
78.137.38.193 - - [20/Nov/2015:21:14:15 -0800] "GET /+http://redlug.com/logs/access.log HTTP/1.1" 404 73 "http://my.baltictobacco.ru/index-1-337.html" "Mozilla/5.0 (Windows NT 6.1; WOW64) AppleWebKit/537.36 (KHTML, like Gecko) Chrome/45.0.2454.99 Safari/537.36" "redlug.com"
78.137.38.193 - - [20/Nov/2015:21:14:15 -0800] "GET /redlug.com/logs/access.log HTTP/1.1" 404 73 "http://my.baltictobacco.ru/index-1-337.html" "Mozilla/5.0 (Windows NT 6.1; WOW64) AppleWebKit/537.36 (KHTML, like Gecko) Chrome/45.0.2454.99 Safari/537.36" "redlug.com"
157.55.39.23 - - [20/Nov/2015:21:16:14 -0800] "GET /robots.txt HTTP/1.1" 200 37 "-" "Mozilla/5.0 (compatible; bingbot/2.0; +http://www.bing.com/bingbot.htm)" "redlug.com"
113.170.74.96 - - [20/Nov/2015:21:16:47 -0800] "POST /123321.php HTTP/1.1" 404 73 "-" "gSOAP/2.7" "redlug.com"
78.137.38.193 - - [20/Nov/2015:21:17:05 -0800] "GET /+http://redlug.com/logs/access.log HTTP/1.1" 404 73 "http://my.baltictobacco.ru/index-1-605.html" "Mozilla/5.0 (Windows NT 6.1) AppleWebKit/537.36 (KHTML, like Gecko) Chrome/45.0.2454.101 Safari/537.36" "redlug.com"
78.137.38.193 - - [20/Nov/2015:21:17:06 -0800] "GET /+http://redlug.com/logs/access.log HTTP/1.1" 404 73 "http://my.baltictobacco.ru/index-1-605.html" "Mozilla/5.0 (Windows NT 5.1) AppleWebKit/537.36 (KHTML, like Gecko) Chrome/45.0.2454.101 Safari/537.36" "redlug.com"
78.137.38.193 - - [20/Nov/2015:21:17:07 -0800] "GET /+http://redlug.com/logs/access.log HTTP/1.1" 404 73 "http://my.baltictobacco.ru/index-1-605.html" "Mozilla/5.0 (Windows NT 10.0; WOW64) AppleWebKit/537.36 (KHTML, like Gecko) Chrome/45.0.2454.101 Safari/537.36" "redlug.com"
78.137.38.193 - - [20/Nov/2015:21:17:07 -0800] "GET /redlug.com/logs/access.log HTTP/1.1" 404 73 "http://my.baltictobacco.ru/index-1-605.html" "Mozilla/5.0 (Windows NT 10.0; WOW64) AppleWebKit/537.36 (KHTML, like Gecko) Chrome/45.0.2454.101 Safari/537.36" "redlug.com"
78.137.38.193 - - [20/Nov/2015:21:17:07 -0800] "GET /+http://redlug.com/logs/access.log HTTP/1.1" 404 73 "http://my.baltictobacco.ru/index-1-605.html" "Mozilla/5.0 (Windows NT 10.0; WOW64) AppleWebKit/537.36 (KHTML, like Gecko) Chrome/45.0.2454.99 Safari/537.36" "redlug.com"
78.137.38.193 - - [20/Nov/2015:21:17:08 -0800] "GET /redlug.com/logs/access.log HTTP/1.1" 404 73 "http://my.baltictobacco.ru/index-1-605.html" "Mozilla/5.0 (Windows NT 10.0; WOW64) AppleWebKit/537.36 (KHTML, like Gecko) Chrome/45.0.2454.99 Safari/537.36" "redlug.com"
78.137.38.193 - - [20/Nov/2015:21:17:08 -0800] "GET /+http://redlug.com/logs/access.log HTTP/1.1" 404 73 "http://my.baltictobacco.ru/index-1-605.html" "Mozilla/5.0 (Windows NT 10.0; WOW64) AppleWebKit/537.36 (KHTML, like Gecko) Chrome/45.0.2454.99 Safari/537.36" "redlug.com"
78.137.38.193 - - [20/Nov/2015:21:17:09 -0800] "GET /redlug.com/logs/access.log HTTP/1.1" 404 73 "http://my.baltictobacco.ru/index-1-605.html" "Mozilla/5.0 (Windows NT 10.0; WOW64) AppleWebKit/537.36 (KHTML, like Gecko) Chrome/45.0.2454.99 Safari/537.36" "redlug.com"
157.55.39.23 - - [20/Nov/2015:21:18:27 -0800] "GET /LabHist/Tressell.htm HTTP/1.1" 200 2114 "-" "Mozilla/5.0 (compatible; bingbot/2.0; +http://www.bing.com/bingbot.htm)" "redlug.com"
208.115.113.86 - - [20/Nov/2015:21:19:34 -0800] "GET /images/220303/?C=S;O=A HTTP/1.1" 200 1194 "-" "Mozilla/5.0 (compatible; DotBot/1.1; http://www.opensiteexplorer.org/dotbot, help@moz.com)" "www.redlug.com"
208.115.113.86 - - [20/Nov/2015:21:19:53 -0800] "GET /SocYouth/KillerKoke.htm HTTP/1.1" 200 4836 "-" "Mozilla/5.0 (compatible; DotBot/1.1; http://www.opensiteexplorer.org/dotbot, help@moz.com)" "www.redlug.com"
208.115.113.86 - - [20/Nov/2015:21:19:53 -0800] "GET /Leaflets/2003/?C=N;O=D HTTP/1.1" 200 2464 "-" "Mozilla/5.0 (compatible; DotBot/1.1; http://www.opensiteexplorer.org/dotbot, help@moz.com)" "www.redlug.com"
78.137.38.193 - - [20/Nov/2015:21:20:02 -0800] "GET /+http://redlug.com/logs/access.log HTTP/1.1" 404 73 "http://my.baltictobacco.ru/nasiluet-vzrosluy-video.html" "Mozilla/5.0 (Windows NT 6.1; WOW64) AppleWebKit/537.36 (KHTML, like Gecko) Chrome/43.0.2357.124 YaBrowser/15.7.2357.2877 Safari/537.36" "redlug.com"
78.137.38.193 - - [20/Nov/2015:21:20:03 -0800] "GET /+http://redlug.com/logs/access.log HTTP/1.1" 404 73 "http://my.baltictobacco.ru/nasiluet-vzrosluy-video.html" "Mozilla/5.0 (Windows NT 5.1; rv:40.0) Gecko/20100101 Firefox/40.0" "redlug.com"
208.115.113.86 - - [20/Nov/2015:21:19:35 -0800] "GET /tu/Dessian.htm HTTP/1.1" 200 2941 "-" "Mozilla/5.0 (compatible; DotBot/1.1; http://www.opensiteexplorer.org/dotbot, help@moz.com)" "www.redlug.com"
78.46.156.169 - - [20/Nov/2015:21:20:15 -0800] "GET /paperarticles/aug01ATGWU.html HTTP/1.1" 200 6530 "-" "Mozilla/5.0 (Macintosh; Intel Mac OS X 1084) AppleWebKit/536.28.10 (KHTML like Gecko) Version/6.0.3 Safari/536.28.10" "redlug.com"
31.184.238.87 - - [20/Nov/2015:21:21:41 -0800] "GET /logs/access.log HTTP/1.1" 200 273648 "http://orderlabetalolonlinelowprice.soup.io" "Mozilla/5.0 (Windows NT 6.3; WOW64) AppleWebKit/537.36 (KHTML, like Gecko) Chrome/32.0.1700.107 Safari/537.36" "redlug.com"
113.170.74.96 - - [20/Nov/2015:21:21:47 -0800] "POST /123321.php HTTP/1.1" 404 73 "-" "gSOAP/2.7" "redlug.com"
78.137.38.193 - - [20/Nov/2015:21:22:56 -0800] "GET /+http://redlug.com/logs/access.log HTTP/1.1" 404 73 "http://my.baltictobacco.ru/seks-vdeo-retro.html" "Mozilla/5.0 (Windows NT 10.0; WOW64) AppleWebKit/537.36 (KHTML, like Gecko) Chrome/45.0.2454.99 Safari/537.36" "redlug.com"
78.137.38.193 - - [20/Nov/2015:21:22:56 -0800] "GET /+http://redlug.com/logs/access.log HTTP/1.1" 404 73 "http://my.baltictobacco.ru/seks-vdeo-retro.html" "Mozilla/5.0 (Windows NT 10.0; WOW64; rv:40.0) Gecko/20100101 Firefox/40.0" "redlug.com"
78.137.38.193 - - [20/Nov/2015:21:22:57 -0800] "GET /redlug.com/logs/access.log HTTP/1.1" 404 73 "http://my.baltictobacco.ru/seks-vdeo-retro.html" "Mozilla/5.0 (Windows NT 10.0; WOW64; rv:40.0) Gecko/20100101 Firefox/40.0" "redlug.com"
78.137.38.193 - - [20/Nov/2015:21:22:58 -0800] "GET /redlug.com/logs/access.log HTTP/1.1" 404 73 "http://my.baltictobacco.ru/seks-vdeo-retro.html" "Mozilla/5.0 (Windows NT 6.1; WOW64) AppleWebKit/537.36 (KHTML, like Gecko) Chrome/45.0.2454.93 Safari/537.36" "redlug.com"
78.137.38.193 - - [20/Nov/2015:21:22:58 -0800] "GET /+http://redlug.com/logs/access.log HTTP/1.1" 404 73 "http://my.baltictobacco.ru/seks-vdeo-retro.html" "Mozilla/5.0 (Windows NT 6.1; WOW64; rv:40.0) Gecko/20100101 Firefox/40.0" "redlug.com"
78.137.38.193 - - [20/Nov/2015:21:22:59 -0800] "GET /redlug.com/logs/access.log HTTP/1.1" 404 73 "http://my.baltictobacco.ru/seks-vdeo-retro.html" "Mozilla/5.0 (Windows NT 6.1; WOW64; rv:40.0) Gecko/20100101 Firefox/40.0" "redlug.com"
78.137.38.193 - - [20/Nov/2015:21:22:59 -0800] "GET /+http://redlug.com/logs/access.log HTTP/1.1" 404 73 "http://my.baltictobacco.ru/seks-vdeo-retro.html" "Mozilla/5.0 (Windows NT 6.1; WOW64; rv:40.0) Gecko/20100101 Firefox/40.0" "redlug.com"
78.137.38.193 - - [20/Nov/2015:21:22:59 -0800] "GET /redlug.com/logs/access.log HTTP/1.1" 404 73 "http://my.baltictobacco.ru/seks-vdeo-retro.html" "Mozilla/5.0 (Windows NT 6.1; WOW64; rv:40.0) Gecko/20100101 Firefox/40.0" "redlug.com"
31.184.238.87 - - [20/Nov/2015:21:24:17 -0800] "GET /logs/access.log HTTP/1.1" 200 276007 "http://buycyclophosphamidequickshipping.snack.ws" "Mozilla/5.0 (Windows NT 6.1; rv:26.0) Gecko/20100101 Firefox/26.0" "redlug.com"
78.137.38.193 - - [20/Nov/2015:21:25:49 -0800] "GET /+http://redlug.com/logs/access.log HTTP/1.1" 404 73 "http://my.baltictobacco.ru/13-letnie-devushki-seks-video.html" "Mozilla/5.0 (Windows NT 10.0; WOW64; rv:41.0) Gecko/20100101 Firefox/41.0" "redlug.com"
78.137.38.193 - - [20/Nov/2015:21:25:49 -0800] "GET /+http://redlug.com/logs/access.log HTTP/1.1" 404 73 "http://my.baltictobacco.ru/13-letnie-devushki-seks-video.html" "Mozilla/5.0 (Windows NT 10.0; WOW64; rv:41.0) Gecko/20100101 Firefox/41.0" "redlug.com"
78.137.38.193 - - [20/Nov/2015:21:25:50 -0800] "GET /redlug.com/logs/access.log HTTP/1.1" 404 73 "http://my.baltictobacco.ru/13-letnie-devushki-seks-video.html" "Mozilla/5.0 (Windows NT 10.0; WOW64; rv:41.0) Gecko/20100101 Firefox/41.0" "redlug.com"
78.137.38.193 - - [20/Nov/2015:21:26:01 -0800] "GET /+http://redlug.com/logs/access.log HTTP/1.1" 404 73 "http://my.baltictobacco.ru/13-letnie-devushki-seks-video.html" "Mozilla/5.0 (Windows NT 6.1; WOW64) AppleWebKit/537.36 (KHTML, like Gecko) Chrome/45.0.2454.85 Safari/537.36 OPR/32.0.1948.25" "redlug.com"
78.137.38.193 - - [20/Nov/2015:21:26:01 -0800] "GET /redlug.com/logs/access.log HTTP/1.1" 404 73 "http://my.baltictobacco.ru/13-letnie-devushki-seks-video.html" "Mozilla/5.0 (Windows NT 6.1; WOW64) AppleWebKit/537.36 (KHTML, like Gecko) Chrome/45.0.2454.85 Safari/537.36 OPR/32.0.1948.25" "redlug.com"
78.137.38.193 - - [20/Nov/2015:21:26:02 -0800] "GET /+http://redlug.com/logs/access.log HTTP/1.1" 404 73 "http://my.baltictobacco.ru/13-letnie-devushki-seks-video.html" "Mozilla/5.0 (Windows NT 6.3; WOW64) AppleWebKit/537.36 (KHTML, like Gecko) Chrome/45.0.2454.101 Safari/537.36" "redlug.com"
78.137.38.193 - - [20/Nov/2015:21:26:02 -0800] "GET /redlug.com/logs/access.log HTTP/1.1" 404 73 "http://my.baltictobacco.ru/13-letnie-devushki-seks-video.html" "Mozilla/5.0 (Windows NT 6.3; WOW64) AppleWebKit/537.36 (KHTML, like Gecko) Chrome/45.0.2454.101 Safari/537.36" "redlug.com"
113.170.74.96 - - [20/Nov/2015:21:26:48 -0800] "POST /123321.php HTTP/1.1" 404 73 "-" "gSOAP/2.7" "redlug.com"
67.55.84.212 - - [20/Nov/2015:21:28:25 -0800] "GET / HTTP/1.1" 200 9589 "http://www.google.com" "Mozilla/5.0 (X11; Linux x86_64) AppleWebKit/537.36 (KHTML, like Gecko) Chrome/43.0.2357.124 Safari/537.36" "redlug.com"
40.77.167.21 - - [20/Nov/2015:21:28:31 -0800] "GET /robots.txt HTTP/1.1" 200 37 "-" "Mozilla/5.0 (compatible; bingbot/2.0; +http://www.bing.com/bingbot.htm)" "redlug.com"
212.92.232.129 - - [20/Nov/2015:21:28:37 -0800] "GET /logs/access_130930.log HTTP/1.1" 404 73 "http://fincar5.aircus.com/" "Opera/9.80 (Windows NT 6.1; MRA 6.0 (build 6001)) Presto/2.12.388 Version/12.10" "redlug.com"
212.92.232.129 - - [20/Nov/2015:21:28:38 -0800] "GET /logs/access_130930.log HTTP/1.1" 404 73 "http://fincar5.aircus.com/" "Mozilla/5.0 (Windows NT 6.1; WOW64; rv:10.0.2) Gecko/20100101 Firefox/10.0.2" "redlug.com"
212.92.232.129 - - [20/Nov/2015:21:28:38 -0800] "GET /access_130930.log HTTP/1.1" 404 73 "http://fincar5.aircus.com/" "Mozilla/5.0 (Windows NT 6.1; WOW64; rv:10.0.2) Gecko/20100101 Firefox/10.0.2" "redlug.com"
212.92.232.129 - - [20/Nov/2015:21:28:39 -0800] "GET /logs/access_130930.log HTTP/1.1" 404 73 "http://fincar5.aircus.com/" "Mozilla/5.0 (Windows NT 6.1; rv:17.0) Gecko/20100101 Firefox/17.0" "redlug.com"
212.92.232.129 - - [20/Nov/2015:21:28:41 -0800] "GET /access_130930.log HTTP/1.1" 404 73 "http://fincar5.aircus.com/" "Mozilla/5.0 (Windows NT 6.1; rv:17.0) Gecko/20100101 Firefox/17.0" "redlug.com"
212.92.232.129 - - [20/Nov/2015:21:28:42 -0800] "GET /logs/access_130930.log HTTP/1.1" 404 73 "http://fincar5.aircus.com/" "Mozilla/5.0 (Windows NT 6.1; WOW64) AppleWebKit/535.12 (KHTML, like Gecko) Maxthon/3.0 Chrome/18.0.966.0 Safari/535.12" "redlug.com"
212.92.232.129 - - [20/Nov/2015:21:28:44 -0800] "GET /access_130930.log HTTP/1.1" 404 73 "http://fincar5.aircus.com/" "Mozilla/5.0 (Windows NT 6.1; WOW64) AppleWebKit/535.12 (KHTML, like Gecko) Maxthon/3.0 Chrome/18.0.966.0 Safari/535.12" "redlug.com"
78.137.38.193 - - [20/Nov/2015:21:28:44 -0800] "GET /+http://redlug.com/logs/access.log HTTP/1.1" 404 73 "http://my.baltictobacco.ru/obshenie-po-po-vebke-v-chate.html" "Mozilla/5.0 (Windows NT 6.1; WOW64) AppleWebKit/537.36 (KHTML, like Gecko) Chrome/45.0.2454.101 Safari/537.36" "redlug.com"
78.137.38.193 - - [20/Nov/2015:21:28:44 -0800] "GET /+http://redlug.com/logs/access.log HTTP/1.1" 404 73 "http://my.baltictobacco.ru/obshenie-po-po-vebke-v-chate.html" "Mozilla/5.0 (Windows NT 6.3; WOW64) AppleWebKit/537.36 (KHTML, like Gecko) Chrome/45.0.2454.101 Safari/537.36" "redlug.com"
78.137.38.193 - - [20/Nov/2015:21:28:45 -0800] "GET /redlug.com/logs/access.log HTTP/1.1" 404 73 "http://my.baltictobacco.ru/obshenie-po-po-vebke-v-chate.html" "Mozilla/5.0 (Windows NT 6.3; WOW64) AppleWebKit/537.36 (KHTML, like Gecko) Chrome/45.0.2454.101 Safari/537.36" "redlug.com"
78.137.38.193 - - [20/Nov/2015:21:28:45 -0800] "GET /+http://redlug.com/logs/access.log HTTP/1.1" 404 73 "http://my.baltictobacco.ru/obshenie-po-po-vebke-v-chate.html" "Mozilla/5.0 (Windows NT 6.1; WOW64) AppleWebKit/537.36 (KHTML, like Gecko) Chrome/45.0.2454.85 Safari/537.36 OPR/32.0.1948.25" "redlug.com"
78.137.38.193 - - [20/Nov/2015:21:28:46 -0800] "GET /redlug.com/logs/access.log HTTP/1.1" 404 73 "http://my.baltictobacco.ru/obshenie-po-po-vebke-v-chate.html" "Mozilla/5.0 (Windows NT 6.1; WOW64) AppleWebKit/537.36 (KHTML, like Gecko) Chrome/45.0.2454.85 Safari/537.36 OPR/32.0.1948.25" "redlug.com"
78.137.38.193 - - [20/Nov/2015:21:28:56 -0800] "GET /+http://redlug.com/logs/access.log HTTP/1.1" 404 73 "http://my.baltictobacco.ru/obshenie-po-po-vebke-v-chate.html" "Mozilla/5.0 (Windows NT 6.1; WOW64) AppleWebKit/537.36 (KHTML, like Gecko) Chrome/45.0.2454.101 Safari/537.36" "redlug.com"
157.55.39.23 - - [20/Nov/2015:21:29:10 -0800] "GET /robots.txt HTTP/1.1" 200 37 "-" "Mozilla/5.0 (compatible; bingbot/2.0; +http://www.bing.com/bingbot.htm)" "redlug.com"
157.55.39.23 - - [20/Nov/2015:21:30:28 -0800] "GET /socview/0306SCW.htm HTTP/1.1" 200 5296 "-" "Mozilla/5.0 (compatible; bingbot/2.0; +http://www.bing.com/bingbot.htm)" "redlug.com"
207.46.13.158 - - [20/Nov/2015:21:30:58 -0800] "GET /robots.txt HTTP/1.1" 200 37 "-" "Mozilla/5.0 (compatible; bingbot/2.0; +http://www.bing.com/bingbot.htm)" "redlug.com"
78.137.38.193 - - [20/Nov/2015:21:31:40 -0800] "GET /+http://redlug.com/logs/access.log HTTP/1.1" 404 73 "http://my.baltictobacco.ru/zona-filmi-dlya-vzroslih.html" "Mozilla/5.0 (Windows NT 6.1) AppleWebKit/537.36 (KHTML, like Gecko) Chrome/45.0.2454.99 Safari/537.36" "redlug.com"
78.137.38.193 - - [20/Nov/2015:21:31:41 -0800] "GET /+http://redlug.com/logs/access.log HTTP/1.1" 404 73 "http://my.baltictobacco.ru/zona-filmi-dlya-vzroslih.html" "Mozilla/5.0 (Windows NT 10.0; WOW64; rv:40.0) Gecko/20100101 Firefox/40.0" "redlug.com"
78.137.38.193 - - [20/Nov/2015:21:31:41 -0800] "GET /redlug.com/logs/access.log HTTP/1.1" 404 73 "http://my.baltictobacco.ru/zona-filmi-dlya-vzroslih.html" "Mozilla/5.0 (Windows NT 10.0; WOW64; rv:40.0) Gecko/20100101 Firefox/40.0" "redlug.com"
78.137.38.193 - - [20/Nov/2015:21:31:42 -0800] "GET /+http://redlug.com/logs/access.log HTTP/1.1" 404 73 "http://my.baltictobacco.ru/zona-filmi-dlya-vzroslih.html" "Mozilla/5.0 (Windows NT 6.1; WOW64) AppleWebKit/537.36 (KHTML, like Gecko) Chrome/43.0.2357.124 YaBrowser/15.7.2357.2877 Safari/537.36" "redlug.com"
78.137.38.193 - - [20/Nov/2015:21:31:42 -0800] "GET /redlug.com/logs/access.log HTTP/1.1" 404 73 "http://my.baltictobacco.ru/zona-filmi-dlya-vzroslih.html" "Mozilla/5.0 (Windows NT 6.1; WOW64) AppleWebKit/537.36 (KHTML, like Gecko) Chrome/43.0.2357.124 YaBrowser/15.7.2357.2877 Safari/537.36" "redlug.com"
78.137.38.193 - - [20/Nov/2015:21:31:42 -0800] "GET /+http://redlug.com/logs/access.log HTTP/1.1" 404 73 "http://my.baltictobacco.ru/zona-filmi-dlya-vzroslih.html" "Mozilla/5.0 (Windows NT 6.1; WOW64) AppleWebKit/537.36 (KHTML, like Gecko) Chrome/45.0.2454.101 Safari/537.36" "redlug.com"
78.137.38.193 - - [20/Nov/2015:21:31:43 -0800] "GET /redlug.com/logs/access.log HTTP/1.1" 404 73 "http://my.baltictobacco.ru/zona-filmi-dlya-vzroslih.html" "Mozilla/5.0 (Windows NT 6.1; WOW64) AppleWebKit/537.36 (KHTML, like Gecko) Chrome/45.0.2454.101 Safari/537.36" "redlug.com"
78.137.38.193 - - [20/Nov/2015:21:31:43 -0800] "GET /+http://redlug.com/logs/access.log HTTP/1.1" 404 73 "http://my.baltictobacco.ru/zona-filmi-dlya-vzroslih.html" "Mozilla/5.0 (Windows NT 6.3; WOW64; rv:40.0) Gecko/20100101 Firefox/40.0" "redlug.com"
78.137.38.193 - - [20/Nov/2015:21:31:43 -0800] "GET /redlug.com/logs/access.log HTTP/1.1" 404 73 "http://my.baltictobacco.ru/zona-filmi-dlya-vzroslih.html" "Mozilla/5.0 (Windows NT 6.3; WOW64; rv:40.0) Gecko/20100101 Firefox/40.0" "redlug.com"
151.80.31.144 - - [20/Nov/2015:21:32:24 -0800] "GET /NHS/?C=M;O=D HTTP/1.1" 200 451 "-" "Mozilla/5.0 (compatible; AhrefsBot/5.0; +http://ahrefs.com/robot/)" "redlug.com"
78.137.38.193 - - [20/Nov/2015:21:34:35 -0800] "GET /+http://redlug.com/logs/access.log HTTP/1.1" 404 73 "http://my.baltictobacco.ru/skachat-besplatno-porno-mini-roliki-na-telefon.html" "Mozilla/5.0 (Windows NT 6.1; WOW64; rv:40.0) Gecko/20100101 Firefox/40.0" "redlug.com"
78.137.38.193 - - [20/Nov/2015:21:34:35 -0800] "GET /+http://redlug.com/logs/access.log HTTP/1.1" 404 73 "http://my.baltictobacco.ru/skachat-besplatno-porno-mini-roliki-na-telefon.html" "Mozilla/5.0 (Windows NT 10.0; WOW64) AppleWebKit/537.36 (KHTML, like Gecko) Chrome/45.0.2454.101 Safari/537.36" "redlug.com"
78.137.38.193 - - [20/Nov/2015:21:34:36 -0800] "GET /redlug.com/logs/access.log HTTP/1.1" 404 73 "http://my.baltictobacco.ru/skachat-besplatno-porno-mini-roliki-na-telefon.html" "Mozilla/5.0 (Windows NT 10.0; WOW64) AppleWebKit/537.36 (KHTML, like Gecko) Chrome/45.0.2454.101 Safari/537.36" "redlug.com"
78.137.38.193 - - [20/Nov/2015:21:34:36 -0800] "GET /+http://redlug.com/logs/access.log HTTP/1.1" 404 73 "http://my.baltictobacco.ru/skachat-besplatno-porno-mini-roliki-na-telefon.html" "Mozilla/5.0 (Windows NT 6.1; WOW64) AppleWebKit/537.36 (KHTML, like Gecko) Chrome/45.0.2454.101 Safari/537.36" "redlug.com"
78.137.38.193 - - [20/Nov/2015:21:34:37 -0800] "GET /+http://redlug.com/logs/access.log HTTP/1.1" 404 73 "http://my.baltictobacco.ru/skachat-besplatno-porno-mini-roliki-na-telefon.html" "Mozilla/5.0 (Windows NT 6.1; rv:40.0) Gecko/20100101 Firefox/40.0" "redlug.com"
78.137.38.193 - - [20/Nov/2015:21:34:37 -0800] "GET /redlug.com/logs/access.log HTTP/1.1" 404 73 "http://my.baltictobacco.ru/skachat-besplatno-porno-mini-roliki-na-telefon.html" "Mozilla/5.0 (Windows NT 6.1; rv:40.0) Gecko/20100101 Firefox/40.0" "redlug.com"
31.184.238.87 - - [20/Nov/2015:21:35:19 -0800] "GET /logs/access.log HTTP/1.1" 200 286902 "http://buytrileptalonline.soup.io" "Mozilla/5.0 (Windows NT 6.3; WOW64) AppleWebKit/537.36 (KHTML, like Gecko) Chrome/33.0.1750.117 Safari/537.36" "redlug.com"
113.170.74.96 - - [20/Nov/2015:21:36:48 -0800] "POST /123321.php HTTP/1.1" 404 73 "-" "gSOAP/2.7" "redlug.com"
40.77.167.21 - - [20/Nov/2015:21:36:49 -0800] "GET /LabHist/1905Film.htm HTTP/1.1" 200 4148 "-" "Mozilla/5.0 (compatible; bingbot/2.0; +http://www.bing.com/bingbot.htm)" "redlug.com"
78.137.38.193 - - [20/Nov/2015:21:37:32 -0800] "GET /redlug.com/logs/access.log HTTP/1.1" 404 73 "http://my.baltictobacco.ru/www-mature-sex-videos-com.html" "Mozilla/5.0 (Windows NT 5.1; rv:40.0) Gecko/20100101 Firefox/40.0" "redlug.com"
78.137.38.193 - - [20/Nov/2015:21:37:32 -0800] "GET /+http://redlug.com/logs/access.log HTTP/1.1" 404 73 "http://my.baltictobacco.ru/www-mature-sex-videos-com.html" "Mozilla/5.0 (Windows NT 6.3; WOW64) AppleWebKit/537.36 (KHTML, like Gecko) Chrome/45.0.2454.101 Safari/537.36" "redlug.com"
78.137.38.193 - - [20/Nov/2015:21:37:34 -0800] "GET /+http://redlug.com/logs/access.log HTTP/1.1" 404 73 "http://my.baltictobacco.ru/www-mature-sex-videos-com.html" "Mozilla/5.0 (Windows NT 6.1; rv:40.0) Gecko/20100101 Firefox/40.0" "redlug.com"
78.137.38.193 - - [20/Nov/2015:21:37:44 -0800] "GET /+http://redlug.com/logs/access.log HTTP/1.1" 404 73 "http://my.baltictobacco.ru/www-mature-sex-videos-com.html" "Mozilla/5.0 (Windows NT 10.0; WOW64; rv:40.0) Gecko/20100101 Firefox/40.0" "redlug.com"
78.137.38.193 - - [20/Nov/2015:21:37:45 -0800] "GET /redlug.com/logs/access.log HTTP/1.1" 404 73 "http://my.baltictobacco.ru/www-mature-sex-videos-com.html" "Mozilla/5.0 (Windows NT 10.0; WOW64; rv:40.0) Gecko/20100101 Firefox/40.0" "redlug.com"
31.184.238.87 - - [20/Nov/2015:21:37:49 -0800] "GET /logs/access.log HTTP/1.1" 200 288721 "http://www.theknot.com/wedding/online-ponstel" "Mozilla/5.0 (Windows NT 5.1; rv:27.0) Gecko/20100101 Firefox/27.0" "redlug.com"
46.105.116.58 - - [20/Nov/2015:21:39:20 -0800] "GET /logs/access_150316.log&amp;sa=U&amp;ved=0ahUKEwjX2KmUtaDJAhUEfhoKHdnmCNs4MhAWCIwBMBw&amp;usg=AFQjCNFefk3hysLBVShwQMxd5fPr2KqrMA/ HTTP/1.1" 404 73 "-" "Mozilla/5.0 (Windows; U; Windows NT 6.1; en-US; rv:1.9.2.28) Gecko/20120306 Firefox/3.6.28" "redlug.com"
46.105.116.58 - - [20/Nov/2015:21:39:20 -0800] "GET /logs/access_150316.log&amp;sa=U&amp;ved=0ahUKEwjX2KmUtaDJAhUEfhoKHdnmCNs4MhAWCIwBMBw&amp;usg=AFQjCNFefk3hysLBVShwQMxd5fPr2KqrMA/wp-admin/admin-ajax.php?action=revslider_show_image&img=../wp-config.php HTTP/1.1" 404 73 "-" "libwww-perl/5.834" "redlug.com"
78.137.38.193 - - [20/Nov/2015:21:40:29 -0800] "GET /+http://redlug.com/logs/access.log HTTP/1.1" 404 73 "http://my.baltictobacco.ru/skachat-porno-foto-devushek-v-chulkah.html" "Mozilla/5.0 (Windows NT 6.3; WOW64) AppleWebKit/537.36 (KHTML, like Gecko) Chrome/45.0.2454.99 Safari/537.36" "redlug.com"
78.137.38.193 - - [20/Nov/2015:21:40:30 -0800] "GET /redlug.com/logs/access.log HTTP/1.1" 404 73 "http://my.baltictobacco.ru/skachat-porno-foto-devushek-v-chulkah.html" "Mozilla/5.0 (Windows NT 6.3; WOW64) AppleWebKit/537.36 (KHTML, like Gecko) Chrome/45.0.2454.99 Safari/537.36" "redlug.com"
78.137.38.193 - - [20/Nov/2015:21:40:31 -0800] "GET /redlug.com/logs/access.log HTTP/1.1" 404 73 "http://my.baltictobacco.ru/skachat-porno-foto-devushek-v-chulkah.html" "Mozilla/5.0 (Windows NT 6.1; WOW64) AppleWebKit/537.36 (KHTML, like Gecko) Chrome/45.0.2454.85 Safari/537.36 OPR/32.0.1948.25" "redlug.com"
78.137.38.193 - - [20/Nov/2015:21:40:31 -0800] "GET /+http://redlug.com/logs/access.log HTTP/1.1" 404 73 "http://my.baltictobacco.ru/skachat-porno-foto-devushek-v-chulkah.html" "Mozilla/5.0 (Windows NT 6.1) AppleWebKit/537.36 (KHTML, like Gecko) Chrome/45.0.2454.101 Safari/537.36" "redlug.com"
78.137.38.193 - - [20/Nov/2015:21:40:32 -0800] "GET /redlug.com/logs/access.log HTTP/1.1" 404 73 "http://my.baltictobacco.ru/skachat-porno-foto-devushek-v-chulkah.html" "Mozilla/5.0 (Windows NT 6.1) AppleWebKit/537.36 (KHTML, like Gecko) Chrome/45.0.2454.101 Safari/537.36" "redlug.com"
78.137.38.193 - - [20/Nov/2015:21:40:32 -0800] "GET /+http://redlug.com/logs/access.log HTTP/1.1" 404 73 "http://my.baltictobacco.ru/skachat-porno-foto-devushek-v-chulkah.html" "Mozilla/5.0 (Windows NT 6.3; WOW64; rv:40.0) Gecko/20100101 Firefox/40.0" "redlug.com"
78.137.38.193 - - [20/Nov/2015:21:40:33 -0800] "GET /redlug.com/logs/access.log HTTP/1.1" 404 73 "http://my.baltictobacco.ru/skachat-porno-foto-devushek-v-chulkah.html" "Mozilla/5.0 (Windows NT 6.3; WOW64; rv:40.0) Gecko/20100101 Firefox/40.0" "redlug.com"
207.46.13.100 - - [20/Nov/2015:21:40:44 -0800] "GET /robots.txt HTTP/1.1" 200 37 "-" "Mozilla/5.0 (compatible; bingbot/2.0; +http://www.bing.com/bingbot.htm)" "redlug.com"
207.46.13.100 - - [20/Nov/2015:21:41:31 -0800] "GET /cwi.css HTTP/1.1" 404 88 "-" "Mozilla/5.0 (compatible; bingbot/2.0; +http://www.bing.com/bingbot.htm)" "redlug.com"
91.116.246.72 - - [20/Nov/2015:21:41:47 -0800] "GET /logs/access.log HTTP/1.1" 200 291906 "-" "Mozilla/5.0 (X11; Linux x86_64; rv:2.0b8pre) Gecko/20101011 Firefox/4.0b8pre" "redlug.com"
113.170.74.96 - - [20/Nov/2015:21:41:48 -0800] "POST /123321.php HTTP/1.1" 404 73 "-" "gSOAP/2.7" "redlug.com"
78.137.38.193 - - [20/Nov/2015:21:43:26 -0800] "GET /+http://redlug.com/logs/access.log HTTP/1.1" 404 73 "http://my.baltictobacco.ru/anime-seks-igri-dlya-vzroslih.html" "Mozilla/5.0 (Windows NT 6.3; WOW64) AppleWebKit/537.36 (KHTML, like Gecko) Chrome/45.0.2454.101 Safari/537.36" "redlug.com"
78.137.38.193 - - [20/Nov/2015:21:43:26 -0800] "GET /+http://redlug.com/logs/access.log HTTP/1.1" 404 73 "http://my.baltictobacco.ru/anime-seks-igri-dlya-vzroslih.html" "Mozilla/5.0 (Windows NT 6.1; WOW64; rv:41.0) Gecko/20100101 Firefox/41.0" "redlug.com"
78.137.38.193 - - [20/Nov/2015:21:43:27 -0800] "GET /redlug.com/logs/access.log HTTP/1.1" 404 73 "http://my.baltictobacco.ru/anime-seks-igri-dlya-vzroslih.html" "Mozilla/5.0 (Windows NT 6.1; WOW64; rv:41.0) Gecko/20100101 Firefox/41.0" "redlug.com"
78.137.38.193 - - [20/Nov/2015:21:43:27 -0800] "GET /+http://redlug.com/logs/access.log HTTP/1.1" 404 73 "http://my.baltictobacco.ru/anime-seks-igri-dlya-vzroslih.html" "Mozilla/5.0 (Windows NT 6.3; WOW64) AppleWebKit/537.36 (KHTML, like Gecko) Chrome/45.0.2454.101 Safari/537.36" "redlug.com"
78.137.38.193 - - [20/Nov/2015:21:43:27 -0800] "GET /redlug.com/logs/access.log HTTP/1.1" 404 73 "http://my.baltictobacco.ru/anime-seks-igri-dlya-vzroslih.html" "Mozilla/5.0 (Windows NT 6.3; WOW64) AppleWebKit/537.36 (KHTML, like Gecko) Chrome/45.0.2454.101 Safari/537.36" "redlug.com"
78.137.38.193 - - [20/Nov/2015:21:43:28 -0800] "GET /+http://redlug.com/logs/access.log HTTP/1.1" 404 73 "http://my.baltictobacco.ru/anime-seks-igri-dlya-vzroslih.html" "Mozilla/5.0 (Windows NT 10.0; WOW64) AppleWebKit/537.36 (KHTML, like Gecko) Chrome/45.0.2454.101 Safari/537.36" "redlug.com"
78.137.38.193 - - [20/Nov/2015:21:43:28 -0800] "GET /redlug.com/logs/access.log HTTP/1.1" 404 73 "http://my.baltictobacco.ru/anime-seks-igri-dlya-vzroslih.html" "Mozilla/5.0 (Windows NT 10.0; WOW64) AppleWebKit/537.36 (KHTML, like Gecko) Chrome/45.0.2454.101 Safari/537.36" "redlug.com"
78.137.38.193 - - [20/Nov/2015:21:43:28 -0800] "GET /+http://redlug.com/logs/access.log HTTP/1.1" 404 73 "http://my.baltictobacco.ru/anime-seks-igri-dlya-vzroslih.html" "Mozilla/5.0 (Windows NT 6.1; WOW64) AppleWebKit/537.36 (KHTML, like Gecko) Chrome/45.0.2454.93 Safari/537.36" "redlug.com"
78.137.38.193 - - [20/Nov/2015:21:43:29 -0800] "GET /redlug.com/logs/access.log HTTP/1.1" 404 73 "http://my.baltictobacco.ru/anime-seks-igri-dlya-vzroslih.html" "Mozilla/5.0 (Windows NT 6.1; WOW64) AppleWebKit/537.36 (KHTML, like Gecko) Chrome/45.0.2454.93 Safari/537.36" "redlug.com"
207.46.13.100 - - [20/Nov/2015:21:45:16 -0800] "GET /Socialist/0503MigrantsN.htm HTTP/1.1" 200 3498 "-" "Mozilla/5.0 (compatible; bingbot/2.0; +http://www.bing.com/bingbot.htm)" "redlug.com"
207.46.13.100 - - [20/Nov/2015:21:45:16 -0800] "GET /Publications/TTCh5.htm HTTP/1.1" 200 13182 "-" "Mozilla/5.0 (compatible; bingbot/2.0; +http://www.bing.com/bingbot.htm)" "redlug.com"
207.46.13.100 - - [20/Nov/2015:21:45:17 -0800] "GET /LabHist/1913.htm HTTP/1.1" 200 9581 "-" "Mozilla/5.0 (compatible; bingbot/2.0; +http://www.bing.com/bingbot.htm)" "redlug.com"
78.137.38.193 - - [20/Nov/2015:21:46:23 -0800] "GET /+http://redlug.com/logs/access.log HTTP/1.1" 404 73 "http://my.baltictobacco.ru/seks-porno-domashnee-video-skritoy-kameroy.html" "Mozilla/5.0 (Windows NT 6.1; WOW64) AppleWebKit/537.36 (KHTML, like Gecko) Chrome/43.0.2357.124 YaBrowser/15.7.2357.2877 Safari/537.36" "redlug.com"
78.137.38.193 - - [20/Nov/2015:21:46:23 -0800] "GET /+http://redlug.com/logs/access.log HTTP/1.1" 404 73 "http://my.baltictobacco.ru/seks-porno-domashnee-video-skritoy-kameroy.html" "Mozilla/5.0 (Windows NT 6.1; WOW64) AppleWebKit/537.36 (KHTML, like Gecko) Chrome/45.0.2454.99 Safari/537.36" "redlug.com"
78.137.38.193 - - [20/Nov/2015:21:46:27 -0800] "GET /redlug.com/logs/access.log HTTP/1.1" 404 73 "http://my.baltictobacco.ru/seks-porno-domashnee-video-skritoy-kameroy.html" "Mozilla/5.0 (Windows NT 6.1; WOW64) AppleWebKit/537.36 (KHTML, like Gecko) Chrome/45.0.2454.99 Safari/537.36" "redlug.com"
78.137.38.193 - - [20/Nov/2015:21:46:27 -0800] "GET /+http://redlug.com/logs/access.log HTTP/1.1" 404 73 "http://my.baltictobacco.ru/seks-porno-domashnee-video-skritoy-kameroy.html" "Mozilla/5.0 (Windows NT 5.1) AppleWebKit/537.36 (KHTML, like Gecko) Chrome/45.0.2454.101 Safari/537.36" "redlug.com"
78.137.38.193 - - [20/Nov/2015:21:46:27 -0800] "GET /redlug.com/logs/access.log HTTP/1.1" 404 73 "http://my.baltictobacco.ru/seks-porno-domashnee-video-skritoy-kameroy.html" "Mozilla/5.0 (Windows NT 5.1) AppleWebKit/537.36 (KHTML, like Gecko) Chrome/45.0.2454.101 Safari/537.36" "redlug.com"
113.170.74.96 - - [20/Nov/2015:21:46:48 -0800] "POST /123321.php HTTP/1.1" 404 73 "-" "gSOAP/2.7" "redlug.com"
117.177.250.155 - - [20/Nov/2015:21:46:57 -0800] "GET /logs/access_130907.log HTTP/1.1" 404 73 "http://redlug.com/" "Mozilla/5.0 (Windows NT 6.3; WOW64; rv:34.0) Gecko/20100101 Firefox/34.0 AlexaToolbar/alxf-2.21" "redlug.com"
117.177.250.155 - - [20/Nov/2015:21:47:05 -0800] "GET / HTTP/1.1" 200 1272 "http://redlug.com" "Mozilla/5.0 (Windows NT 6.3; WOW64; rv:34.0) Gecko/20100101 Firefox/34.0 AlexaToolbar/alxf-2.21" "redlug.com"
31.184.238.87 - - [20/Nov/2015:21:48:55 -0800] "GET /logs/access.log HTTP/1.1" 200 297373 "http://www.theknot.com/wedding/minocin-order" "Mozilla/5.0 (Windows NT 6.2; WOW64) AppleWebKit/537.36 (KHTML, like Gecko) Chrome/32.0.1700.107 Safari/537.36" "redlug.com"
78.137.38.193 - - [20/Nov/2015:21:49:24 -0800] "GET /+http://redlug.com/logs/access.log HTTP/1.1" 404 73 "http://my.baltictobacco.ru/index-187-4.html" "Mozilla/5.0 (Windows NT 6.1; WOW64) AppleWebKit/537.36 (KHTML, like Gecko) Chrome/43.0.2357.124 YaBrowser/15.7.2357.2877 Safari/537.36" "redlug.com"
78.137.38.193 - - [20/Nov/2015:21:49:24 -0800] "GET /+http://redlug.com/logs/access.log HTTP/1.1" 404 73 "http://my.baltictobacco.ru/index-187-4.html" "Mozilla/5.0 (Windows NT 10.0; WOW64) AppleWebKit/537.36 (KHTML, like Gecko) Chrome/45.0.2454.101 Safari/537.36" "redlug.com"
78.137.38.193 - - [20/Nov/2015:21:49:24 -0800] "GET /redlug.com/logs/access.log HTTP/1.1" 404 73 "http://my.baltictobacco.ru/index-187-4.html" "Mozilla/5.0 (Windows NT 10.0; WOW64) AppleWebKit/537.36 (KHTML, like Gecko) Chrome/45.0.2454.101 Safari/537.36" "redlug.com"
78.137.38.193 - - [20/Nov/2015:21:49:25 -0800] "GET /+http://redlug.com/logs/access.log HTTP/1.1" 404 73 "http://my.baltictobacco.ru/index-187-4.html" "Mozilla/5.0 (Windows NT 6.1; rv:40.0) Gecko/20100101 Firefox/40.0" "redlug.com"
78.137.38.193 - - [20/Nov/2015:21:49:25 -0800] "GET /redlug.com/logs/access.log HTTP/1.1" 404 73 "http://my.baltictobacco.ru/index-187-4.html" "Mozilla/5.0 (Windows NT 6.1; rv:40.0) Gecko/20100101 Firefox/40.0" "redlug.com"
78.137.38.193 - - [20/Nov/2015:21:49:26 -0800] "GET /+http://redlug.com/logs/access.log HTTP/1.1" 404 73 "http://my.baltictobacco.ru/index-187-4.html" "Mozilla/5.0 (Windows NT 6.1; WOW64) AppleWebKit/537.36 (KHTML, like Gecko) Chrome/45.0.2454.85 Safari/537.36 OPR/32.0.1948.25" "redlug.com"
